Archive member included because of file (symbol)

/home/wilywyrm/altera/14.0/nios2eds/bin/gnu/H-x86_64-pc-linux-gnu/bin/../lib/gcc/nios2-elf/4.7.3/../../../../../H-x86_64-pc-linux-gnu/nios2-elf/lib/mno-hw-mul/libc.a(lib_a-printf.o)
                              obj/default/main.o (printf)
/home/wilywyrm/altera/14.0/nios2eds/bin/gnu/H-x86_64-pc-linux-gnu/bin/../lib/gcc/nios2-elf/4.7.3/../../../../../H-x86_64-pc-linux-gnu/nios2-elf/lib/mno-hw-mul/libc.a(lib_a-puts.o)
                              obj/default/main.o (puts)
/home/wilywyrm/altera/14.0/nios2eds/bin/gnu/H-x86_64-pc-linux-gnu/bin/../lib/gcc/nios2-elf/4.7.3/../../../../../H-x86_64-pc-linux-gnu/nios2-elf/lib/mno-hw-mul/libc.a(lib_a-strlen.o)
                              /home/wilywyrm/altera/14.0/nios2eds/bin/gnu/H-x86_64-pc-linux-gnu/bin/../lib/gcc/nios2-elf/4.7.3/../../../../../H-x86_64-pc-linux-gnu/nios2-elf/lib/mno-hw-mul/libc.a(lib_a-puts.o) (strlen)
/home/wilywyrm/altera/14.0/nios2eds/bin/gnu/H-x86_64-pc-linux-gnu/bin/../lib/gcc/nios2-elf/4.7.3/../../../../../H-x86_64-pc-linux-gnu/nios2-elf/lib/mno-hw-mul/libc.a(lib_a-vfprintf.o)
                              /home/wilywyrm/altera/14.0/nios2eds/bin/gnu/H-x86_64-pc-linux-gnu/bin/../lib/gcc/nios2-elf/4.7.3/../../../../../H-x86_64-pc-linux-gnu/nios2-elf/lib/mno-hw-mul/libc.a(lib_a-printf.o) (___vfprintf_internal_r)
/home/wilywyrm/altera/14.0/nios2eds/bin/gnu/H-x86_64-pc-linux-gnu/bin/../lib/gcc/nios2-elf/4.7.3/../../../../../H-x86_64-pc-linux-gnu/nios2-elf/lib/mno-hw-mul/libc.a(lib_a-wsetup.o)
                              /home/wilywyrm/altera/14.0/nios2eds/bin/gnu/H-x86_64-pc-linux-gnu/bin/../lib/gcc/nios2-elf/4.7.3/../../../../../H-x86_64-pc-linux-gnu/nios2-elf/lib/mno-hw-mul/libc.a(lib_a-vfprintf.o) (__swsetup_r)
/home/wilywyrm/altera/14.0/nios2eds/bin/gnu/H-x86_64-pc-linux-gnu/bin/../lib/gcc/nios2-elf/4.7.3/../../../../../H-x86_64-pc-linux-gnu/nios2-elf/lib/mno-hw-mul/libc.a(lib_a-dtoa.o)
                              /home/wilywyrm/altera/14.0/nios2eds/bin/gnu/H-x86_64-pc-linux-gnu/bin/../lib/gcc/nios2-elf/4.7.3/../../../../../H-x86_64-pc-linux-gnu/nios2-elf/lib/mno-hw-mul/libc.a(lib_a-vfprintf.o) (_dtoa_r)
/home/wilywyrm/altera/14.0/nios2eds/bin/gnu/H-x86_64-pc-linux-gnu/bin/../lib/gcc/nios2-elf/4.7.3/../../../../../H-x86_64-pc-linux-gnu/nios2-elf/lib/mno-hw-mul/libc.a(lib_a-fflush.o)
                              /home/wilywyrm/altera/14.0/nios2eds/bin/gnu/H-x86_64-pc-linux-gnu/bin/../lib/gcc/nios2-elf/4.7.3/../../../../../H-x86_64-pc-linux-gnu/nios2-elf/lib/mno-hw-mul/libc.a(lib_a-vfprintf.o) (_fflush_r)
/home/wilywyrm/altera/14.0/nios2eds/bin/gnu/H-x86_64-pc-linux-gnu/bin/../lib/gcc/nios2-elf/4.7.3/../../../../../H-x86_64-pc-linux-gnu/nios2-elf/lib/mno-hw-mul/libc.a(lib_a-findfp.o)
                              /home/wilywyrm/altera/14.0/nios2eds/bin/gnu/H-x86_64-pc-linux-gnu/bin/../lib/gcc/nios2-elf/4.7.3/../../../../../H-x86_64-pc-linux-gnu/nios2-elf/lib/mno-hw-mul/libc.a(lib_a-vfprintf.o) (__sinit)
/home/wilywyrm/altera/14.0/nios2eds/bin/gnu/H-x86_64-pc-linux-gnu/bin/../lib/gcc/nios2-elf/4.7.3/../../../../../H-x86_64-pc-linux-gnu/nios2-elf/lib/mno-hw-mul/libc.a(lib_a-freer.o)
                              /home/wilywyrm/altera/14.0/nios2eds/bin/gnu/H-x86_64-pc-linux-gnu/bin/../lib/gcc/nios2-elf/4.7.3/../../../../../H-x86_64-pc-linux-gnu/nios2-elf/lib/mno-hw-mul/libc.a(lib_a-wsetup.o) (_free_r)
/home/wilywyrm/altera/14.0/nios2eds/bin/gnu/H-x86_64-pc-linux-gnu/bin/../lib/gcc/nios2-elf/4.7.3/../../../../../H-x86_64-pc-linux-gnu/nios2-elf/lib/mno-hw-mul/libc.a(lib_a-fvwrite.o)
                              /home/wilywyrm/altera/14.0/nios2eds/bin/gnu/H-x86_64-pc-linux-gnu/bin/../lib/gcc/nios2-elf/4.7.3/../../../../../H-x86_64-pc-linux-gnu/nios2-elf/lib/mno-hw-mul/libc.a(lib_a-puts.o) (__sfvwrite_r)
/home/wilywyrm/altera/14.0/nios2eds/bin/gnu/H-x86_64-pc-linux-gnu/bin/../lib/gcc/nios2-elf/4.7.3/../../../../../H-x86_64-pc-linux-gnu/nios2-elf/lib/mno-hw-mul/libc.a(lib_a-fwalk.o)
                              /home/wilywyrm/altera/14.0/nios2eds/bin/gnu/H-x86_64-pc-linux-gnu/bin/../lib/gcc/nios2-elf/4.7.3/../../../../../H-x86_64-pc-linux-gnu/nios2-elf/lib/mno-hw-mul/libc.a(lib_a-findfp.o) (_fwalk)
/home/wilywyrm/altera/14.0/nios2eds/bin/gnu/H-x86_64-pc-linux-gnu/bin/../lib/gcc/nios2-elf/4.7.3/../../../../../H-x86_64-pc-linux-gnu/nios2-elf/lib/mno-hw-mul/libc.a(lib_a-impure.o)
                              /home/wilywyrm/altera/14.0/nios2eds/bin/gnu/H-x86_64-pc-linux-gnu/bin/../lib/gcc/nios2-elf/4.7.3/../../../../../H-x86_64-pc-linux-gnu/nios2-elf/lib/mno-hw-mul/libc.a(lib_a-fflush.o) (_global_impure_ptr)
/home/wilywyrm/altera/14.0/nios2eds/bin/gnu/H-x86_64-pc-linux-gnu/bin/../lib/gcc/nios2-elf/4.7.3/../../../../../H-x86_64-pc-linux-gnu/nios2-elf/lib/mno-hw-mul/libc.a(lib_a-locale.o)
[...]
Memory Configuration

Name             Origin             Length             Attributes
reset            0x0000000008000000 0x0000000000000020
sdram            0x0000000008000020 0x0000000007ffffe0
*default*        0x0000000000000000 0xffffffffffffffff

Linker script and memory map

LOAD ../usb_kb_bsp//obj/HAL/src/crt0.o
LOAD obj/default/main.o
LOAD obj/default/usb.o
LOAD /home/wilywyrm/altera/14.0/nios2eds/bin/gnu/H-x86_64-pc-linux-gnu/bin/../lib/gcc/nios2-elf/4.7.3/../../../../../H-x86_64-pc-linux-gnu/nios2-elf/lib/mno-hw-mul/libstdc++.a
LOAD /home/wilywyrm/altera/14.0/nios2eds/bin/gnu/H-x86_64-pc-linux-gnu/bin/../lib/gcc/nios2-elf/4.7.3/../../../../../H-x86_64-pc-linux-gnu/nios2-elf/lib/mno-hw-mul/libm.a
LOAD /home/wilywyrm/altera/14.0/nios2eds/bin/gnu/H-x86_64-pc-linux-gnu/bin/../lib/gcc/nios2-elf/4.7.3/mno-hw-mul/libgcc.a
START GROUP
LOAD /home/wilywyrm/altera/14.0/nios2eds/bin/gnu/H-x86_64-pc-linux-gnu/bin/../lib/gcc/nios2-elf/4.7.3/../../../../../H-x86_64-pc-linux-gnu/nios2-elf/lib/mno-hw-mul/libc.a
LOAD /home/wilywyrm/altera/14.0/nios2eds/bin/gnu/H-x86_64-pc-linux-gnu/bin/../lib/gcc/nios2-elf/4.7.3/mno-hw-mul/libgcc.a
LOAD ../usb_kb_bsp//libhal_bsp.a
END GROUP
LOAD /home/wilywyrm/altera/14.0/nios2eds/bin/gnu/H-x86_64-pc-linux-gnu/bin/../lib/gcc/nios2-elf/4.7.3/mno-hw-mul/libgcc.a
                0x0000000008000000                __alt_mem_sdram = 0x8000000

.entry          0x0000000008000000       0x20
 *(.entry)
 .entry         0x0000000008000000       0x20 ../usb_kb_bsp//obj/HAL/src/crt0.o
                0x0000000008000000                __reset

.exceptions     0x0000000008000020      0x198
                0x0000000008000020                PROVIDE (__ram_exceptions_start, ABSOLUTE (.))
                0x0000000008000020                . = ALIGN (0x20)
 *(.irq)
 *(.exceptions.entry.label)
 .exceptions.entry.label
                0x0000000008000020        0x0 ../usb_kb_bsp//libhal_bsp.a(alt_irq_entry.o)
                0x0000000008000020                alt_irq_entry
 .exceptions.entry.label
                0x0000000008000020        0x0 ../usb_kb_bsp//libhal_bsp.a(alt_exception_entry.o)
                0x0000000008000020                alt_exception
 *(.exceptions.entry.user)
 *(.exceptions.entry.ecc_fatal)
 *(.exceptions.entry)
 .exceptions.entry
                0x0000000008000020       0x54 ../usb_kb_bsp//libhal_bsp.a(alt_exception_entry.o)
 *(.exceptions.irqtest.user)
 *(.exceptions.irqtest)
 .exceptions.irqtest
                0x0000000008000074       0x10 ../usb_kb_bsp//libhal_bsp.a(alt_irq_entry.o)
 *(.exceptions.irqhandler.user)
 *(.exceptions.irqhandler)
 .exceptions.irqhandler
                0x0000000008000084        0x4 ../usb_kb_bsp//libhal_bsp.a(alt_irq_entry.o)
 *(.exceptions.irqreturn.user)
 *(.exceptions.irqreturn)
 .exceptions.irqreturn
                0x0000000008000088        0x4 ../usb_kb_bsp//libhal_bsp.a(alt_irq_entry.o)
 *(.exceptions.notirq.label)
 .exceptions.notirq.label
                0x000000000800008c        0x0 ../usb_kb_bsp//libhal_bsp.a(alt_irq_entry.o)
 *(.exceptions.notirq.user)
 *(.exceptions.notirq)
 .exceptions.notirq
                0x000000000800008c        0x8 ../usb_kb_bsp//libhal_bsp.a(alt_exception_entry.o)
 *(.exceptions.soft.user)
 *(.exceptions.soft)
 *(.exceptions.unknown.user)
 *(.exceptions.unknown)
 .exceptions.unknown
                0x0000000008000094        0x4 ../usb_kb_bsp//libhal_bsp.a(alt_exception_entry.o)
 *(.exceptions.exit.label)
 .exceptions.exit.label
                0x0000000008000098        0x0 ../usb_kb_bsp//libhal_bsp.a(alt_irq_entry.o)
 .exceptions.exit.label
                0x0000000008000098        0x0 ../usb_kb_bsp//libhal_bsp.a(alt_exception_entry.o)
 *(.exceptions.exit.user)
 *(.exceptions.exit)
 .exceptions.exit
                0x0000000008000098       0x54 ../usb_kb_bsp//libhal_bsp.a(alt_exception_entry.o)
 *(.exceptions)
 .exceptions    0x00000000080000ec       0xcc ../usb_kb_bsp//libhal_bsp.a(alt_irq_handler.o)
                0x00000000080000ec                alt_irq_handler
                0x00000000080001b8                PROVIDE (__ram_exceptions_end, ABSOLUTE (.))
                0x0000000008000020                PROVIDE (__flash_exceptions_start, LOADADDR (.exceptions))

.text           0x00000000080001b8     0xddd4
                0x00000000080001b8                PROVIDE (stext, ABSOLUTE (.))
 *(.interp)
 *(.hash)
 *(.dynsym)
 *(.dynstr)
 *(.gnu.version)
 *(.gnu.version_d)
 *(.gnu.version_r)
 *(.rel.init)
 *(.rela.init)
 *(.rel.text .rel.text.* .rel.gnu.linkonce.t.*)
 *(.rela.text .rela.text.* .rela.gnu.linkonce.t.*)
 *(.rel.fini)
 *(.rela.fini)
 *(.rel.rodata .rel.rodata.* .rel.gnu.linkonce.r.*)
 *(.rela.rodata .rela.rodata.* .rela.gnu.linkonce.r.*)
 *(.rel.data .rel.data.* .rel.gnu.linkonce.d.*)
 *(.rela.data .rela.data.* .rela.gnu.linkonce.d.*)
 *(.rel.tdata .rel.tdata.* .rel.gnu.linkonce.td.*)
 *(.rela.tdata .rela.tdata.* .rela.gnu.linkonce.td.*)
 *(.rel.tbss .rel.tbss.* .rel.gnu.linkonce.tb.*)
 *(.rela.tbss .rela.tbss.* .rela.gnu.linkonce.tb.*)
 *(.rel.ctors)
 *(.rela.ctors)
 *(.rel.dtors)
 *(.rela.dtors)
 *(.rel.got)
 *(.rela.got)
 *(.rel.sdata .rel.sdata.* .rel.gnu.linkonce.s.*)
 *(.rela.sdata .rela.sdata.* .rela.gnu.linkonce.s.*)
 *(.rel.sbss .rel.sbss.* .rel.gnu.linkonce.sb.*)
 *(.rela.sbss .rela.sbss.* .rela.gnu.linkonce.sb.*)
 *(.rel.sdata2 .rel.sdata2.* .rel.gnu.linkonce.s2.*)
 *(.rela.sdata2 .rela.sdata2.* .rela.gnu.linkonce.s2.*)
 *(.rel.sbss2 .rel.sbss2.* .rel.gnu.linkonce.sb2.*)
 *(.rela.sbss2 .rela.sbss2.* .rela.gnu.linkonce.sb2.*)
 *(.rel.bss .rel.bss.* .rel.gnu.linkonce.b.*)
 *(.rela.bss .rela.bss.* .rela.gnu.linkonce.b.*)
 *(.rel.plt)
 *(.rela.plt)
 *(.rel.dyn)
 *(.init)
 *(.plt)
 *(.text .stub .text.* .gnu.linkonce.t.*)
 .text          0x00000000080001b8       0x3c ../usb_kb_bsp//obj/HAL/src/crt0.o
                0x00000000080001b8                _start
 .text          0x00000000080001f4      0xd18 obj/default/main.o
                0x00000000080001f4                main
 .text          0x0000000008000f0c     0x1168 obj/default/usb.o
                0x0000000008000f0c                UsbWrite
                0x0000000008000f54                UsbRead
                0x0000000008000f90                UsbSoftReset
                0x000000000800104c                UsbSetAddress
                0x000000000800114c                UsbGetDeviceDesc1
                0x0000000008001294                UsbGetDeviceDesc2
                0x000000000800146c                UsbGetConfigDesc1
                0x00000000080015fc                UsbGetConfigDesc2
                0x0000000008001864                UsbSetConfig
                0x0000000008001964                UsbClassRequest
                0x0000000008001a64                UsbGetHidDesc
                0x0000000008001bac                UsbGetReportDesc
                0x0000000008001eec                UsbWaitTDListDone
                0x0000000008001f70                UsbGetRetryCnt
                0x0000000008001ff8                UsbPrintMem
 .text          0x0000000008002074       0x68 /home/wilywyrm/altera/14.0/nios2eds/bin/gnu/H-x86_64-pc-linux-gnu/bin/../lib/gcc/nios2-elf/4.7.3/../../../../../H-x86_64-pc-linux-gnu/nios2-elf/lib/mno-hw-mul/libc.a(lib_a-printf.o)
                0x0000000008002074                _printf_r
                0x00000000080020a0                printf
 .text          0x00000000080020dc       0x98 /home/wilywyrm/altera/14.0/nios2eds/bin/gnu/H-x86_64-pc-linux-gnu/bin/../lib/gcc/nios2-elf/4.7.3/../../../../../H-x86_64-pc-linux-gnu/nios2-elf/lib/mno-hw-mul/libc.a(lib_a-puts.o)
                0x00000000080020dc                _puts_r
                0x0000000008002160                puts
 .text          0x0000000008002174       0x8c /home/wilywyrm/altera/14.0/nios2eds/bin/gnu/H-x86_64-pc-linux-gnu/bin/../lib/gcc/nios2-elf/4.7.3/../../../../../H-x86_64-pc-linux-gnu/nios2-elf/lib/mno-hw-mul/libc.a(lib_a-strlen.o)
                0x0000000008002174                strlen
 .text          0x0000000008002200     0x1ed4 /home/wilywyrm/altera/14.0/nios2eds/bin/gnu/H-x86_64-pc-linux-gnu/bin/../lib/gcc/nios2-elf/4.7.3/../../../../../H-x86_64-pc-linux-gnu/nios2-elf/lib/mno-hw-mul/libc.a(lib_a-vfprintf.o)
                0x0000000008002234                ___vfprintf_internal_r
                0x00000000080040b0                __vfprintf_internal
 .text          0x00000000080040d4      0x174 /home/wilywyrm/altera/14.0/nios2eds/bin/gnu/H-x86_64-pc-linux-gnu/bin/../lib/gcc/nios2-elf/4.7.3/../../../../../H-x86_64-pc-linux-gnu/nios2-elf/lib/mno-hw-mul/libc.a(lib_a-wsetup.o)
                0x00000000080040d4                __swsetup_r
 .text          0x0000000008004248     0x1858 /home/wilywyrm/altera/14.0/nios2eds/bin/gnu/H-x86_64-pc-linux-gnu/bin/../lib/gcc/nios2-elf/4.7.3/../../../../../H-x86_64-pc-linux-gnu/nios2-elf/lib/mno-hw-mul/libc.a(lib_a-dtoa.o)
                0x0000000008004484                _dtoa_r
 .text          0x0000000008005aa0      0x218 /home/wilywyrm/altera/14.0/nios2eds/bin/gnu/H-x86_64-pc-linux-gnu/bin/../lib/gcc/nios2-elf/4.7.3/../../../../../H-x86_64-pc-linux-gnu/nios2-elf/lib/mno-hw-mul/libc.a(lib_a-fflush.o)
                0x0000000008005aa0                _fflush_r
                0x0000000008005c88                fflush
 .text          0x0000000008005cb8      0x2ec /home/wilywyrm/altera/14.0/nios2eds/bin/gnu/H-x86_64-pc-linux-gnu/bin/../lib/gcc/nios2-elf/4.7.3/../../../../../H-x86_64-pc-linux-gnu/nios2-elf/lib/mno-hw-mul/libc.a(lib_a-findfp.o)
                0x0000000008005cc8                _cleanup_r
                0x0000000008005cd4                __sfmoreglue
                0x0000000008005d4c                _cleanup
                0x0000000008005d5c                __sinit
                0x0000000008005e68                __sfp
                0x0000000008005f64                __sfp_lock_acquire
                0x0000000008005f68                __sfp_lock_release
                0x0000000008005f6c                __sinit_lock_acquire
                0x0000000008005f70                __sinit_lock_release
                0x0000000008005f74                __fp_lock_all
                0x0000000008005f8c                __fp_unlock_all
 .text          0x0000000008005fa4      0x40c /home/wilywyrm/altera/14.0/nios2eds/bin/gnu/H-x86_64-pc-linux-gnu/bin/../lib/gcc/nios2-elf/4.7.3/../../../../../H-x86_64-pc-linux-gnu/nios2-elf/lib/mno-hw-mul/libc.a(lib_a-freer.o)
                0x0000000008005fa4                _malloc_trim_r
                0x00000000080060e0                _free_r
 .text          0x00000000080063b0      0x4e4 /home/wilywyrm/altera/14.0/nios2eds/bin/gnu/H-x86_64-pc-linux-gnu/bin/../lib/gcc/nios2-elf/4.7.3/../../../../../H-x86_64-pc-linux-gnu/nios2-elf/lib/mno-hw-mul/libc.a(lib_a-fvwrite.o)
                0x00000000080063b0                __sfvwrite_r
 .text          0x0000000008006894      0x160 /home/wilywyrm/altera/14.0/nios2eds/bin/gnu/H-x86_64-pc-linux-gnu/bin/../lib/gcc/nios2-elf/4.7.3/../../../../../H-x86_64-pc-linux-gnu/nios2-elf/lib/mno-hw-mul/libc.a(lib_a-fwalk.o)
                0x0000000008006894                _fwalk
                0x000000000800693c                _fwalk_reent
 .text          0x00000000080069f4        0x0 /home/wilywyrm/altera/14.0/nios2eds/bin/gnu/H-x86_64-pc-linux-gnu/bin/../lib/gcc/nios2-elf/4.7.3/../../../../../H-x86_64-pc-linux-gnu/nios2-elf/lib/mno-hw-mul/libc.a(lib_a-impure.o)
 .text          0x00000000080069f4       0xdc /home/wilywyrm/altera/14.0/nios2eds/bin/gnu/H-x86_64-pc-linux-gnu/bin/../lib/gcc/nios2-elf/4.7.3/../../../../../H-x86_64-pc-linux-gnu/nios2-elf/lib/mno-hw-mul/libc.a(lib_a-locale.o)
                0x00000000080069f4                _setlocale_r
                0x0000000008006a90                __locale_charset
                0x0000000008006a9c                _localeconv_r
                0x0000000008006aa8                setlocale
                0x0000000008006ac4                localeconv
 .text          0x0000000008006ad0      0x1a8 /home/wilywyrm/altera/14.0/nios2eds/bin/gnu/H-x86_64-pc-linux-gnu/bin/../lib/gcc/nios2-elf/4.7.3/../../../../../H-x86_64-pc-linux-gnu/nios2-elf/lib/mno-hw-mul/libc.a(lib_a-makebuf.o)
                0x0000000008006ad0                __smakebuf_r
 .text          0x0000000008006c78      0x784 /home/wilywyrm/altera/14.0/nios2eds/bin/gnu/H-x86_64-pc-linux-gnu/bin/../lib/gcc/nios2-elf/4.7.3/../../../../../H-x86_64-pc-linux-gnu/nios2-elf/lib/mno-hw-mul/libc.a(lib_a-mallocr.o)
                0x0000000008006c78                _malloc_r
 .text          0x00000000080073fc       0xf8 /home/wilywyrm/altera/14.0/nios2eds/bin/gnu/H-x86_64-pc-linux-gnu/bin/../lib/gcc/nios2-elf/4.7.3/../../../../../H-x86_64-pc-linux-gnu/nios2-elf/lib/mno-hw-mul/libc.a(lib_a-memchr.o)
                0x00000000080073fc                memchr
 .text          0x00000000080074f4      0x140 /home/wilywyrm/altera/14.0/nios2eds/bin/gnu/H-x86_64-pc-linux-gnu/bin/../lib/gcc/nios2-elf/4.7.3/../../../../../H-x86_64-pc-linux-gnu/nios2-elf/lib/mno-hw-mul/libc.a(lib_a-memcpy.o)
                0x00000000080074f4                memcpy
 .text          0x0000000008007634      0x18c /home/wilywyrm/altera/14.0/nios2eds/bin/gnu/H-x86_64-pc-linux-gnu/bin/../lib/gcc/nios2-elf/4.7.3/../../../../../H-x86_64-pc-linux-gnu/nios2-elf/lib/mno-hw-mul/libc.a(lib_a-memmove.o)
                0x0000000008007634                memmove
 .text          0x00000000080077c0       0xdc /home/wilywyrm/altera/14.0/nios2eds/bin/gnu/H-x86_64-pc-linux-gnu/bin/../lib/gcc/nios2-elf/4.7.3/../../../../../H-x86_64-pc-linux-gnu/nios2-elf/lib/mno-hw-mul/libc.a(lib_a-memset.o)
                0x00000000080077c0                memset
 .text          0x000000000800789c     0x1050 /home/wilywyrm/altera/14.0/nios2eds/bin/gnu/H-x86_64-pc-linux-gnu/bin/../lib/gcc/nios2-elf/4.7.3/../../../../../H-x86_64-pc-linux-gnu/nios2-elf/lib/mno-hw-mul/libc.a(lib_a-mprec.o)
                0x000000000800789c                _Balloc
                0x0000000008007944                _Bfree
                0x000000000800796c                __multadd
                0x0000000008007ab0                __s2b
                0x0000000008007bb4                __hi0bits
                0x0000000008007c1c                __lo0bits
                0x0000000008007ccc                __i2b
                0x0000000008007d08                __multiply
                0x0000000008007f60                __pow5mult
                0x000000000800808c                __lshift
                0x00000000080081e8                __mcmp
                0x0000000008008240                __mdiff
                0x00000000080083e8                __ulp
                0x0000000008008448                __b2d
                0x0000000008008590                __d2b
                0x00000000080086d4                __ratio
                0x0000000008008778                _mprec_log10
                0x00000000080087ec                __copybits
                0x0000000008008868                __any_on
 .text          0x00000000080088ec      0x5fc /home/wilywyrm/altera/14.0/nios2eds/bin/gnu/H-x86_64-pc-linux-gnu/bin/../lib/gcc/nios2-elf/4.7.3/../../../../../H-x86_64-pc-linux-gnu/nios2-elf/lib/mno-hw-mul/libc.a(lib_a-reallocr.o)
                0x00000000080088ec                _realloc_r
 .text          0x0000000008008ee8       0x38 /home/wilywyrm/altera/14.0/nios2eds/bin/gnu/H-x86_64-pc-linux-gnu/bin/../lib/gcc/nios2-elf/4.7.3/../../../../../H-x86_64-pc-linux-gnu/nios2-elf/lib/mno-hw-mul/libc.a(lib_a-s_isinfd.o)
                0x0000000008008ee8                __isinfd
 .text          0x0000000008008f20       0x2c /home/wilywyrm/altera/14.0/nios2eds/bin/gnu/H-x86_64-pc-linux-gnu/bin/../lib/gcc/nios2-elf/4.7.3/../../../../../H-x86_64-pc-linux-gnu/nios2-elf/lib/mno-hw-mul/libc.a(lib_a-s_isnand.o)
                0x0000000008008f20                __isnand
 .text          0x0000000008008f4c       0x64 /home/wilywyrm/altera/14.0/nios2eds/bin/gnu/H-x86_64-pc-linux-gnu/bin/../lib/gcc/nios2-elf/4.7.3/../../../../../H-x86_64-pc-linux-gnu/nios2-elf/lib/mno-hw-mul/libc.a(lib_a-sbrkr.o)
                0x0000000008008f4c                _sbrk_r
 .text          0x0000000008008fb0      0x140 /home/wilywyrm/altera/14.0/nios2eds/bin/gnu/H-x86_64-pc-linux-gnu/bin/../lib/gcc/nios2-elf/4.7.3/../../../../../H-x86_64-pc-linux-gnu/nios2-elf/lib/mno-hw-mul/libc.a(lib_a-stdio.o)
                0x0000000008008fb0                __sread
                0x0000000008009004                __swrite
                0x000000000800908c                __sseek
                0x00000000080090e8                __sclose
 .text          0x00000000080090f0       0xa4 /home/wilywyrm/altera/14.0/nios2eds/bin/gnu/H-x86_64-pc-linux-gnu/bin/../lib/gcc/nios2-elf/4.7.3/../../../../../H-x86_64-pc-linux-gnu/nios2-elf/lib/mno-hw-mul/libc.a(lib_a-strcmp.o)
                0x00000000080090f0                strcmp
 .text          0x0000000008009194       0x6c /home/wilywyrm/altera/14.0/nios2eds/bin/gnu/H-x86_64-pc-linux-gnu/bin/../lib/gcc/nios2-elf/4.7.3/../../../../../H-x86_64-pc-linux-gnu/nios2-elf/lib/mno-hw-mul/libc.a(lib_a-writer.o)
                0x0000000008009194                _write_r
 .text          0x0000000008009200       0xcc /home/wilywyrm/altera/14.0/nios2eds/bin/gnu/H-x86_64-pc-linux-gnu/bin/../lib/gcc/nios2-elf/4.7.3/../../../../../H-x86_64-pc-linux-gnu/nios2-elf/lib/mno-hw-mul/libc.a(lib_a-callocr.o)
                0x0000000008009200                _calloc_r
 .text          0x00000000080092cc       0x64 /home/wilywyrm/altera/14.0/nios2eds/bin/gnu/H-x86_64-pc-linux-gnu/bin/../lib/gcc/nios2-elf/4.7.3/../../../../../H-x86_64-pc-linux-gnu/nios2-elf/lib/mno-hw-mul/libc.a(lib_a-closer.o)
                0x00000000080092cc                _close_r
 .text          0x0000000008009330      0x150 /home/wilywyrm/altera/14.0/nios2eds/bin/gnu/H-x86_64-pc-linux-gnu/bin/../lib/gcc/nios2-elf/4.7.3/../../../../../H-x86_64-pc-linux-gnu/nios2-elf/lib/mno-hw-mul/libc.a(lib_a-fclose.o)
                0x0000000008009330                _fclose_r
                0x000000000800946c                fclose
 .text          0x0000000008009480       0x68 /home/wilywyrm/altera/14.0/nios2eds/bin/gnu/H-x86_64-pc-linux-gnu/bin/../lib/gcc/nios2-elf/4.7.3/../../../../../H-x86_64-pc-linux-gnu/nios2-elf/lib/mno-hw-mul/libc.a(lib_a-fstatr.o)
                0x0000000008009480                _fstat_r
 .text          0x00000000080094e8        0x0 /home/wilywyrm/altera/14.0/nios2eds/bin/gnu/H-x86_64-pc-linux-gnu/bin/../lib/gcc/nios2-elf/4.7.3/../../../../../H-x86_64-pc-linux-gnu/nios2-elf/lib/mno-hw-mul/libc.a(lib_a-int_errno.o)
 .text          0x00000000080094e8       0x64 /home/wilywyrm/altera/14.0/nios2eds/bin/gnu/H-x86_64-pc-linux-gnu/bin/../lib/gcc/nios2-elf/4.7.3/../../../../../H-x86_64-pc-linux-gnu/nios2-elf/lib/mno-hw-mul/libc.a(lib_a-isattyr.o)
                0x00000000080094e8                _isatty_r
 .text          0x000000000800954c       0x6c /home/wilywyrm/altera/14.0/nios2eds/bin/gnu/H-x86_64-pc-linux-gnu/bin/../lib/gcc/nios2-elf/4.7.3/../../../../../H-x86_64-pc-linux-gnu/nios2-elf/lib/mno-hw-mul/libc.a(lib_a-lseekr.o)
                0x000000000800954c                _lseek_r
 .text          0x00000000080095b8       0x6c /home/wilywyrm/altera/14.0/nios2eds/bin/gnu/H-x86_64-pc-linux-gnu/bin/../lib/gcc/nios2-elf/4.7.3/../../../../../H-x86_64-pc-linux-gnu/nios2-elf/lib/mno-hw-mul/libc.a(lib_a-readr.o)
                0x00000000080095b8                _read_r
 .text          0x0000000008009624      0x650 /home/wilywyrm/altera/14.0/nios2eds/bin/gnu/H-x86_64-pc-linux-gnu/bin/../lib/gcc/nios2-elf/4.7.3/mno-hw-mul/libgcc.a(_udivdi3.o)
                0x0000000008009624                __udivdi3
 .text          0x0000000008009c74      0x628 /home/wilywyrm/altera/14.0/nios2eds/bin/gnu/H-x86_64-pc-linux-gnu/bin/../lib/gcc/nios2-elf/4.7.3/mno-hw-mul/libgcc.a(_umoddi3.o)
                0x0000000008009c74                __umoddi3
 .text          0x000000000800a29c      0x408 /home/wilywyrm/altera/14.0/nios2eds/bin/gnu/H-x86_64-pc-linux-gnu/bin/../lib/gcc/nios2-elf/4.7.3/mno-hw-mul/libgcc.a(_addsub_df.o)
                0x000000000800a5f0                __adddf3
                0x000000000800a644                __subdf3
 .text          0x000000000800a6a4      0x2e4 /home/wilywyrm/altera/14.0/nios2eds/bin/gnu/H-x86_64-pc-linux-gnu/bin/../lib/gcc/nios2-elf/4.7.3/mno-hw-mul/libgcc.a(_mul_df.o)
                0x000000000800a6a4                __muldf3
 .text          0x000000000800a988      0x1b4 /home/wilywyrm/altera/14.0/nios2eds/bin/gnu/H-x86_64-pc-linux-gnu/bin/../lib/gcc/nios2-elf/4.7.3/mno-hw-mul/libgcc.a(_div_df.o)
                0x000000000800a988                __divdf3
 .text          0x000000000800ab3c       0x5c /home/wilywyrm/altera/14.0/nios2eds/bin/gnu/H-x86_64-pc-linux-gnu/bin/../lib/gcc/nios2-elf/4.7.3/mno-hw-mul/libgcc.a(_eq_df.o)
                0x000000000800ab3c                __eqdf2
 .text          0x000000000800ab98       0x5c /home/wilywyrm/altera/14.0/nios2eds/bin/gnu/H-x86_64-pc-linux-gnu/bin/../lib/gcc/nios2-elf/4.7.3/mno-hw-mul/libgcc.a(_ne_df.o)
                0x000000000800ab98                __nedf2
 .text          0x000000000800abf4       0x64 /home/wilywyrm/altera/14.0/nios2eds/bin/gnu/H-x86_64-pc-linux-gnu/bin/../lib/gcc/nios2-elf/4.7.3/mno-hw-mul/libgcc.a(_gt_df.o)
                0x000000000800abf4                __gtdf2
 .text          0x000000000800ac58       0x64 /home/wilywyrm/altera/14.0/nios2eds/bin/gnu/H-x86_64-pc-linux-gnu/bin/../lib/gcc/nios2-elf/4.7.3/mno-hw-mul/libgcc.a(_ge_df.o)
                0x000000000800ac58                __gedf2
 .text          0x000000000800acbc       0x5c /home/wilywyrm/altera/14.0/nios2eds/bin/gnu/H-x86_64-pc-linux-gnu/bin/../lib/gcc/nios2-elf/4.7.3/mno-hw-mul/libgcc.a(_lt_df.o)
                0x000000000800acbc                __ltdf2
 .text          0x000000000800ad18       0xd4 /home/wilywyrm/altera/14.0/nios2eds/bin/gnu/H-x86_64-pc-linux-gnu/bin/../lib/gcc/nios2-elf/4.7.3/mno-hw-mul/libgcc.a(_si_to_df.o)
                0x000000000800ad18                __floatsidf
 .text          0x000000000800adec       0xc4 /home/wilywyrm/altera/14.0/nios2eds/bin/gnu/H-x86_64-pc-linux-gnu/bin/../lib/gcc/nios2-elf/4.7.3/mno-hw-mul/libgcc.a(_df_to_si.o)
                0x000000000800adec                __fixdfsi
 .text          0x000000000800aeb0        0x0 /home/wilywyrm/altera/14.0/nios2eds/bin/gnu/H-x86_64-pc-linux-gnu/bin/../lib/gcc/nios2-elf/4.7.3/mno-hw-mul/libgcc.a(_thenan_df.o)
 .text          0x000000000800aeb0      0x11c /home/wilywyrm/altera/14.0/nios2eds/bin/gnu/H-x86_64-pc-linux-gnu/bin/../lib/gcc/nios2-elf/4.7.3/mno-hw-mul/libgcc.a(_usi_to_df.o)
                0x000000000800aeb0                __floatunsidf
 .text          0x000000000800afcc      0x130 /home/wilywyrm/altera/14.0/nios2eds/bin/gnu/H-x86_64-pc-linux-gnu/bin/../lib/gcc/nios2-elf/4.7.3/mno-hw-mul/libgcc.a(lib2-divmod.o)
                0x000000000800b040                __divsi3
                0x000000000800b090                __modsi3
                0x000000000800b0ec                __udivsi3
                0x000000000800b0f4                __umodsi3
 .text          0x000000000800b0fc       0x28 /home/wilywyrm/altera/14.0/nios2eds/bin/gnu/H-x86_64-pc-linux-gnu/bin/../lib/gcc/nios2-elf/4.7.3/mno-hw-mul/libgcc.a(lib2-mul.o)
                0x000000000800b0fc                __mulsi3
 .text          0x000000000800b124      0x110 /home/wilywyrm/altera/14.0/nios2eds/bin/gnu/H-x86_64-pc-linux-gnu/bin/../lib/gcc/nios2-elf/4.7.3/mno-hw-mul/libgcc.a(_muldi3.o)
                0x000000000800b124                __muldi3
 .text          0x000000000800b234        0x0 /home/wilywyrm/altera/14.0/nios2eds/bin/gnu/H-x86_64-pc-linux-gnu/bin/../lib/gcc/nios2-elf/4.7.3/mno-hw-mul/libgcc.a(_clz.o)
 .text          0x000000000800b234       0xac /home/wilywyrm/altera/14.0/nios2eds/bin/gnu/H-x86_64-pc-linux-gnu/bin/../lib/gcc/nios2-elf/4.7.3/mno-hw-mul/libgcc.a(_clzsi2.o)
                0x000000000800b234                __clzsi2
 .text          0x000000000800b2e0      0x224 /home/wilywyrm/altera/14.0/nios2eds/bin/gnu/H-x86_64-pc-linux-gnu/bin/../lib/gcc/nios2-elf/4.7.3/mno-hw-mul/libgcc.a(_pack_df.o)
                0x000000000800b2e0                __pack_d
 .text          0x000000000800b504      0x104 /home/wilywyrm/altera/14.0/nios2eds/bin/gnu/H-x86_64-pc-linux-gnu/bin/../lib/gcc/nios2-elf/4.7.3/mno-hw-mul/libgcc.a(_unpack_df.o)
                0x000000000800b504                __unpack_d
 .text          0x000000000800b608       0xd0 /home/wilywyrm/altera/14.0/nios2eds/bin/gnu/H-x86_64-pc-linux-gnu/bin/../lib/gcc/nios2-elf/4.7.3/mno-hw-mul/libgcc.a(_fpcmp_parts_df.o)
                0x000000000800b608                __fpcmp_parts_d
 .text          0x000000000800b6d8       0x44 /home/wilywyrm/altera/14.0/nios2eds/bin/gnu/H-x86_64-pc-linux-gnu/bin/../lib/gcc/nios2-elf/4.7.3/mno-hw-mul/libgcc.a(_lshrdi3.o)
                0x000000000800b6d8                __lshrdi3
 .text          0x000000000800b71c       0x44 /home/wilywyrm/altera/14.0/nios2eds/bin/gnu/H-x86_64-pc-linux-gnu/bin/../lib/gcc/nios2-elf/4.7.3/mno-hw-mul/libgcc.a(_ashldi3.o)
                0x000000000800b71c                __ashldi3
 .text          0x000000000800b760      0x11c ../usb_kb_bsp//libhal_bsp.a(alt_close.o)
                0x000000000800b7b0                close
 .text          0x000000000800b87c       0x2c ../usb_kb_bsp//libhal_bsp.a(alt_dev.o)
 .text          0x000000000800b8a8        0x0 ../usb_kb_bsp//libhal_bsp.a(alt_errno.o)
 .text          0x000000000800b8a8      0x100 ../usb_kb_bsp//libhal_bsp.a(alt_fstat.o)
                0x000000000800b8f8                fstat
 .text          0x000000000800b9a8       0xf4 ../usb_kb_bsp//libhal_bsp.a(alt_isatty.o)
                0x000000000800b9f8                isatty
 .text          0x000000000800ba9c       0xec ../usb_kb_bsp//libhal_bsp.a(alt_load.o)
                0x000000000800bb08                alt_load
 .text          0x000000000800bb88      0x124 ../usb_kb_bsp//libhal_bsp.a(alt_lseek.o)
                0x000000000800bbd8                lseek
 .text          0x000000000800bcac       0x78 ../usb_kb_bsp//libhal_bsp.a(alt_main.o)
                0x000000000800bcac                alt_main
 .text          0x000000000800bd24       0x40 ../usb_kb_bsp//libhal_bsp.a(alt_malloc_lock.o)
                0x000000000800bd24                __malloc_lock
                0x000000000800bd44                __malloc_unlock
 .text          0x000000000800bd64      0x144 ../usb_kb_bsp//libhal_bsp.a(alt_read.o)
                0x000000000800bdb4                read
 .text          0x000000000800bea8       0x80 ../usb_kb_bsp//libhal_bsp.a(alt_release_fd.o)
                0x000000000800bea8                alt_release_fd
 .text          0x000000000800bf28       0xb0 ../usb_kb_bsp//libhal_bsp.a(alt_sbrk.o)
                0x000000000800bf28                sbrk
 .text          0x000000000800bfd8       0x30 ../usb_kb_bsp//libhal_bsp.a(alt_usleep.o)
                0x000000000800bfd8                usleep
 .text          0x000000000800c008      0x140 ../usb_kb_bsp//libhal_bsp.a(alt_write.o)
                0x000000000800c058                write
 .text          0x000000000800c148       0xb0 ../usb_kb_bsp//libhal_bsp.a(alt_sys_init.o)
                0x000000000800c180                alt_irq_init
                0x000000000800c1b4                alt_sys_init
 .text          0x000000000800c1f8      0x164 ../usb_kb_bsp//libhal_bsp.a(altera_avalon_jtag_uart_fd.o)
                0x000000000800c1f8                altera_avalon_jtag_uart_read_fd
                0x000000000800c258                altera_avalon_jtag_uart_write_fd
                0x000000000800c2b8                altera_avalon_jtag_uart_close_fd
                0x000000000800c308                altera_avalon_jtag_uart_ioctl_fd
 .text          0x000000000800c35c      0x3d0 ../usb_kb_bsp//libhal_bsp.a(altera_avalon_jtag_uart_init.o)
                0x000000000800c35c                altera_avalon_jtag_uart_init
                0x000000000800c6c4                altera_avalon_jtag_uart_close
 .text          0x000000000800c72c       0xf4 ../usb_kb_bsp//libhal_bsp.a(altera_avalon_jtag_uart_ioctl.o)
                0x000000000800c72c                altera_avalon_jtag_uart_ioctl
 .text          0x000000000800c820      0x218 ../usb_kb_bsp//libhal_bsp.a(altera_avalon_jtag_uart_read.o)
                0x000000000800c820                altera_avalon_jtag_uart_read
 .text          0x000000000800ca38      0x220 ../usb_kb_bsp//libhal_bsp.a(altera_avalon_jtag_uart_write.o)
                0x000000000800ca38                altera_avalon_jtag_uart_write
 .text          0x000000000800cc58      0x140 ../usb_kb_bsp//libhal_bsp.a(alt_alarm_start.o)
                0x000000000800cc58                alt_alarm_start
 .text          0x000000000800cd98      0x154 ../usb_kb_bsp//libhal_bsp.a(alt_busy_sleep.o)
                0x000000000800cd98                alt_busy_sleep
 .text          0x000000000800ceec       0x1c ../usb_kb_bsp//libhal_bsp.a(alt_dcache_flush_all.o)
                0x000000000800ceec                alt_dcache_flush_all
 .text          0x000000000800cf08       0xf0 ../usb_kb_bsp//libhal_bsp.a(alt_dev_llist_insert.o)
                0x000000000800cf58                alt_dev_llist_insert
 .text          0x000000000800cff8       0x5c ../usb_kb_bsp//libhal_bsp.a(alt_do_ctors.o)
                0x000000000800cff8                _do_ctors
 .text          0x000000000800d054       0x5c ../usb_kb_bsp//libhal_bsp.a(alt_do_dtors.o)
                0x000000000800d054                _do_dtors
 .text          0x000000000800d0b0       0x1c ../usb_kb_bsp//libhal_bsp.a(alt_icache_flush_all.o)
                0x000000000800d0b0                alt_icache_flush_all
 .text          0x000000000800d0cc      0x1d8 ../usb_kb_bsp//libhal_bsp.a(alt_iic.o)
                0x000000000800d0cc                alt_ic_isr_register
                0x000000000800d11c                alt_ic_irq_enable
                0x000000000800d1b8                alt_ic_irq_disable
                0x000000000800d258                alt_ic_irq_enabled
 .text          0x000000000800d2a4       0xf0 ../usb_kb_bsp//libhal_bsp.a(alt_iic_isr_register.o)
                0x000000000800d2a4                alt_iic_isr_register
 .text          0x000000000800d394      0x158 ../usb_kb_bsp//libhal_bsp.a(alt_io_redirect.o)
                0x000000000800d474                alt_io_redirect
 .text          0x000000000800d4ec        0x0 ../usb_kb_bsp//libhal_bsp.a(alt_irq_entry.o)
 .text          0x000000000800d4ec        0x0 ../usb_kb_bsp//libhal_bsp.a(alt_irq_handler.o)
 .text          0x000000000800d4ec        0x0 ../usb_kb_bsp//libhal_bsp.a(alt_irq_vars.o)
 .text          0x000000000800d4ec      0x298 ../usb_kb_bsp//libhal_bsp.a(alt_open.o)
                0x000000000800d62c                open
 .text          0x000000000800d784      0x19c ../usb_kb_bsp//libhal_bsp.a(alt_tick.o)
                0x000000000800d784                alt_alarm_stop
                0x000000000800d81c                alt_tick
 .text          0x000000000800d920       0x20 ../usb_kb_bsp//libhal_bsp.a(altera_nios2_qsys_irq.o)
                0x000000000800d920                altera_nios2_qsys_irq_init
 .text          0x000000000800d940        0x0 ../usb_kb_bsp//libhal_bsp.a(alt_exception_entry.o)
 .text          0x000000000800d940       0x90 ../usb_kb_bsp//libhal_bsp.a(alt_find_dev.o)
                0x000000000800d940                alt_find_dev
 .text          0x000000000800d9d0      0x114 ../usb_kb_bsp//libhal_bsp.a(alt_find_file.o)
                0x000000000800d9d0                alt_find_file
 .text          0x000000000800dae4       0xd4 ../usb_kb_bsp//libhal_bsp.a(alt_get_fd.o)
                0x000000000800dae4                alt_get_fd
 .text          0x000000000800dbb8       0x14 /home/wilywyrm/altera/14.0/nios2eds/bin/gnu/H-x86_64-pc-linux-gnu/bin/../lib/gcc/nios2-elf/4.7.3/../../../../../H-x86_64-pc-linux-gnu/nios2-elf/lib/mno-hw-mul/libc.a(lib_a-atexit.o)
                0x000000000800dbb8                atexit
 .text          0x000000000800dbcc       0x38 /home/wilywyrm/altera/14.0/nios2eds/bin/gnu/H-x86_64-pc-linux-gnu/bin/../lib/gcc/nios2-elf/4.7.3/../../../../../H-x86_64-pc-linux-gnu/nios2-elf/lib/mno-hw-mul/libc.a(lib_a-exit.o)
                0x000000000800dbcc                exit
 .text          0x000000000800dc04       0x7c /home/wilywyrm/altera/14.0/nios2eds/bin/gnu/H-x86_64-pc-linux-gnu/bin/../lib/gcc/nios2-elf/4.7.3/../../../../../H-x86_64-pc-linux-gnu/nios2-elf/lib/mno-hw-mul/libc.a(lib_a-memcmp.o)
                0x000000000800dc04                memcmp
 .text          0x000000000800dc80      0x130 /home/wilywyrm/altera/14.0/nios2eds/bin/gnu/H-x86_64-pc-linux-gnu/bin/../lib/gcc/nios2-elf/4.7.3/../../../../../H-x86_64-pc-linux-gnu/nios2-elf/lib/mno-hw-mul/libc.a(lib_a-__atexit.o)
                0x000000000800dc80                __register_exitproc
 .text          0x000000000800ddb0      0x1a0 /home/wilywyrm/altera/14.0/nios2eds/bin/gnu/H-x86_64-pc-linux-gnu/bin/../lib/gcc/nios2-elf/4.7.3/../../../../../H-x86_64-pc-linux-gnu/nios2-elf/lib/mno-hw-mul/libc.a(lib_a-__call_atexit.o)
                0x000000000800ddb0                __call_exitprocs
 .text          0x000000000800df50       0x3c ../usb_kb_bsp//libhal_bsp.a(alt_exit.o)
                0x000000000800df50                _exit
 *(.gnu.warning.*)
 *(.fini)
                0x000000000800df8c                PROVIDE (__etext, ABSOLUTE (.))
                0x000000000800df8c                PROVIDE (_etext, ABSOLUTE (.))
                0x000000000800df8c                PROVIDE (etext, ABSOLUTE (.))
 *(.eh_frame_hdr)
                0x000000000800df8c                . = ALIGN (0x4)
                0x000000000800df8c                PROVIDE (__preinit_array_start, ABSOLUTE (.))
 *(.preinit_array)
                0x000000000800df8c                PROVIDE (__preinit_array_end, ABSOLUTE (.))
                0x000000000800df8c                PROVIDE (__init_array_start, ABSOLUTE (.))
 *(.init_array)
                0x000000000800df8c                PROVIDE (__init_array_end, ABSOLUTE (.))
                0x000000000800df8c                PROVIDE (__fini_array_start, ABSOLUTE (.))
 *(.fini_array)
                0x000000000800df8c                PROVIDE (__fini_array_end, ABSOLUTE (.))
 *(.eh_frame)
 *(.gcc_except_table .gcc_except_table.*)
 *(.dynamic)
                0x000000000800df8c                PROVIDE (__CTOR_LIST__, ABSOLUTE (.))
 *(.ctors)
 *(SORT(.ctors.*))
                0x000000000800df8c                PROVIDE (__CTOR_END__, ABSOLUTE (.))
                0x000000000800df8c                PROVIDE (__DTOR_LIST__, ABSOLUTE (.))
 *(.dtors)
 *(SORT(.dtors.*))
                0x000000000800df8c                PROVIDE (__DTOR_END__, ABSOLUTE (.))
 *(.jcr)
                0x000000000800df8c                . = ALIGN (0x4)

.rodata         0x000000000800df8c      0xa88
                0x000000000800df8c                PROVIDE (__ram_rodata_start, ABSOLUTE (.))
                0x000000000800df8c                . = ALIGN (0x4)
 *(.rodata .rodata.* .gnu.linkonce.r.*)
 .rodata        0x000000000800df8c      0x6f4 obj/default/main.o
 .rodata        0x000000000800e680       0x74 obj/default/usb.o
 .rodata.str1.4
                0x000000000800e6f4        0x2 /home/wilywyrm/altera/14.0/nios2eds/bin/gnu/H-x86_64-pc-linux-gnu/bin/../lib/gcc/nios2-elf/4.7.3/../../../../../H-x86_64-pc-linux-gnu/nios2-elf/lib/mno-hw-mul/libc.a(lib_a-puts.o)
                                          0x4 (size before relaxing)
 *fill*         0x000000000800e6f6        0x2 
 .rodata.str1.4
                0x000000000800e6f8       0x42 /home/wilywyrm/altera/14.0/nios2eds/bin/gnu/H-x86_64-pc-linux-gnu/bin/../lib/gcc/nios2-elf/4.7.3/../../../../../H-x86_64-pc-linux-gnu/nios2-elf/lib/mno-hw-mul/libc.a(lib_a-vfprintf.o)
                                         0x44 (size before relaxing)
 .rodata        0x000000000800e73a       0x20 /home/wilywyrm/altera/14.0/nios2eds/bin/gnu/H-x86_64-pc-linux-gnu/bin/../lib/gcc/nios2-elf/4.7.3/../../../../../H-x86_64-pc-linux-gnu/nios2-elf/lib/mno-hw-mul/libc.a(lib_a-vfprintf.o)
 *fill*         0x000000000800e75a        0x2 
 .rodata.str1.4
                0x000000000800e75c       0x10 /home/wilywyrm/altera/14.0/nios2eds/bin/gnu/H-x86_64-pc-linux-gnu/bin/../lib/gcc/nios2-elf/4.7.3/../../../../../H-x86_64-pc-linux-gnu/nios2-elf/lib/mno-hw-mul/libc.a(lib_a-dtoa.o)
                                         0x14 (size before relaxing)
 .rodata.str1.4
                0x000000000800e76c        0x2 /home/wilywyrm/altera/14.0/nios2eds/bin/gnu/H-x86_64-pc-linux-gnu/bin/../lib/gcc/nios2-elf/4.7.3/../../../../../H-x86_64-pc-linux-gnu/nios2-elf/lib/mno-hw-mul/libc.a(lib_a-impure.o)
                                          0x4 (size before relaxing)
 *fill*         0x000000000800e76e        0x2 
 .rodata.str1.4
                0x000000000800e770       0x10 /home/wilywyrm/altera/14.0/nios2eds/bin/gnu/H-x86_64-pc-linux-gnu/bin/../lib/gcc/nios2-elf/4.7.3/../../../../../H-x86_64-pc-linux-gnu/nios2-elf/lib/mno-hw-mul/libc.a(lib_a-locale.o)
                                         0x18 (size before relaxing)
 .rodata        0x000000000800e780       0x30 /home/wilywyrm/altera/14.0/nios2eds/bin/gnu/H-x86_64-pc-linux-gnu/bin/../lib/gcc/nios2-elf/4.7.3/../../../../../H-x86_64-pc-linux-gnu/nios2-elf/lib/mno-hw-mul/libc.a(lib_a-locale.o)
 .rodata        0x000000000800e7b0      0x124 /home/wilywyrm/altera/14.0/nios2eds/bin/gnu/H-x86_64-pc-linux-gnu/bin/../lib/gcc/nios2-elf/4.7.3/../../../../../H-x86_64-pc-linux-gnu/nios2-elf/lib/mno-hw-mul/libc.a(lib_a-mprec.o)
                0x000000000800e7b0                __mprec_tinytens
                0x000000000800e7d8                __mprec_bigtens
                0x000000000800e800                __mprec_tens
 .rodata        0x000000000800e8d4       0x14 /home/wilywyrm/altera/14.0/nios2eds/bin/gnu/H-x86_64-pc-linux-gnu/bin/../lib/gcc/nios2-elf/4.7.3/mno-hw-mul/libgcc.a(_thenan_df.o)
                0x000000000800e8d4                __thenan_df
 .rodata        0x000000000800e8e8      0x100 /home/wilywyrm/altera/14.0/nios2eds/bin/gnu/H-x86_64-pc-linux-gnu/bin/../lib/gcc/nios2-elf/4.7.3/mno-hw-mul/libgcc.a(_clz.o)
                0x000000000800e8e8                __clz_tab
 .rodata        0x000000000800e9e8        0xc ../usb_kb_bsp//libhal_bsp.a(alt_dev.o)
 .rodata        0x000000000800e9f4       0x10 ../usb_kb_bsp//libhal_bsp.a(alt_main.o)
 .rodata        0x000000000800ea04       0x10 ../usb_kb_bsp//libhal_bsp.a(alt_sys_init.o)
 *(.rodata1)
                0x000000000800ea14                . = ALIGN (0x4)
                0x000000000800ea14                PROVIDE (__ram_rodata_end, ABSOLUTE (.))
                0x000000000800df8c                PROVIDE (__flash_rodata_start, LOADADDR (.rodata))

.rwdata         0x000000000800ea14     0x1a58 load address 0x000000000801046c
                0x000000000800ea14                PROVIDE (__ram_rwdata_start, ABSOLUTE (.))
                0x000000000800ea14                . = ALIGN (0x4)
 *(.got.plt)
 *(.got)
 *(.data1)
 *(.data .data.* .gnu.linkonce.d.*)
 .data          0x000000000800ea14        0x0 ../usb_kb_bsp//obj/HAL/src/crt0.o
 .data          0x000000000800ea14        0x0 obj/default/main.o
 .data          0x000000000800ea14        0x0 obj/default/usb.o
 .data          0x000000000800ea14        0x0 /home/wilywyrm/altera/14.0/nios2eds/bin/gnu/H-x86_64-pc-linux-gnu/bin/../lib/gcc/nios2-elf/4.7.3/../../../../../H-x86_64-pc-linux-gnu/nios2-elf/lib/mno-hw-mul/libc.a(lib_a-printf.o)
 .data          0x000000000800ea14        0x0 /home/wilywyrm/altera/14.0/nios2eds/bin/gnu/H-x86_64-pc-linux-gnu/bin/../lib/gcc/nios2-elf/4.7.3/../../../../../H-x86_64-pc-linux-gnu/nios2-elf/lib/mno-hw-mul/libc.a(lib_a-puts.o)
 .data          0x000000000800ea14        0x0 /home/wilywyrm/altera/14.0/nios2eds/bin/gnu/H-x86_64-pc-linux-gnu/bin/../lib/gcc/nios2-elf/4.7.3/../../../../../H-x86_64-pc-linux-gnu/nios2-elf/lib/mno-hw-mul/libc.a(lib_a-strlen.o)
 .data          0x000000000800ea14        0x0 /home/wilywyrm/altera/14.0/nios2eds/bin/gnu/H-x86_64-pc-linux-gnu/bin/../lib/gcc/nios2-elf/4.7.3/../../../../../H-x86_64-pc-linux-gnu/nios2-elf/lib/mno-hw-mul/libc.a(lib_a-vfprintf.o)
 .data          0x000000000800ea14        0x0 /home/wilywyrm/altera/14.0/nios2eds/bin/gnu/H-x86_64-pc-linux-gnu/bin/../lib/gcc/nios2-elf/4.7.3/../../../../../H-x86_64-pc-linux-gnu/nios2-elf/lib/mno-hw-mul/libc.a(lib_a-wsetup.o)
 .data          0x000000000800ea14        0x0 /home/wilywyrm/altera/14.0/nios2eds/bin/gnu/H-x86_64-pc-linux-gnu/bin/../lib/gcc/nios2-elf/4.7.3/../../../../../H-x86_64-pc-linux-gnu/nios2-elf/lib/mno-hw-mul/libc.a(lib_a-dtoa.o)
 .data          0x000000000800ea14        0x0 /home/wilywyrm/altera/14.0/nios2eds/bin/gnu/H-x86_64-pc-linux-gnu/bin/../lib/gcc/nios2-elf/4.7.3/../../../../../H-x86_64-pc-linux-gnu/nios2-elf/lib/mno-hw-mul/libc.a(lib_a-fflush.o)
 .data          0x000000000800ea14        0x0 /home/wilywyrm/altera/14.0/nios2eds/bin/gnu/H-x86_64-pc-linux-gnu/bin/../lib/gcc/nios2-elf/4.7.3/../../../../../H-x86_64-pc-linux-gnu/nios2-elf/lib/mno-hw-mul/libc.a(lib_a-findfp.o)
 .data          0x000000000800ea14        0x0 /home/wilywyrm/altera/14.0/nios2eds/bin/gnu/H-x86_64-pc-linux-gnu/bin/../lib/gcc/nios2-elf/4.7.3/../../../../../H-x86_64-pc-linux-gnu/nios2-elf/lib/mno-hw-mul/libc.a(lib_a-freer.o)
 .data          0x000000000800ea14        0x0 /home/wilywyrm/altera/14.0/nios2eds/bin/gnu/H-x86_64-pc-linux-gnu/bin/../lib/gcc/nios2-elf/4.7.3/../../../../../H-x86_64-pc-linux-gnu/nios2-elf/lib/mno-hw-mul/libc.a(lib_a-fvwrite.o)
 .data          0x000000000800ea14        0x0 /home/wilywyrm/altera/14.0/nios2eds/bin/gnu/H-x86_64-pc-linux-gnu/bin/../lib/gcc/nios2-elf/4.7.3/../../../../../H-x86_64-pc-linux-gnu/nios2-elf/lib/mno-hw-mul/libc.a(lib_a-fwalk.o)
 .data          0x000000000800ea14      0x400 /home/wilywyrm/altera/14.0/nios2eds/bin/gnu/H-x86_64-pc-linux-gnu/bin/../lib/gcc/nios2-elf/4.7.3/../../../../../H-x86_64-pc-linux-gnu/nios2-elf/lib/mno-hw-mul/libc.a(lib_a-impure.o)
 .data          0x000000000800ee14        0xc /home/wilywyrm/altera/14.0/nios2eds/bin/gnu/H-x86_64-pc-linux-gnu/bin/../lib/gcc/nios2-elf/4.7.3/../../../../../H-x86_64-pc-linux-gnu/nios2-elf/lib/mno-hw-mul/libc.a(lib_a-locale.o)
                0x000000000800ee14                __lc_ctype
 .data          0x000000000800ee20        0x0 /home/wilywyrm/altera/14.0/nios2eds/bin/gnu/H-x86_64-pc-linux-gnu/bin/../lib/gcc/nios2-elf/4.7.3/../../../../../H-x86_64-pc-linux-gnu/nios2-elf/lib/mno-hw-mul/libc.a(lib_a-makebuf.o)
 .data          0x000000000800ee20      0x408 /home/wilywyrm/altera/14.0/nios2eds/bin/gnu/H-x86_64-pc-linux-gnu/bin/../lib/gcc/nios2-elf/4.7.3/../../../../../H-x86_64-pc-linux-gnu/nios2-elf/lib/mno-hw-mul/libc.a(lib_a-mallocr.o)
                0x000000000800ee20                __malloc_av_
 .data          0x000000000800f228        0x0 /home/wilywyrm/altera/14.0/nios2eds/bin/gnu/H-x86_64-pc-linux-gnu/bin/../lib/gcc/nios2-elf/4.7.3/../../../../../H-x86_64-pc-linux-gnu/nios2-elf/lib/mno-hw-mul/libc.a(lib_a-memchr.o)
 .data          0x000000000800f228        0x0 /home/wilywyrm/altera/14.0/nios2eds/bin/gnu/H-x86_64-pc-linux-gnu/bin/../lib/gcc/nios2-elf/4.7.3/../../../../../H-x86_64-pc-linux-gnu/nios2-elf/lib/mno-hw-mul/libc.a(lib_a-memcpy.o)
 .data          0x000000000800f228        0x0 /home/wilywyrm/altera/14.0/nios2eds/bin/gnu/H-x86_64-pc-linux-gnu/bin/../lib/gcc/nios2-elf/4.7.3/../../../../../H-x86_64-pc-linux-gnu/nios2-elf/lib/mno-hw-mul/libc.a(lib_a-memmove.o)
 .data          0x000000000800f228        0x0 /home/wilywyrm/altera/14.0/nios2eds/bin/gnu/H-x86_64-pc-linux-gnu/bin/../lib/gcc/nios2-elf/4.7.3/../../../../../H-x86_64-pc-linux-gnu/nios2-elf/lib/mno-hw-mul/libc.a(lib_a-memset.o)
 .data          0x000000000800f228        0x0 /home/wilywyrm/altera/14.0/nios2eds/bin/gnu/H-x86_64-pc-linux-gnu/bin/../lib/gcc/nios2-elf/4.7.3/../../../../../H-x86_64-pc-linux-gnu/nios2-elf/lib/mno-hw-mul/libc.a(lib_a-mprec.o)
 .data          0x000000000800f228        0x0 /home/wilywyrm/altera/14.0/nios2eds/bin/gnu/H-x86_64-pc-linux-gnu/bin/../lib/gcc/nios2-elf/4.7.3/../../../../../H-x86_64-pc-linux-gnu/nios2-elf/lib/mno-hw-mul/libc.a(lib_a-reallocr.o)
 .data          0x000000000800f228        0x0 /home/wilywyrm/altera/14.0/nios2eds/bin/gnu/H-x86_64-pc-linux-gnu/bin/../lib/gcc/nios2-elf/4.7.3/../../../../../H-x86_64-pc-linux-gnu/nios2-elf/lib/mno-hw-mul/libc.a(lib_a-s_isinfd.o)
 .data          0x000000000800f228        0x0 /home/wilywyrm/altera/14.0/nios2eds/bin/gnu/H-x86_64-pc-linux-gnu/bin/../lib/gcc/nios2-elf/4.7.3/../../../../../H-x86_64-pc-linux-gnu/nios2-elf/lib/mno-hw-mul/libc.a(lib_a-s_isnand.o)
 .data          0x000000000800f228        0x0 /home/wilywyrm/altera/14.0/nios2eds/bin/gnu/H-x86_64-pc-linux-gnu/bin/../lib/gcc/nios2-elf/4.7.3/../../../../../H-x86_64-pc-linux-gnu/nios2-elf/lib/mno-hw-mul/libc.a(lib_a-sbrkr.o)
 .data          0x000000000800f228        0x0 /home/wilywyrm/altera/14.0/nios2eds/bin/gnu/H-x86_64-pc-linux-gnu/bin/../lib/gcc/nios2-elf/4.7.3/../../../../../H-x86_64-pc-linux-gnu/nios2-elf/lib/mno-hw-mul/libc.a(lib_a-stdio.o)
 .data          0x000000000800f228        0x0 /home/wilywyrm/altera/14.0/nios2eds/bin/gnu/H-x86_64-pc-linux-gnu/bin/../lib/gcc/nios2-elf/4.7.3/../../../../../H-x86_64-pc-linux-gnu/nios2-elf/lib/mno-hw-mul/libc.a(lib_a-strcmp.o)
 .data          0x000000000800f228        0x0 /home/wilywyrm/altera/14.0/nios2eds/bin/gnu/H-x86_64-pc-linux-gnu/bin/../lib/gcc/nios2-elf/4.7.3/../../../../../H-x86_64-pc-linux-gnu/nios2-elf/lib/mno-hw-mul/libc.a(lib_a-writer.o)
 .data          0x000000000800f228        0x0 /home/wilywyrm/altera/14.0/nios2eds/bin/gnu/H-x86_64-pc-linux-gnu/bin/../lib/gcc/nios2-elf/4.7.3/../../../../../H-x86_64-pc-linux-gnu/nios2-elf/lib/mno-hw-mul/libc.a(lib_a-callocr.o)
 .data          0x000000000800f228        0x0 /home/wilywyrm/altera/14.0/nios2eds/bin/gnu/H-x86_64-pc-linux-gnu/bin/../lib/gcc/nios2-elf/4.7.3/../../../../../H-x86_64-pc-linux-gnu/nios2-elf/lib/mno-hw-mul/libc.a(lib_a-closer.o)
 .data          0x000000000800f228        0x0 /home/wilywyrm/altera/14.0/nios2eds/bin/gnu/H-x86_64-pc-linux-gnu/bin/../lib/gcc/nios2-elf/4.7.3/../../../../../H-x86_64-pc-linux-gnu/nios2-elf/lib/mno-hw-mul/libc.a(lib_a-fclose.o)
 .data          0x000000000800f228        0x0 /home/wilywyrm/altera/14.0/nios2eds/bin/gnu/H-x86_64-pc-linux-gnu/bin/../lib/gcc/nios2-elf/4.7.3/../../../../../H-x86_64-pc-linux-gnu/nios2-elf/lib/mno-hw-mul/libc.a(lib_a-fstatr.o)
 .data          0x000000000800f228        0x0 /home/wilywyrm/altera/14.0/nios2eds/bin/gnu/H-x86_64-pc-linux-gnu/bin/../lib/gcc/nios2-elf/4.7.3/../../../../../H-x86_64-pc-linux-gnu/nios2-elf/lib/mno-hw-mul/libc.a(lib_a-int_errno.o)
 .data          0x000000000800f228        0x0 /home/wilywyrm/altera/14.0/nios2eds/bin/gnu/H-x86_64-pc-linux-gnu/bin/../lib/gcc/nios2-elf/4.7.3/../../../../../H-x86_64-pc-linux-gnu/nios2-elf/lib/mno-hw-mul/libc.a(lib_a-isattyr.o)
 .data          0x000000000800f228        0x0 /home/wilywyrm/altera/14.0/nios2eds/bin/gnu/H-x86_64-pc-linux-gnu/bin/../lib/gcc/nios2-elf/4.7.3/../../../../../H-x86_64-pc-linux-gnu/nios2-elf/lib/mno-hw-mul/libc.a(lib_a-lseekr.o)
 .data          0x000000000800f228        0x0 /home/wilywyrm/altera/14.0/nios2eds/bin/gnu/H-x86_64-pc-linux-gnu/bin/../lib/gcc/nios2-elf/4.7.3/../../../../../H-x86_64-pc-linux-gnu/nios2-elf/lib/mno-hw-mul/libc.a(lib_a-readr.o)
 .data          0x000000000800f228        0x0 /home/wilywyrm/altera/14.0/nios2eds/bin/gnu/H-x86_64-pc-linux-gnu/bin/../lib/gcc/nios2-elf/4.7.3/mno-hw-mul/libgcc.a(_udivdi3.o)
 .data          0x000000000800f228        0x0 /home/wilywyrm/altera/14.0/nios2eds/bin/gnu/H-x86_64-pc-linux-gnu/bin/../lib/gcc/nios2-elf/4.7.3/mno-hw-mul/libgcc.a(_umoddi3.o)
 .data          0x000000000800f228        0x0 /home/wilywyrm/altera/14.0/nios2eds/bin/gnu/H-x86_64-pc-linux-gnu/bin/../lib/gcc/nios2-elf/4.7.3/mno-hw-mul/libgcc.a(_addsub_df.o)
 .data          0x000000000800f228        0x0 /home/wilywyrm/altera/14.0/nios2eds/bin/gnu/H-x86_64-pc-linux-gnu/bin/../lib/gcc/nios2-elf/4.7.3/mno-hw-mul/libgcc.a(_mul_df.o)
 .data          0x000000000800f228        0x0 /home/wilywyrm/altera/14.0/nios2eds/bin/gnu/H-x86_64-pc-linux-gnu/bin/../lib/gcc/nios2-elf/4.7.3/mno-hw-mul/libgcc.a(_div_df.o)
 .data          0x000000000800f228        0x0 /home/wilywyrm/altera/14.0/nios2eds/bin/gnu/H-x86_64-pc-linux-gnu/bin/../lib/gcc/nios2-elf/4.7.3/mno-hw-mul/libgcc.a(_eq_df.o)
 .data          0x000000000800f228        0x0 /home/wilywyrm/altera/14.0/nios2eds/bin/gnu/H-x86_64-pc-linux-gnu/bin/../lib/gcc/nios2-elf/4.7.3/mno-hw-mul/libgcc.a(_ne_df.o)
 .data          0x000000000800f228        0x0 /home/wilywyrm/altera/14.0/nios2eds/bin/gnu/H-x86_64-pc-linux-gnu/bin/../lib/gcc/nios2-elf/4.7.3/mno-hw-mul/libgcc.a(_gt_df.o)
 .data          0x000000000800f228        0x0 /home/wilywyrm/altera/14.0/nios2eds/bin/gnu/H-x86_64-pc-linux-gnu/bin/../lib/gcc/nios2-elf/4.7.3/mno-hw-mul/libgcc.a(_ge_df.o)
 .data          0x000000000800f228        0x0 /home/wilywyrm/altera/14.0/nios2eds/bin/gnu/H-x86_64-pc-linux-gnu/bin/../lib/gcc/nios2-elf/4.7.3/mno-hw-mul/libgcc.a(_lt_df.o)
 .data          0x000000000800f228        0x0 /home/wilywyrm/altera/14.0/nios2eds/bin/gnu/H-x86_64-pc-linux-gnu/bin/../lib/gcc/nios2-elf/4.7.3/mno-hw-mul/libgcc.a(_si_to_df.o)
 .data          0x000000000800f228        0x0 /home/wilywyrm/altera/14.0/nios2eds/bin/gnu/H-x86_64-pc-linux-gnu/bin/../lib/gcc/nios2-elf/4.7.3/mno-hw-mul/libgcc.a(_df_to_si.o)
 .data          0x000000000800f228        0x0 /home/wilywyrm/altera/14.0/nios2eds/bin/gnu/H-x86_64-pc-linux-gnu/bin/../lib/gcc/nios2-elf/4.7.3/mno-hw-mul/libgcc.a(_thenan_df.o)
 .data          0x000000000800f228        0x0 /home/wilywyrm/altera/14.0/nios2eds/bin/gnu/H-x86_64-pc-linux-gnu/bin/../lib/gcc/nios2-elf/4.7.3/mno-hw-mul/libgcc.a(_usi_to_df.o)
 .data          0x000000000800f228        0x0 /home/wilywyrm/altera/14.0/nios2eds/bin/gnu/H-x86_64-pc-linux-gnu/bin/../lib/gcc/nios2-elf/4.7.3/mno-hw-mul/libgcc.a(lib2-divmod.o)
 .data          0x000000000800f228        0x0 /home/wilywyrm/altera/14.0/nios2eds/bin/gnu/H-x86_64-pc-linux-gnu/bin/../lib/gcc/nios2-elf/4.7.3/mno-hw-mul/libgcc.a(lib2-mul.o)
 .data          0x000000000800f228        0x0 /home/wilywyrm/altera/14.0/nios2eds/bin/gnu/H-x86_64-pc-linux-gnu/bin/../lib/gcc/nios2-elf/4.7.3/mno-hw-mul/libgcc.a(_muldi3.o)
 .data          0x000000000800f228        0x0 /home/wilywyrm/altera/14.0/nios2eds/bin/gnu/H-x86_64-pc-linux-gnu/bin/../lib/gcc/nios2-elf/4.7.3/mno-hw-mul/libgcc.a(_clz.o)
 .data          0x000000000800f228        0x0 /home/wilywyrm/altera/14.0/nios2eds/bin/gnu/H-x86_64-pc-linux-gnu/bin/../lib/gcc/nios2-elf/4.7.3/mno-hw-mul/libgcc.a(_clzsi2.o)
 .data          0x000000000800f228        0x0 /home/wilywyrm/altera/14.0/nios2eds/bin/gnu/H-x86_64-pc-linux-gnu/bin/../lib/gcc/nios2-elf/4.7.3/mno-hw-mul/libgcc.a(_pack_df.o)
 .data          0x000000000800f228        0x0 /home/wilywyrm/altera/14.0/nios2eds/bin/gnu/H-x86_64-pc-linux-gnu/bin/../lib/gcc/nios2-elf/4.7.3/mno-hw-mul/libgcc.a(_unpack_df.o)
 .data          0x000000000800f228        0x0 /home/wilywyrm/altera/14.0/nios2eds/bin/gnu/H-x86_64-pc-linux-gnu/bin/../lib/gcc/nios2-elf/4.7.3/mno-hw-mul/libgcc.a(_fpcmp_parts_df.o)
 .data          0x000000000800f228        0x0 /home/wilywyrm/altera/14.0/nios2eds/bin/gnu/H-x86_64-pc-linux-gnu/bin/../lib/gcc/nios2-elf/4.7.3/mno-hw-mul/libgcc.a(_lshrdi3.o)
 .data          0x000000000800f228        0x0 /home/wilywyrm/altera/14.0/nios2eds/bin/gnu/H-x86_64-pc-linux-gnu/bin/../lib/gcc/nios2-elf/4.7.3/mno-hw-mul/libgcc.a(_ashldi3.o)
 .data          0x000000000800f228        0x0 ../usb_kb_bsp//libhal_bsp.a(alt_close.o)
 .data          0x000000000800f228      0x1a8 ../usb_kb_bsp//libhal_bsp.a(alt_dev.o)
                0x000000000800f228                alt_dev_null
                0x000000000800f250                alt_fd_list
 .data          0x000000000800f3d0        0x0 ../usb_kb_bsp//libhal_bsp.a(alt_errno.o)
 .data          0x000000000800f3d0        0x0 ../usb_kb_bsp//libhal_bsp.a(alt_fstat.o)
 .data          0x000000000800f3d0        0x0 ../usb_kb_bsp//libhal_bsp.a(alt_isatty.o)
 .data          0x000000000800f3d0        0x0 ../usb_kb_bsp//libhal_bsp.a(alt_load.o)
 .data          0x000000000800f3d0        0x0 ../usb_kb_bsp//libhal_bsp.a(alt_lseek.o)
 .data          0x000000000800f3d0        0x0 ../usb_kb_bsp//libhal_bsp.a(alt_main.o)
 .data          0x000000000800f3d0        0x0 ../usb_kb_bsp//libhal_bsp.a(alt_malloc_lock.o)
 .data          0x000000000800f3d0        0x0 ../usb_kb_bsp//libhal_bsp.a(alt_read.o)
 .data          0x000000000800f3d0        0x0 ../usb_kb_bsp//libhal_bsp.a(alt_release_fd.o)
 .data          0x000000000800f3d0        0x0 ../usb_kb_bsp//libhal_bsp.a(alt_sbrk.o)
 .data          0x000000000800f3d0        0x0 ../usb_kb_bsp//libhal_bsp.a(alt_usleep.o)
 .data          0x000000000800f3d0        0x0 ../usb_kb_bsp//libhal_bsp.a(alt_write.o)
 .data          0x000000000800f3d0     0x1060 ../usb_kb_bsp//libhal_bsp.a(alt_sys_init.o)
 .data          0x0000000008010430        0x0 ../usb_kb_bsp//libhal_bsp.a(altera_avalon_jtag_uart_fd.o)
 .data          0x0000000008010430        0x0 ../usb_kb_bsp//libhal_bsp.a(altera_avalon_jtag_uart_init.o)
 .data          0x0000000008010430        0x0 ../usb_kb_bsp//libhal_bsp.a(altera_avalon_jtag_uart_ioctl.o)
 .data          0x0000000008010430        0x0 ../usb_kb_bsp//libhal_bsp.a(altera_avalon_jtag_uart_read.o)
 .data          0x0000000008010430        0x0 ../usb_kb_bsp//libhal_bsp.a(altera_avalon_jtag_uart_write.o)
 .data          0x0000000008010430        0x0 ../usb_kb_bsp//libhal_bsp.a(alt_alarm_start.o)
 .data          0x0000000008010430        0x0 ../usb_kb_bsp//libhal_bsp.a(alt_busy_sleep.o)
 .data          0x0000000008010430        0x0 ../usb_kb_bsp//libhal_bsp.a(alt_dcache_flush_all.o)
 .data          0x0000000008010430        0x0 ../usb_kb_bsp//libhal_bsp.a(alt_dev_llist_insert.o)
 .data          0x0000000008010430        0x0 ../usb_kb_bsp//libhal_bsp.a(alt_do_ctors.o)
 .data          0x0000000008010430        0x0 ../usb_kb_bsp//libhal_bsp.a(alt_do_dtors.o)
 .data          0x0000000008010430        0x0 ../usb_kb_bsp//libhal_bsp.a(alt_icache_flush_all.o)
 .data          0x0000000008010430        0x0 ../usb_kb_bsp//libhal_bsp.a(alt_iic.o)
 .data          0x0000000008010430        0x0 ../usb_kb_bsp//libhal_bsp.a(alt_iic_isr_register.o)
 .data          0x0000000008010430        0x0 ../usb_kb_bsp//libhal_bsp.a(alt_io_redirect.o)
 .data          0x0000000008010430        0x0 ../usb_kb_bsp//libhal_bsp.a(alt_irq_entry.o)
 .data          0x0000000008010430        0x0 ../usb_kb_bsp//libhal_bsp.a(alt_irq_handler.o)
 .data          0x0000000008010430        0x0 ../usb_kb_bsp//libhal_bsp.a(alt_irq_vars.o)
 .data          0x0000000008010430        0x0 ../usb_kb_bsp//libhal_bsp.a(alt_open.o)
 .data          0x0000000008010430        0x0 ../usb_kb_bsp//libhal_bsp.a(alt_tick.o)
 .data          0x0000000008010430        0x0 ../usb_kb_bsp//libhal_bsp.a(altera_nios2_qsys_irq.o)
 .data          0x0000000008010430        0x0 ../usb_kb_bsp//libhal_bsp.a(alt_exception_entry.o)
 .data          0x0000000008010430        0x0 ../usb_kb_bsp//libhal_bsp.a(alt_find_dev.o)
 .data          0x0000000008010430        0x0 ../usb_kb_bsp//libhal_bsp.a(alt_find_file.o)
 .data          0x0000000008010430        0x0 ../usb_kb_bsp//libhal_bsp.a(alt_get_fd.o)
 .data          0x0000000008010430        0x0 /home/wilywyrm/altera/14.0/nios2eds/bin/gnu/H-x86_64-pc-linux-gnu/bin/../lib/gcc/nios2-elf/4.7.3/../../../../../H-x86_64-pc-linux-gnu/nios2-elf/lib/mno-hw-mul/libc.a(lib_a-atexit.o)
 .data          0x0000000008010430        0x0 /home/wilywyrm/altera/14.0/nios2eds/bin/gnu/H-x86_64-pc-linux-gnu/bin/../lib/gcc/nios2-elf/4.7.3/../../../../../H-x86_64-pc-linux-gnu/nios2-elf/lib/mno-hw-mul/libc.a(lib_a-exit.o)
 .data          0x0000000008010430        0x0 /home/wilywyrm/altera/14.0/nios2eds/bin/gnu/H-x86_64-pc-linux-gnu/bin/../lib/gcc/nios2-elf/4.7.3/../../../../../H-x86_64-pc-linux-gnu/nios2-elf/lib/mno-hw-mul/libc.a(lib_a-memcmp.o)
 .data          0x0000000008010430        0x0 /home/wilywyrm/altera/14.0/nios2eds/bin/gnu/H-x86_64-pc-linux-gnu/bin/../lib/gcc/nios2-elf/4.7.3/../../../../../H-x86_64-pc-linux-gnu/nios2-elf/lib/mno-hw-mul/libc.a(lib_a-__atexit.o)
 .data          0x0000000008010430        0x0 /home/wilywyrm/altera/14.0/nios2eds/bin/gnu/H-x86_64-pc-linux-gnu/bin/../lib/gcc/nios2-elf/4.7.3/../../../../../H-x86_64-pc-linux-gnu/nios2-elf/lib/mno-hw-mul/libc.a(lib_a-__call_atexit.o)
 .data          0x0000000008010430        0x0 ../usb_kb_bsp//libhal_bsp.a(alt_exit.o)
                0x0000000008018430                _gp = ABSOLUTE ((. + 0x8000))
                0x0000000008018430                PROVIDE (gp, _gp)
 *(.rwdata .rwdata.*)
 *(.sdata .sdata.* .gnu.linkonce.s.*)
 .sdata         0x0000000008010430        0x8 /home/wilywyrm/altera/14.0/nios2eds/bin/gnu/H-x86_64-pc-linux-gnu/bin/../lib/gcc/nios2-elf/4.7.3/../../../../../H-x86_64-pc-linux-gnu/nios2-elf/lib/mno-hw-mul/libc.a(lib_a-impure.o)
                0x0000000008010430                _global_impure_ptr
                0x0000000008010434                _impure_ptr
 .sdata         0x0000000008010438        0x4 /home/wilywyrm/altera/14.0/nios2eds/bin/gnu/H-x86_64-pc-linux-gnu/bin/../lib/gcc/nios2-elf/4.7.3/../../../../../H-x86_64-pc-linux-gnu/nios2-elf/lib/mno-hw-mul/libc.a(lib_a-locale.o)
                0x0000000008010438                __mb_cur_max
 .sdata         0x000000000801043c        0x8 /home/wilywyrm/altera/14.0/nios2eds/bin/gnu/H-x86_64-pc-linux-gnu/bin/../lib/gcc/nios2-elf/4.7.3/../../../../../H-x86_64-pc-linux-gnu/nios2-elf/lib/mno-hw-mul/libc.a(lib_a-mallocr.o)
                0x000000000801043c                __malloc_sbrk_base
                0x0000000008010440                __malloc_trim_threshold
 .sdata         0x0000000008010444       0x14 ../usb_kb_bsp//libhal_bsp.a(alt_dev.o)
                0x0000000008010444                alt_fs_list
                0x000000000801044c                alt_dev_list
                0x0000000008010454                alt_max_fd
 .sdata         0x0000000008010458        0x4 ../usb_kb_bsp//libhal_bsp.a(alt_errno.o)
                0x0000000008010458                alt_errno
 .sdata         0x000000000801045c        0x4 ../usb_kb_bsp//libhal_bsp.a(alt_sbrk.o)
 .sdata         0x0000000008010460        0x4 ../usb_kb_bsp//libhal_bsp.a(alt_irq_vars.o)
                0x0000000008010460                alt_priority_mask
 .sdata         0x0000000008010464        0x8 ../usb_kb_bsp//libhal_bsp.a(alt_tick.o)
                0x0000000008010464                alt_alarm_list
 *(.sdata2 .sdata2.* .gnu.linkonce.s2.*)
                0x000000000801046c                . = ALIGN (0x4)
                0x000000000801046c                _edata = ABSOLUTE (.)
                0x000000000801046c                PROVIDE (edata, ABSOLUTE (.))
                0x000000000801046c                PROVIDE (__ram_rwdata_end, ABSOLUTE (.))
                0x000000000801046c                PROVIDE (__flash_rwdata_start, LOADADDR (.rwdata))

.bss            0x0000000008011ec4      0x2f0
                0x0000000008011ec4                __bss_start = ABSOLUTE (.)
                0x0000000008011ec4                PROVIDE (__sbss_start, ABSOLUTE (.))
                0x0000000008011ec4                PROVIDE (___sbss_start, ABSOLUTE (.))
 *(.dynsbss)
 *(.sbss .sbss.* .gnu.linkonce.sb.*)
 .sbss          0x0000000008011ec4        0x4 obj/default/main.o
 .sbss          0x0000000008011ec8        0xc /home/wilywyrm/altera/14.0/nios2eds/bin/gnu/H-x86_64-pc-linux-gnu/bin/../lib/gcc/nios2-elf/4.7.3/../../../../../H-x86_64-pc-linux-gnu/nios2-elf/lib/mno-hw-mul/libc.a(lib_a-locale.o)
                0x0000000008011ec8                _PathLocale
                0x0000000008011ecc                __mlocale_changed
                0x0000000008011ed0                __nlocale_changed
 .sbss          0x0000000008011ed4        0xc /home/wilywyrm/altera/14.0/nios2eds/bin/gnu/H-x86_64-pc-linux-gnu/bin/../lib/gcc/nios2-elf/4.7.3/../../../../../H-x86_64-pc-linux-gnu/nios2-elf/lib/mno-hw-mul/libc.a(lib_a-mallocr.o)
                0x0000000008011ed4                __malloc_max_total_mem
                0x0000000008011ed8                __malloc_max_sbrked_mem
                0x0000000008011edc                __malloc_top_pad
 .sbss          0x0000000008011ee0        0x4 /home/wilywyrm/altera/14.0/nios2eds/bin/gnu/H-x86_64-pc-linux-gnu/bin/../lib/gcc/nios2-elf/4.7.3/../../../../../H-x86_64-pc-linux-gnu/nios2-elf/lib/mno-hw-mul/libc.a(lib_a-int_errno.o)
                0x0000000008011ee0                errno
 .sbss          0x0000000008011ee4        0xc ../usb_kb_bsp//libhal_bsp.a(alt_main.o)
                0x0000000008011ee4                alt_argc
                0x0000000008011ee8                alt_argv
                0x0000000008011eec                alt_envp
 .sbss          0x0000000008011ef0        0x4 ../usb_kb_bsp//libhal_bsp.a(alt_irq_vars.o)
                0x0000000008011ef0                alt_irq_active
 .sbss          0x0000000008011ef4        0x8 ../usb_kb_bsp//libhal_bsp.a(alt_tick.o)
                0x0000000008011ef4                _alt_tick_rate
                0x0000000008011ef8                _alt_nticks
 *(.sbss2 .sbss2.* .gnu.linkonce.sb2.*)
 *(.scommon)
                0x0000000008011efc                PROVIDE (__sbss_end, ABSOLUTE (.))
                0x0000000008011efc                PROVIDE (___sbss_end, ABSOLUTE (.))
 *(.dynbss)
 *(.bss .bss.* .gnu.linkonce.b.*)
 .bss           0x0000000008011efc        0x0 ../usb_kb_bsp//obj/HAL/src/crt0.o
 .bss           0x0000000008011efc        0x0 obj/default/main.o
 .bss           0x0000000008011efc        0x0 obj/default/usb.o
 .bss           0x0000000008011efc        0x0 /home/wilywyrm/altera/14.0/nios2eds/bin/gnu/H-x86_64-pc-linux-gnu/bin/../lib/gcc/nios2-elf/4.7.3/../../../../../H-x86_64-pc-linux-gnu/nios2-elf/lib/mno-hw-mul/libc.a(lib_a-printf.o)
 .bss           0x0000000008011efc        0x0 /home/wilywyrm/altera/14.0/nios2eds/bin/gnu/H-x86_64-pc-linux-gnu/bin/../lib/gcc/nios2-elf/4.7.3/../../../../../H-x86_64-pc-linux-gnu/nios2-elf/lib/mno-hw-mul/libc.a(lib_a-puts.o)
 .bss           0x0000000008011efc        0x0 /home/wilywyrm/altera/14.0/nios2eds/bin/gnu/H-x86_64-pc-linux-gnu/bin/../lib/gcc/nios2-elf/4.7.3/../../../../../H-x86_64-pc-linux-gnu/nios2-elf/lib/mno-hw-mul/libc.a(lib_a-strlen.o)
 .bss           0x0000000008011efc        0x0 /home/wilywyrm/altera/14.0/nios2eds/bin/gnu/H-x86_64-pc-linux-gnu/bin/../lib/gcc/nios2-elf/4.7.3/../../../../../H-x86_64-pc-linux-gnu/nios2-elf/lib/mno-hw-mul/libc.a(lib_a-vfprintf.o)
 .bss           0x0000000008011efc        0x0 /home/wilywyrm/altera/14.0/nios2eds/bin/gnu/H-x86_64-pc-linux-gnu/bin/../lib/gcc/nios2-elf/4.7.3/../../../../../H-x86_64-pc-linux-gnu/nios2-elf/lib/mno-hw-mul/libc.a(lib_a-wsetup.o)
 .bss           0x0000000008011efc        0x0 /home/wilywyrm/altera/14.0/nios2eds/bin/gnu/H-x86_64-pc-linux-gnu/bin/../lib/gcc/nios2-elf/4.7.3/../../../../../H-x86_64-pc-linux-gnu/nios2-elf/lib/mno-hw-mul/libc.a(lib_a-dtoa.o)
 .bss           0x0000000008011efc        0x0 /home/wilywyrm/altera/14.0/nios2eds/bin/gnu/H-x86_64-pc-linux-gnu/bin/../lib/gcc/nios2-elf/4.7.3/../../../../../H-x86_64-pc-linux-gnu/nios2-elf/lib/mno-hw-mul/libc.a(lib_a-fflush.o)
 .bss           0x0000000008011efc        0x0 /home/wilywyrm/altera/14.0/nios2eds/bin/gnu/H-x86_64-pc-linux-gnu/bin/../lib/gcc/nios2-elf/4.7.3/../../../../../H-x86_64-pc-linux-gnu/nios2-elf/lib/mno-hw-mul/libc.a(lib_a-findfp.o)
 .bss           0x0000000008011efc        0x0 /home/wilywyrm/altera/14.0/nios2eds/bin/gnu/H-x86_64-pc-linux-gnu/bin/../lib/gcc/nios2-elf/4.7.3/../../../../../H-x86_64-pc-linux-gnu/nios2-elf/lib/mno-hw-mul/libc.a(lib_a-freer.o)
 .bss           0x0000000008011efc        0x0 /home/wilywyrm/altera/14.0/nios2eds/bin/gnu/H-x86_64-pc-linux-gnu/bin/../lib/gcc/nios2-elf/4.7.3/../../../../../H-x86_64-pc-linux-gnu/nios2-elf/lib/mno-hw-mul/libc.a(lib_a-fvwrite.o)
 .bss           0x0000000008011efc        0x0 /home/wilywyrm/altera/14.0/nios2eds/bin/gnu/H-x86_64-pc-linux-gnu/bin/../lib/gcc/nios2-elf/4.7.3/../../../../../H-x86_64-pc-linux-gnu/nios2-elf/lib/mno-hw-mul/libc.a(lib_a-fwalk.o)
 .bss           0x0000000008011efc        0x0 /home/wilywyrm/altera/14.0/nios2eds/bin/gnu/H-x86_64-pc-linux-gnu/bin/../lib/gcc/nios2-elf/4.7.3/../../../../../H-x86_64-pc-linux-gnu/nios2-elf/lib/mno-hw-mul/libc.a(lib_a-impure.o)
 .bss           0x0000000008011efc        0x0 /home/wilywyrm/altera/14.0/nios2eds/bin/gnu/H-x86_64-pc-linux-gnu/bin/../lib/gcc/nios2-elf/4.7.3/../../../../../H-x86_64-pc-linux-gnu/nios2-elf/lib/mno-hw-mul/libc.a(lib_a-locale.o)
 .bss           0x0000000008011efc        0x0 /home/wilywyrm/altera/14.0/nios2eds/bin/gnu/H-x86_64-pc-linux-gnu/bin/../lib/gcc/nios2-elf/4.7.3/../../../../../H-x86_64-pc-linux-gnu/nios2-elf/lib/mno-hw-mul/libc.a(lib_a-makebuf.o)
 .bss           0x0000000008011efc       0x28 /home/wilywyrm/altera/14.0/nios2eds/bin/gnu/H-x86_64-pc-linux-gnu/bin/../lib/gcc/nios2-elf/4.7.3/../../../../../H-x86_64-pc-linux-gnu/nios2-elf/lib/mno-hw-mul/libc.a(lib_a-mallocr.o)
                0x0000000008011efc                __malloc_current_mallinfo
 .bss           0x0000000008011f24        0x0 /home/wilywyrm/altera/14.0/nios2eds/bin/gnu/H-x86_64-pc-linux-gnu/bin/../lib/gcc/nios2-elf/4.7.3/../../../../../H-x86_64-pc-linux-gnu/nios2-elf/lib/mno-hw-mul/libc.a(lib_a-memchr.o)
 .bss           0x0000000008011f24        0x0 /home/wilywyrm/altera/14.0/nios2eds/bin/gnu/H-x86_64-pc-linux-gnu/bin/../lib/gcc/nios2-elf/4.7.3/../../../../../H-x86_64-pc-linux-gnu/nios2-elf/lib/mno-hw-mul/libc.a(lib_a-memcpy.o)
 .bss           0x0000000008011f24        0x0 /home/wilywyrm/altera/14.0/nios2eds/bin/gnu/H-x86_64-pc-linux-gnu/bin/../lib/gcc/nios2-elf/4.7.3/../../../../../H-x86_64-pc-linux-gnu/nios2-elf/lib/mno-hw-mul/libc.a(lib_a-memmove.o)
 .bss           0x0000000008011f24        0x0 /home/wilywyrm/altera/14.0/nios2eds/bin/gnu/H-x86_64-pc-linux-gnu/bin/../lib/gcc/nios2-elf/4.7.3/../../../../../H-x86_64-pc-linux-gnu/nios2-elf/lib/mno-hw-mul/libc.a(lib_a-memset.o)
 .bss           0x0000000008011f24        0x0 /home/wilywyrm/altera/14.0/nios2eds/bin/gnu/H-x86_64-pc-linux-gnu/bin/../lib/gcc/nios2-elf/4.7.3/../../../../../H-x86_64-pc-linux-gnu/nios2-elf/lib/mno-hw-mul/libc.a(lib_a-mprec.o)
 .bss           0x0000000008011f24        0x0 /home/wilywyrm/altera/14.0/nios2eds/bin/gnu/H-x86_64-pc-linux-gnu/bin/../lib/gcc/nios2-elf/4.7.3/../../../../../H-x86_64-pc-linux-gnu/nios2-elf/lib/mno-hw-mul/libc.a(lib_a-reallocr.o)
 .bss           0x0000000008011f24        0x0 /home/wilywyrm/altera/14.0/nios2eds/bin/gnu/H-x86_64-pc-linux-gnu/bin/../lib/gcc/nios2-elf/4.7.3/../../../../../H-x86_64-pc-linux-gnu/nios2-elf/lib/mno-hw-mul/libc.a(lib_a-s_isinfd.o)
 .bss           0x0000000008011f24        0x0 /home/wilywyrm/altera/14.0/nios2eds/bin/gnu/H-x86_64-pc-linux-gnu/bin/../lib/gcc/nios2-elf/4.7.3/../../../../../H-x86_64-pc-linux-gnu/nios2-elf/lib/mno-hw-mul/libc.a(lib_a-s_isnand.o)
 .bss           0x0000000008011f24        0x0 /home/wilywyrm/altera/14.0/nios2eds/bin/gnu/H-x86_64-pc-linux-gnu/bin/../lib/gcc/nios2-elf/4.7.3/../../../../../H-x86_64-pc-linux-gnu/nios2-elf/lib/mno-hw-mul/libc.a(lib_a-sbrkr.o)
 .bss           0x0000000008011f24        0x0 /home/wilywyrm/altera/14.0/nios2eds/bin/gnu/H-x86_64-pc-linux-gnu/bin/../lib/gcc/nios2-elf/4.7.3/../../../../../H-x86_64-pc-linux-gnu/nios2-elf/lib/mno-hw-mul/libc.a(lib_a-stdio.o)
 .bss           0x0000000008011f24        0x0 /home/wilywyrm/altera/14.0/nios2eds/bin/gnu/H-x86_64-pc-linux-gnu/bin/../lib/gcc/nios2-elf/4.7.3/../../../../../H-x86_64-pc-linux-gnu/nios2-elf/lib/mno-hw-mul/libc.a(lib_a-strcmp.o)
 .bss           0x0000000008011f24        0x0 /home/wilywyrm/altera/14.0/nios2eds/bin/gnu/H-x86_64-pc-linux-gnu/bin/../lib/gcc/nios2-elf/4.7.3/../../../../../H-x86_64-pc-linux-gnu/nios2-elf/lib/mno-hw-mul/libc.a(lib_a-writer.o)
 .bss           0x0000000008011f24        0x0 /home/wilywyrm/altera/14.0/nios2eds/bin/gnu/H-x86_64-pc-linux-gnu/bin/../lib/gcc/nios2-elf/4.7.3/../../../../../H-x86_64-pc-linux-gnu/nios2-elf/lib/mno-hw-mul/libc.a(lib_a-callocr.o)
 .bss           0x0000000008011f24        0x0 /home/wilywyrm/altera/14.0/nios2eds/bin/gnu/H-x86_64-pc-linux-gnu/bin/../lib/gcc/nios2-elf/4.7.3/../../../../../H-x86_64-pc-linux-gnu/nios2-elf/lib/mno-hw-mul/libc.a(lib_a-closer.o)
 .bss           0x0000000008011f24        0x0 /home/wilywyrm/altera/14.0/nios2eds/bin/gnu/H-x86_64-pc-linux-gnu/bin/../lib/gcc/nios2-elf/4.7.3/../../../../../H-x86_64-pc-linux-gnu/nios2-elf/lib/mno-hw-mul/libc.a(lib_a-fclose.o)
 .bss           0x0000000008011f24        0x0 /home/wilywyrm/altera/14.0/nios2eds/bin/gnu/H-x86_64-pc-linux-gnu/bin/../lib/gcc/nios2-elf/4.7.3/../../../../../H-x86_64-pc-linux-gnu/nios2-elf/lib/mno-hw-mul/libc.a(lib_a-fstatr.o)
 .bss           0x0000000008011f24        0x0 /home/wilywyrm/altera/14.0/nios2eds/bin/gnu/H-x86_64-pc-linux-gnu/bin/../lib/gcc/nios2-elf/4.7.3/../../../../../H-x86_64-pc-linux-gnu/nios2-elf/lib/mno-hw-mul/libc.a(lib_a-int_errno.o)
 .bss           0x0000000008011f24        0x0 /home/wilywyrm/altera/14.0/nios2eds/bin/gnu/H-x86_64-pc-linux-gnu/bin/../lib/gcc/nios2-elf/4.7.3/../../../../../H-x86_64-pc-linux-gnu/nios2-elf/lib/mno-hw-mul/libc.a(lib_a-isattyr.o)
 .bss           0x0000000008011f24        0x0 /home/wilywyrm/altera/14.0/nios2eds/bin/gnu/H-x86_64-pc-linux-gnu/bin/../lib/gcc/nios2-elf/4.7.3/../../../../../H-x86_64-pc-linux-gnu/nios2-elf/lib/mno-hw-mul/libc.a(lib_a-lseekr.o)
 .bss           0x0000000008011f24        0x0 /home/wilywyrm/altera/14.0/nios2eds/bin/gnu/H-x86_64-pc-linux-gnu/bin/../lib/gcc/nios2-elf/4.7.3/../../../../../H-x86_64-pc-linux-gnu/nios2-elf/lib/mno-hw-mul/libc.a(lib_a-readr.o)
 .bss           0x0000000008011f24        0x0 /home/wilywyrm/altera/14.0/nios2eds/bin/gnu/H-x86_64-pc-linux-gnu/bin/../lib/gcc/nios2-elf/4.7.3/mno-hw-mul/libgcc.a(_udivdi3.o)
 .bss           0x0000000008011f24        0x0 /home/wilywyrm/altera/14.0/nios2eds/bin/gnu/H-x86_64-pc-linux-gnu/bin/../lib/gcc/nios2-elf/4.7.3/mno-hw-mul/libgcc.a(_umoddi3.o)
 .bss           0x0000000008011f24        0x0 /home/wilywyrm/altera/14.0/nios2eds/bin/gnu/H-x86_64-pc-linux-gnu/bin/../lib/gcc/nios2-elf/4.7.3/mno-hw-mul/libgcc.a(_addsub_df.o)
 .bss           0x0000000008011f24        0x0 /home/wilywyrm/altera/14.0/nios2eds/bin/gnu/H-x86_64-pc-linux-gnu/bin/../lib/gcc/nios2-elf/4.7.3/mno-hw-mul/libgcc.a(_mul_df.o)
 .bss           0x0000000008011f24        0x0 /home/wilywyrm/altera/14.0/nios2eds/bin/gnu/H-x86_64-pc-linux-gnu/bin/../lib/gcc/nios2-elf/4.7.3/mno-hw-mul/libgcc.a(_div_df.o)
 .bss           0x0000000008011f24        0x0 /home/wilywyrm/altera/14.0/nios2eds/bin/gnu/H-x86_64-pc-linux-gnu/bin/../lib/gcc/nios2-elf/4.7.3/mno-hw-mul/libgcc.a(_eq_df.o)
 .bss           0x0000000008011f24        0x0 /home/wilywyrm/altera/14.0/nios2eds/bin/gnu/H-x86_64-pc-linux-gnu/bin/../lib/gcc/nios2-elf/4.7.3/mno-hw-mul/libgcc.a(_ne_df.o)
 .bss           0x0000000008011f24        0x0 /home/wilywyrm/altera/14.0/nios2eds/bin/gnu/H-x86_64-pc-linux-gnu/bin/../lib/gcc/nios2-elf/4.7.3/mno-hw-mul/libgcc.a(_gt_df.o)
 .bss           0x0000000008011f24        0x0 /home/wilywyrm/altera/14.0/nios2eds/bin/gnu/H-x86_64-pc-linux-gnu/bin/../lib/gcc/nios2-elf/4.7.3/mno-hw-mul/libgcc.a(_ge_df.o)
 .bss           0x0000000008011f24        0x0 /home/wilywyrm/altera/14.0/nios2eds/bin/gnu/H-x86_64-pc-linux-gnu/bin/../lib/gcc/nios2-elf/4.7.3/mno-hw-mul/libgcc.a(_lt_df.o)
 .bss           0x0000000008011f24        0x0 /home/wilywyrm/altera/14.0/nios2eds/bin/gnu/H-x86_64-pc-linux-gnu/bin/../lib/gcc/nios2-elf/4.7.3/mno-hw-mul/libgcc.a(_si_to_df.o)
 .bss           0x0000000008011f24        0x0 /home/wilywyrm/altera/14.0/nios2eds/bin/gnu/H-x86_64-pc-linux-gnu/bin/../lib/gcc/nios2-elf/4.7.3/mno-hw-mul/libgcc.a(_df_to_si.o)
 .bss           0x0000000008011f24        0x0 /home/wilywyrm/altera/14.0/nios2eds/bin/gnu/H-x86_64-pc-linux-gnu/bin/../lib/gcc/nios2-elf/4.7.3/mno-hw-mul/libgcc.a(_thenan_df.o)
 .bss           0x0000000008011f24        0x0 /home/wilywyrm/altera/14.0/nios2eds/bin/gnu/H-x86_64-pc-linux-gnu/bin/../lib/gcc/nios2-elf/4.7.3/mno-hw-mul/libgcc.a(_usi_to_df.o)
 .bss           0x0000000008011f24        0x0 /home/wilywyrm/altera/14.0/nios2eds/bin/gnu/H-x86_64-pc-linux-gnu/bin/../lib/gcc/nios2-elf/4.7.3/mno-hw-mul/libgcc.a(lib2-divmod.o)
 .bss           0x0000000008011f24        0x0 /home/wilywyrm/altera/14.0/nios2eds/bin/gnu/H-x86_64-pc-linux-gnu/bin/../lib/gcc/nios2-elf/4.7.3/mno-hw-mul/libgcc.a(lib2-mul.o)
 .bss           0x0000000008011f24        0x0 /home/wilywyrm/altera/14.0/nios2eds/bin/gnu/H-x86_64-pc-linux-gnu/bin/../lib/gcc/nios2-elf/4.7.3/mno-hw-mul/libgcc.a(_muldi3.o)
 .bss           0x0000000008011f24        0x0 /home/wilywyrm/altera/14.0/nios2eds/bin/gnu/H-x86_64-pc-linux-gnu/bin/../lib/gcc/nios2-elf/4.7.3/mno-hw-mul/libgcc.a(_clz.o)
 .bss           0x0000000008011f24        0x0 /home/wilywyrm/altera/14.0/nios2eds/bin/gnu/H-x86_64-pc-linux-gnu/bin/../lib/gcc/nios2-elf/4.7.3/mno-hw-mul/libgcc.a(_clzsi2.o)
 .bss           0x0000000008011f24        0x0 /home/wilywyrm/altera/14.0/nios2eds/bin/gnu/H-x86_64-pc-linux-gnu/bin/../lib/gcc/nios2-elf/4.7.3/mno-hw-mul/libgcc.a(_pack_df.o)
 .bss           0x0000000008011f24        0x0 /home/wilywyrm/altera/14.0/nios2eds/bin/gnu/H-x86_64-pc-linux-gnu/bin/../lib/gcc/nios2-elf/4.7.3/mno-hw-mul/libgcc.a(_unpack_df.o)
 .bss           0x0000000008011f24        0x0 /home/wilywyrm/altera/14.0/nios2eds/bin/gnu/H-x86_64-pc-linux-gnu/bin/../lib/gcc/nios2-elf/4.7.3/mno-hw-mul/libgcc.a(_fpcmp_parts_df.o)
 .bss           0x0000000008011f24        0x0 /home/wilywyrm/altera/14.0/nios2eds/bin/gnu/H-x86_64-pc-linux-gnu/bin/../lib/gcc/nios2-elf/4.7.3/mno-hw-mul/libgcc.a(_lshrdi3.o)
 .bss           0x0000000008011f24        0x0 /home/wilywyrm/altera/14.0/nios2eds/bin/gnu/H-x86_64-pc-linux-gnu/bin/../lib/gcc/nios2-elf/4.7.3/mno-hw-mul/libgcc.a(_ashldi3.o)
 .bss           0x0000000008011f24        0x0 ../usb_kb_bsp//libhal_bsp.a(alt_close.o)
 .bss           0x0000000008011f24        0x0 ../usb_kb_bsp//libhal_bsp.a(alt_dev.o)
 .bss           0x0000000008011f24        0x0 ../usb_kb_bsp//libhal_bsp.a(alt_errno.o)
 .bss           0x0000000008011f24        0x0 ../usb_kb_bsp//libhal_bsp.a(alt_fstat.o)
 .bss           0x0000000008011f24        0x0 ../usb_kb_bsp//libhal_bsp.a(alt_isatty.o)
 .bss           0x0000000008011f24        0x0 ../usb_kb_bsp//libhal_bsp.a(alt_load.o)
 .bss           0x0000000008011f24        0x0 ../usb_kb_bsp//libhal_bsp.a(alt_lseek.o)
 .bss           0x0000000008011f24        0x0 ../usb_kb_bsp//libhal_bsp.a(alt_main.o)
 .bss           0x0000000008011f24        0x0 ../usb_kb_bsp//libhal_bsp.a(alt_malloc_lock.o)
 .bss           0x0000000008011f24        0x0 ../usb_kb_bsp//libhal_bsp.a(alt_read.o)
 .bss           0x0000000008011f24        0x0 ../usb_kb_bsp//libhal_bsp.a(alt_release_fd.o)
 .bss           0x0000000008011f24        0x0 ../usb_kb_bsp//libhal_bsp.a(alt_sbrk.o)
 .bss           0x0000000008011f24        0x0 ../usb_kb_bsp//libhal_bsp.a(alt_usleep.o)
 .bss           0x0000000008011f24        0x0 ../usb_kb_bsp//libhal_bsp.a(alt_write.o)
 .bss           0x0000000008011f24        0x0 ../usb_kb_bsp//libhal_bsp.a(alt_sys_init.o)
 .bss           0x0000000008011f24        0x0 ../usb_kb_bsp//libhal_bsp.a(altera_avalon_jtag_uart_fd.o)
 .bss           0x0000000008011f24        0x0 ../usb_kb_bsp//libhal_bsp.a(altera_avalon_jtag_uart_init.o)
 .bss           0x0000000008011f24        0x0 ../usb_kb_bsp//libhal_bsp.a(altera_avalon_jtag_uart_ioctl.o)
 .bss           0x0000000008011f24        0x0 ../usb_kb_bsp//libhal_bsp.a(altera_avalon_jtag_uart_read.o)
 .bss           0x0000000008011f24        0x0 ../usb_kb_bsp//libhal_bsp.a(altera_avalon_jtag_uart_write.o)
 .bss           0x0000000008011f24        0x0 ../usb_kb_bsp//libhal_bsp.a(alt_alarm_start.o)
 .bss           0x0000000008011f24        0x0 ../usb_kb_bsp//libhal_bsp.a(alt_busy_sleep.o)
 .bss           0x0000000008011f24        0x0 ../usb_kb_bsp//libhal_bsp.a(alt_dcache_flush_all.o)
 .bss           0x0000000008011f24        0x0 ../usb_kb_bsp//libhal_bsp.a(alt_dev_llist_insert.o)
 .bss           0x0000000008011f24        0x0 ../usb_kb_bsp//libhal_bsp.a(alt_do_ctors.o)
 .bss           0x0000000008011f24        0x0 ../usb_kb_bsp//libhal_bsp.a(alt_do_dtors.o)
 .bss           0x0000000008011f24        0x0 ../usb_kb_bsp//libhal_bsp.a(alt_icache_flush_all.o)
 .bss           0x0000000008011f24        0x0 ../usb_kb_bsp//libhal_bsp.a(alt_iic.o)
 .bss           0x0000000008011f24        0x0 ../usb_kb_bsp//libhal_bsp.a(alt_iic_isr_register.o)
 .bss           0x0000000008011f24        0x0 ../usb_kb_bsp//libhal_bsp.a(alt_io_redirect.o)
 .bss           0x0000000008011f24        0x0 ../usb_kb_bsp//libhal_bsp.a(alt_irq_entry.o)
 .bss           0x0000000008011f24        0x0 ../usb_kb_bsp//libhal_bsp.a(alt_irq_handler.o)
 .bss           0x0000000008011f24        0x0 ../usb_kb_bsp//libhal_bsp.a(alt_irq_vars.o)
 .bss           0x0000000008011f24        0x0 ../usb_kb_bsp//libhal_bsp.a(alt_open.o)
 .bss           0x0000000008011f24        0x0 ../usb_kb_bsp//libhal_bsp.a(alt_tick.o)
 .bss           0x0000000008011f24        0x0 ../usb_kb_bsp//libhal_bsp.a(altera_nios2_qsys_irq.o)
 .bss           0x0000000008011f24        0x0 ../usb_kb_bsp//libhal_bsp.a(alt_exception_entry.o)
 .bss           0x0000000008011f24        0x0 ../usb_kb_bsp//libhal_bsp.a(alt_find_dev.o)
 .bss           0x0000000008011f24        0x0 ../usb_kb_bsp//libhal_bsp.a(alt_find_file.o)
 .bss           0x0000000008011f24        0x0 ../usb_kb_bsp//libhal_bsp.a(alt_get_fd.o)
 .bss           0x0000000008011f24        0x0 /home/wilywyrm/altera/14.0/nios2eds/bin/gnu/H-x86_64-pc-linux-gnu/bin/../lib/gcc/nios2-elf/4.7.3/../../../../../H-x86_64-pc-linux-gnu/nios2-elf/lib/mno-hw-mul/libc.a(lib_a-atexit.o)
 .bss           0x0000000008011f24        0x0 /home/wilywyrm/altera/14.0/nios2eds/bin/gnu/H-x86_64-pc-linux-gnu/bin/../lib/gcc/nios2-elf/4.7.3/../../../../../H-x86_64-pc-linux-gnu/nios2-elf/lib/mno-hw-mul/libc.a(lib_a-exit.o)
 .bss           0x0000000008011f24        0x0 /home/wilywyrm/altera/14.0/nios2eds/bin/gnu/H-x86_64-pc-linux-gnu/bin/../lib/gcc/nios2-elf/4.7.3/../../../../../H-x86_64-pc-linux-gnu/nios2-elf/lib/mno-hw-mul/libc.a(lib_a-memcmp.o)
 .bss           0x0000000008011f24        0x0 /home/wilywyrm/altera/14.0/nios2eds/bin/gnu/H-x86_64-pc-linux-gnu/bin/../lib/gcc/nios2-elf/4.7.3/../../../../../H-x86_64-pc-linux-gnu/nios2-elf/lib/mno-hw-mul/libc.a(lib_a-__atexit.o)
 .bss           0x0000000008011f24        0x0 /home/wilywyrm/altera/14.0/nios2eds/bin/gnu/H-x86_64-pc-linux-gnu/bin/../lib/gcc/nios2-elf/4.7.3/../../../../../H-x86_64-pc-linux-gnu/nios2-elf/lib/mno-hw-mul/libc.a(lib_a-__call_atexit.o)
 .bss           0x0000000008011f24        0x0 ../usb_kb_bsp//libhal_bsp.a(alt_exit.o)
 *(COMMON)
 COMMON         0x0000000008011f24      0x100 ../usb_kb_bsp//libhal_bsp.a(alt_irq_handler.o)
                0x0000000008011f24                alt_irq
 COMMON         0x0000000008012024      0x190 /home/wilywyrm/altera/14.0/nios2eds/bin/gnu/H-x86_64-pc-linux-gnu/bin/../lib/gcc/nios2-elf/4.7.3/../../../../../H-x86_64-pc-linux-gnu/nios2-elf/lib/mno-hw-mul/libc.a(lib_a-atexit.o)
                0x0000000008012024                _atexit0
                0x00000000080121b4                . = ALIGN (0x4)
                0x00000000080121b4                __bss_end = ABSOLUTE (.)

.sdram          0x00000000080121b4        0x0
                0x00000000080121b4                PROVIDE (_alt_partition_sdram_start, ABSOLUTE (.))
 *(.sdram .sdram. sdram.*)
                0x00000000080121b4                . = ALIGN (0x4)
                0x00000000080121b4                PROVIDE (_alt_partition_sdram_end, ABSOLUTE (.))
                0x00000000080121b4                _end = ABSOLUTE (.)
                0x00000000080121b4                end = ABSOLUTE (.)
                0x00000000080121b4                __alt_stack_base = ABSOLUTE (.)
                0x00000000080121b4                PROVIDE (_alt_partition_sdram_load_addr, LOADADDR (.sdram))

.stab
 *(.stab)

.stabstr
 *(.stabstr)

.stab.excl
 *(.stab.excl)

.stab.exclstr
 *(.stab.exclstr)

.stab.index
 *(.stab.index)

.stab.indexstr
 *(.stab.indexstr)

.comment        0x0000000000000000       0x23
 *(.comment)
 .comment       0x0000000000000000       0x23 obj/default/main.o
                                         0x24 (size before relaxing)
 .comment       0x0000000000000000       0x24 obj/default/usb.o
 .comment       0x0000000000000000       0x24 /home/wilywyrm/altera/14.0/nios2eds/bin/gnu/H-x86_64-pc-linux-gnu/bin/../lib/gcc/nios2-elf/4.7.3/../../../../../H-x86_64-pc-linux-gnu/nios2-elf/lib/mno-hw-mul/libc.a(lib_a-printf.o)
 .comment       0x0000000000000000       0x24 /home/wilywyrm/altera/14.0/nios2eds/bin/gnu/H-x86_64-pc-linux-gnu/bin/../lib/gcc/nios2-elf/4.7.3/../../../../../H-x86_64-pc-linux-gnu/nios2-elf/lib/mno-hw-mul/libc.a(lib_a-puts.o)
 .comment       0x0000000000000000       0x24 /home/wilywyrm/altera/14.0/nios2eds/bin/gnu/H-x86_64-pc-linux-gnu/bin/../lib/gcc/nios2-elf/4.7.3/../../../../../H-x86_64-pc-linux-gnu/nios2-elf/lib/mno-hw-mul/libc.a(lib_a-strlen.o)
 .comment       0x0000000000000000       0x24 /home/wilywyrm/altera/14.0/nios2eds/bin/gnu/H-x86_64-pc-linux-gnu/bin/../lib/gcc/nios2-elf/4.7.3/../../../../../H-x86_64-pc-linux-gnu/nios2-elf/lib/mno-hw-mul/libc.a(lib_a-vfprintf.o)
 .comment       0x0000000000000000       0x24 /home/wilywyrm/altera/14.0/nios2eds/bin/gnu/H-x86_64-pc-linux-gnu/bin/../lib/gcc/nios2-elf/4.7.3/../../../../../H-x86_64-pc-linux-gnu/nios2-elf/lib/mno-hw-mul/libc.a(lib_a-wsetup.o)
 .comment       0x0000000000000000       0x24 /home/wilywyrm/altera/14.0/nios2eds/bin/gnu/H-x86_64-pc-linux-gnu/bin/../lib/gcc/nios2-elf/4.7.3/../../../../../H-x86_64-pc-linux-gnu/nios2-elf/lib/mno-hw-mul/libc.a(lib_a-dtoa.o)
 .comment       0x0000000000000000       0x24 /home/wilywyrm/altera/14.0/nios2eds/bin/gnu/H-x86_64-pc-linux-gnu/bin/../lib/gcc/nios2-elf/4.7.3/../../../../../H-x86_64-pc-linux-gnu/nios2-elf/lib/mno-hw-mul/libc.a(lib_a-fflush.o)
 .comment       0x0000000000000000       0x24 /home/wilywyrm/altera/14.0/nios2eds/bin/gnu/H-x86_64-pc-linux-gnu/bin/../lib/gcc/nios2-elf/4.7.3/../../../../../H-x86_64-pc-linux-gnu/nios2-elf/lib/mno-hw-mul/libc.a(lib_a-findfp.o)
 .comment       0x0000000000000000       0x24 /home/wilywyrm/altera/14.0/nios2eds/bin/gnu/H-x86_64-pc-linux-gnu/bin/../lib/gcc/nios2-elf/4.7.3/../../../../../H-x86_64-pc-linux-gnu/nios2-elf/lib/mno-hw-mul/libc.a(lib_a-freer.o)
 .comment       0x0000000000000000       0x24 /home/wilywyrm/altera/14.0/nios2eds/bin/gnu/H-x86_64-pc-linux-gnu/bin/../lib/gcc/nios2-elf/4.7.3/../../../../../H-x86_64-pc-linux-gnu/nios2-elf/lib/mno-hw-mul/libc.a(lib_a-fvwrite.o)
 .comment       0x0000000000000000       0x24 /home/wilywyrm/altera/14.0/nios2eds/bin/gnu/H-x86_64-pc-linux-gnu/bin/../lib/gcc/nios2-elf/4.7.3/../../../../../H-x86_64-pc-linux-gnu/nios2-elf/lib/mno-hw-mul/libc.a(lib_a-fwalk.o)
 .comment       0x0000000000000000       0x24 /home/wilywyrm/altera/14.0/nios2eds/bin/gnu/H-x86_64-pc-linux-gnu/bin/../lib/gcc/nios2-elf/4.7.3/../../../../../H-x86_64-pc-linux-gnu/nios2-elf/lib/mno-hw-mul/libc.a(lib_a-impure.o)
 .comment       0x0000000000000000       0x24 /home/wilywyrm/altera/14.0/nios2eds/bin/gnu/H-x86_64-pc-linux-gnu/bin/../lib/gcc/nios2-elf/4.7.3/../../../../../H-x86_64-pc-linux-gnu/nios2-elf/lib/mno-hw-mul/libc.a(lib_a-locale.o)
 .comment       0x0000000000000000       0x24 /home/wilywyrm/altera/14.0/nios2eds/bin/gnu/H-x86_64-pc-linux-gnu/bin/../lib/gcc/nios2-elf/4.7.3/../../../../../H-x86_64-pc-linux-gnu/nios2-elf/lib/mno-hw-mul/libc.a(lib_a-makebuf.o)
 .comment       0x0000000000000000       0x24 /home/wilywyrm/altera/14.0/nios2eds/bin/gnu/H-x86_64-pc-linux-gnu/bin/../lib/gcc/nios2-elf/4.7.3/../../../../../H-x86_64-pc-linux-gnu/nios2-elf/lib/mno-hw-mul/libc.a(lib_a-mallocr.o)
 .comment       0x0000000000000000       0x24 /home/wilywyrm/altera/14.0/nios2eds/bin/gnu/H-x86_64-pc-linux-gnu/bin/../lib/gcc/nios2-elf/4.7.3/../../../../../H-x86_64-pc-linux-gnu/nios2-elf/lib/mno-hw-mul/libc.a(lib_a-memchr.o)
 .comment       0x0000000000000000       0x24 /home/wilywyrm/altera/14.0/nios2eds/bin/gnu/H-x86_64-pc-linux-gnu/bin/../lib/gcc/nios2-elf/4.7.3/../../../../../H-x86_64-pc-linux-gnu/nios2-elf/lib/mno-hw-mul/libc.a(lib_a-memcpy.o)
 .comment       0x0000000000000000       0x24 /home/wilywyrm/altera/14.0/nios2eds/bin/gnu/H-x86_64-pc-linux-gnu/bin/../lib/gcc/nios2-elf/4.7.3/../../../../../H-x86_64-pc-linux-gnu/nios2-elf/lib/mno-hw-mul/libc.a(lib_a-memmove.o)
 .comment       0x0000000000000000       0x24 /home/wilywyrm/altera/14.0/nios2eds/bin/gnu/H-x86_64-pc-linux-gnu/bin/../lib/gcc/nios2-elf/4.7.3/../../../../../H-x86_64-pc-linux-gnu/nios2-elf/lib/mno-hw-mul/libc.a(lib_a-memset.o)
 .comment       0x0000000000000000       0x24 /home/wilywyrm/altera/14.0/nios2eds/bin/gnu/H-x86_64-pc-linux-gnu/bin/../lib/gcc/nios2-elf/4.7.3/../../../../../H-x86_64-pc-linux-gnu/nios2-elf/lib/mno-hw-mul/libc.a(lib_a-mprec.o)
 .comment       0x0000000000000000       0x24 /home/wilywyrm/altera/14.0/nios2eds/bin/gnu/H-x86_64-pc-linux-gnu/bin/../lib/gcc/nios2-elf/4.7.3/../../../../../H-x86_64-pc-linux-gnu/nios2-elf/lib/mno-hw-mul/libc.a(lib_a-reallocr.o)
 .comment       0x0000000000000000       0x24 /home/wilywyrm/altera/14.0/nios2eds/bin/gnu/H-x86_64-pc-linux-gnu/bin/../lib/gcc/nios2-elf/4.7.3/../../../../../H-x86_64-pc-linux-gnu/nios2-elf/lib/mno-hw-mul/libc.a(lib_a-s_isinfd.o)
 .comment       0x0000000000000000       0x24 /home/wilywyrm/altera/14.0/nios2eds/bin/gnu/H-x86_64-pc-linux-gnu/bin/../lib/gcc/nios2-elf/4.7.3/../../../../../H-x86_64-pc-linux-gnu/nios2-elf/lib/mno-hw-mul/libc.a(lib_a-s_isnand.o)
 .comment       0x0000000000000000       0x24 /home/wilywyrm/altera/14.0/nios2eds/bin/gnu/H-x86_64-pc-linux-gnu/bin/../lib/gcc/nios2-elf/4.7.3/../../../../../H-x86_64-pc-linux-gnu/nios2-elf/lib/mno-hw-mul/libc.a(lib_a-sbrkr.o)
 .comment       0x0000000000000000       0x24 /home/wilywyrm/altera/14.0/nios2eds/bin/gnu/H-x86_64-pc-linux-gnu/bin/../lib/gcc/nios2-elf/4.7.3/../../../../../H-x86_64-pc-linux-gnu/nios2-elf/lib/mno-hw-mul/libc.a(lib_a-stdio.o)
 .comment       0x0000000000000000       0x24 /home/wilywyrm/altera/14.0/nios2eds/bin/gnu/H-x86_64-pc-linux-gnu/bin/../lib/gcc/nios2-elf/4.7.3/../../../../../H-x86_64-pc-linux-gnu/nios2-elf/lib/mno-hw-mul/libc.a(lib_a-strcmp.o)
 .comment       0x0000000000000000       0x24 /home/wilywyrm/altera/14.0/nios2eds/bin/gnu/H-x86_64-pc-linux-gnu/bin/../lib/gcc/nios2-elf/4.7.3/../../../../../H-x86_64-pc-linux-gnu/nios2-elf/lib/mno-hw-mul/libc.a(lib_a-writer.o)
 .comment       0x0000000000000000       0x24 /home/wilywyrm/altera/14.0/nios2eds/bin/gnu/H-x86_64-pc-linux-gnu/bin/../lib/gcc/nios2-elf/4.7.3/../../../../../H-x86_64-pc-linux-gnu/nios2-elf/lib/mno-hw-mul/libc.a(lib_a-callocr.o)
 .comment       0x0000000000000000       0x24 /home/wilywyrm/altera/14.0/nios2eds/bin/gnu/H-x86_64-pc-linux-gnu/bin/../lib/gcc/nios2-elf/4.7.3/../../../../../H-x86_64-pc-linux-gnu/nios2-elf/lib/mno-hw-mul/libc.a(lib_a-closer.o)
 .comment       0x0000000000000000       0x24 /home/wilywyrm/altera/14.0/nios2eds/bin/gnu/H-x86_64-pc-linux-gnu/bin/../lib/gcc/nios2-elf/4.7.3/../../../../../H-x86_64-pc-linux-gnu/nios2-elf/lib/mno-hw-mul/libc.a(lib_a-fclose.o)
 .comment       0x0000000000000000       0x24 /home/wilywyrm/altera/14.0/nios2eds/bin/gnu/H-x86_64-pc-linux-gnu/bin/../lib/gcc/nios2-elf/4.7.3/../../../../../H-x86_64-pc-linux-gnu/nios2-elf/lib/mno-hw-mul/libc.a(lib_a-fstatr.o)
 .comment       0x0000000000000000       0x24 /home/wilywyrm/altera/14.0/nios2eds/bin/gnu/H-x86_64-pc-linux-gnu/bin/../lib/gcc/nios2-elf/4.7.3/../../../../../H-x86_64-pc-linux-gnu/nios2-elf/lib/mno-hw-mul/libc.a(lib_a-int_errno.o)
 .comment       0x0000000000000000       0x24 /home/wilywyrm/altera/14.0/nios2eds/bin/gnu/H-x86_64-pc-linux-gnu/bin/../lib/gcc/nios2-elf/4.7.3/../../../../../H-x86_64-pc-linux-gnu/nios2-elf/lib/mno-hw-mul/libc.a(lib_a-isattyr.o)
 .comment       0x0000000000000000       0x24 /home/wilywyrm/altera/14.0/nios2eds/bin/gnu/H-x86_64-pc-linux-gnu/bin/../lib/gcc/nios2-elf/4.7.3/../../../../../H-x86_64-pc-linux-gnu/nios2-elf/lib/mno-hw-mul/libc.a(lib_a-lseekr.o)
 .comment       0x0000000000000000       0x24 /home/wilywyrm/altera/14.0/nios2eds/bin/gnu/H-x86_64-pc-linux-gnu/bin/../lib/gcc/nios2-elf/4.7.3/../../../../../H-x86_64-pc-linux-gnu/nios2-elf/lib/mno-hw-mul/libc.a(lib_a-readr.o)
 .comment       0x0000000000000000       0x24 /home/wilywyrm/altera/14.0/nios2eds/bin/gnu/H-x86_64-pc-linux-gnu/bin/../lib/gcc/nios2-elf/4.7.3/mno-hw-mul/libgcc.a(_udivdi3.o)
 .comment       0x0000000000000000       0x24 /home/wilywyrm/altera/14.0/nios2eds/bin/gnu/H-x86_64-pc-linux-gnu/bin/../lib/gcc/nios2-elf/4.7.3/mno-hw-mul/libgcc.a(_umoddi3.o)
 .comment       0x0000000000000000       0x24 /home/wilywyrm/altera/14.0/nios2eds/bin/gnu/H-x86_64-pc-linux-gnu/bin/../lib/gcc/nios2-elf/4.7.3/mno-hw-mul/libgcc.a(_addsub_df.o)
 .comment       0x0000000000000000       0x24 /home/wilywyrm/altera/14.0/nios2eds/bin/gnu/H-x86_64-pc-linux-gnu/bin/../lib/gcc/nios2-elf/4.7.3/mno-hw-mul/libgcc.a(_mul_df.o)
 .comment       0x0000000000000000       0x24 /home/wilywyrm/altera/14.0/nios2eds/bin/gnu/H-x86_64-pc-linux-gnu/bin/../lib/gcc/nios2-elf/4.7.3/mno-hw-mul/libgcc.a(_div_df.o)
 .comment       0x0000000000000000       0x24 /home/wilywyrm/altera/14.0/nios2eds/bin/gnu/H-x86_64-pc-linux-gnu/bin/../lib/gcc/nios2-elf/4.7.3/mno-hw-mul/libgcc.a(_eq_df.o)
 .comment       0x0000000000000000       0x24 /home/wilywyrm/altera/14.0/nios2eds/bin/gnu/H-x86_64-pc-linux-gnu/bin/../lib/gcc/nios2-elf/4.7.3/mno-hw-mul/libgcc.a(_ne_df.o)
 .comment       0x0000000000000000       0x24 /home/wilywyrm/altera/14.0/nios2eds/bin/gnu/H-x86_64-pc-linux-gnu/bin/../lib/gcc/nios2-elf/4.7.3/mno-hw-mul/libgcc.a(_gt_df.o)
 .comment       0x0000000000000000       0x24 /home/wilywyrm/altera/14.0/nios2eds/bin/gnu/H-x86_64-pc-linux-gnu/bin/../lib/gcc/nios2-elf/4.7.3/mno-hw-mul/libgcc.a(_ge_df.o)
 .comment       0x0000000000000000       0x24 /home/wilywyrm/altera/14.0/nios2eds/bin/gnu/H-x86_64-pc-linux-gnu/bin/../lib/gcc/nios2-elf/4.7.3/mno-hw-mul/libgcc.a(_lt_df.o)
 .comment       0x0000000000000000       0x24 /home/wilywyrm/altera/14.0/nios2eds/bin/gnu/H-x86_64-pc-linux-gnu/bin/../lib/gcc/nios2-elf/4.7.3/mno-hw-mul/libgcc.a(_si_to_df.o)
 .comment       0x0000000000000000       0x24 /home/wilywyrm/altera/14.0/nios2eds/bin/gnu/H-x86_64-pc-linux-gnu/bin/../lib/gcc/nios2-elf/4.7.3/mno-hw-mul/libgcc.a(_df_to_si.o)
 .comment       0x0000000000000000       0x24 /home/wilywyrm/altera/14.0/nios2eds/bin/gnu/H-x86_64-pc-linux-gnu/bin/../lib/gcc/nios2-elf/4.7.3/mno-hw-mul/libgcc.a(_thenan_df.o)
 .comment       0x0000000000000000       0x24 /home/wilywyrm/altera/14.0/nios2eds/bin/gnu/H-x86_64-pc-linux-gnu/bin/../lib/gcc/nios2-elf/4.7.3/mno-hw-mul/libgcc.a(_usi_to_df.o)
 .comment       0x0000000000000000       0x24 /home/wilywyrm/altera/14.0/nios2eds/bin/gnu/H-x86_64-pc-linux-gnu/bin/../lib/gcc/nios2-elf/4.7.3/mno-hw-mul/libgcc.a(lib2-divmod.o)
 .comment       0x0000000000000000       0x24 /home/wilywyrm/altera/14.0/nios2eds/bin/gnu/H-x86_64-pc-linux-gnu/bin/../lib/gcc/nios2-elf/4.7.3/mno-hw-mul/libgcc.a(lib2-mul.o)
 .comment       0x0000000000000000       0x24 /home/wilywyrm/altera/14.0/nios2eds/bin/gnu/H-x86_64-pc-linux-gnu/bin/../lib/gcc/nios2-elf/4.7.3/mno-hw-mul/libgcc.a(_muldi3.o)
 .comment       0x0000000000000000       0x24 /home/wilywyrm/altera/14.0/nios2eds/bin/gnu/H-x86_64-pc-linux-gnu/bin/../lib/gcc/nios2-elf/4.7.3/mno-hw-mul/libgcc.a(_clz.o)
 .comment       0x0000000000000000       0x24 /home/wilywyrm/altera/14.0/nios2eds/bin/gnu/H-x86_64-pc-linux-gnu/bin/../lib/gcc/nios2-elf/4.7.3/mno-hw-mul/libgcc.a(_clzsi2.o)
 .comment       0x0000000000000000       0x24 /home/wilywyrm/altera/14.0/nios2eds/bin/gnu/H-x86_64-pc-linux-gnu/bin/../lib/gcc/nios2-elf/4.7.3/mno-hw-mul/libgcc.a(_pack_df.o)
 .comment       0x0000000000000000       0x24 /home/wilywyrm/altera/14.0/nios2eds/bin/gnu/H-x86_64-pc-linux-gnu/bin/../lib/gcc/nios2-elf/4.7.3/mno-hw-mul/libgcc.a(_unpack_df.o)
 .comment       0x0000000000000000       0x24 /home/wilywyrm/altera/14.0/nios2eds/bin/gnu/H-x86_64-pc-linux-gnu/bin/../lib/gcc/nios2-elf/4.7.3/mno-hw-mul/libgcc.a(_fpcmp_parts_df.o)
 .comment       0x0000000000000000       0x24 /home/wilywyrm/altera/14.0/nios2eds/bin/gnu/H-x86_64-pc-linux-gnu/bin/../lib/gcc/nios2-elf/4.7.3/mno-hw-mul/libgcc.a(_lshrdi3.o)
 .comment       0x0000000000000000       0x24 /home/wilywyrm/altera/14.0/nios2eds/bin/gnu/H-x86_64-pc-linux-gnu/bin/../lib/gcc/nios2-elf/4.7.3/mno-hw-mul/libgcc.a(_ashldi3.o)
 .comment       0x0000000000000000       0x24 ../usb_kb_bsp//libhal_bsp.a(alt_close.o)
 .comment       0x0000000000000000       0x24 ../usb_kb_bsp//libhal_bsp.a(alt_dev.o)
 .comment       0x0000000000000000       0x24 ../usb_kb_bsp//libhal_bsp.a(alt_errno.o)
 .comment       0x0000000000000000       0x24 ../usb_kb_bsp//libhal_bsp.a(alt_fstat.o)
 .comment       0x0000000000000000       0x24 ../usb_kb_bsp//libhal_bsp.a(alt_isatty.o)
 .comment       0x0000000000000000       0x24 ../usb_kb_bsp//libhal_bsp.a(alt_load.o)
 .comment       0x0000000000000000       0x24 ../usb_kb_bsp//libhal_bsp.a(alt_lseek.o)
 .comment       0x0000000000000000       0x24 ../usb_kb_bsp//libhal_bsp.a(alt_main.o)
 .comment       0x0000000000000000       0x24 ../usb_kb_bsp//libhal_bsp.a(alt_malloc_lock.o)
 .comment       0x0000000000000000       0x24 ../usb_kb_bsp//libhal_bsp.a(alt_read.o)
 .comment       0x0000000000000000       0x24 ../usb_kb_bsp//libhal_bsp.a(alt_release_fd.o)
 .comment       0x0000000000000000       0x24 ../usb_kb_bsp//libhal_bsp.a(alt_sbrk.o)
 .comment       0x0000000000000000       0x24 ../usb_kb_bsp//libhal_bsp.a(alt_usleep.o)
 .comment       0x0000000000000000       0x24 ../usb_kb_bsp//libhal_bsp.a(alt_write.o)
 .comment       0x0000000000000000       0x24 ../usb_kb_bsp//libhal_bsp.a(alt_sys_init.o)
 .comment       0x0000000000000000       0x24 ../usb_kb_bsp//libhal_bsp.a(altera_avalon_jtag_uart_fd.o)
 .comment       0x0000000000000000       0x24 ../usb_kb_bsp//libhal_bsp.a(altera_avalon_jtag_uart_init.o)
 .comment       0x0000000000000000       0x24 ../usb_kb_bsp//libhal_bsp.a(altera_avalon_jtag_uart_ioctl.o)
 .comment       0x0000000000000000       0x24 ../usb_kb_bsp//libhal_bsp.a(altera_avalon_jtag_uart_read.o)
 .comment       0x0000000000000000       0x24 ../usb_kb_bsp//libhal_bsp.a(altera_avalon_jtag_uart_write.o)