Archive member included because of file (symbol)

/home/wilywyrm/altera/14.0/nios2eds/bin/gnu/H-x86_64-pc-linux-gnu/bin/../lib/gcc/nios2-elf/4.7.3/mno-hw-mul/libgcc.a(lib2-mul.o)
                              obj/default/main.o (__mulsi3)
/home/wilywyrm/altera/14.0/nios2eds/bin/gnu/H-x86_64-pc-linux-gnu/bin/../lib/gcc/nios2-elf/4.7.3/../../../../../H-x86_64-pc-linux-gnu/nios2-elf/lib/mno-hw-mul/libc.a(lib_a-malloc.o)
                              obj/default/main.o (malloc)
/home/wilywyrm/altera/14.0/nios2eds/bin/gnu/H-x86_64-pc-linux-gnu/bin/../lib/gcc/nios2-elf/4.7.3/../../../../../H-x86_64-pc-linux-gnu/nios2-elf/lib/mno-hw-mul/libc.a(lib_a-mallocr.o)
                              /home/wilywyrm/altera/14.0/nios2eds/bin/gnu/H-x86_64-pc-linux-gnu/bin/../lib/gcc/nios2-elf/4.7.3/../../../../../H-x86_64-pc-linux-gnu/nios2-elf/lib/mno-hw-mul/libc.a(lib_a-malloc.o) (_malloc_r)
/home/wilywyrm/altera/14.0/nios2eds/bin/gnu/H-x86_64-pc-linux-gnu/bin/../lib/gcc/nios2-elf/4.7.3/../../../../../H-x86_64-pc-linux-gnu/nios2-elf/lib/mno-hw-mul/libc.a(lib_a-memcpy.o)
                              obj/default/main.o (memcpy)
/home/wilywyrm/altera/14.0/nios2eds/bin/gnu/H-x86_64-pc-linux-gnu/bin/../lib/gcc/nios2-elf/4.7.3/../../../../../H-x86_64-pc-linux-gnu/nios2-elf/lib/mno-hw-mul/libc.a(lib_a-sbrkr.o)
                              /home/wilywyrm/altera/14.0/nios2eds/bin/gnu/H-x86_64-pc-linux-gnu/bin/../lib/gcc/nios2-elf/4.7.3/../../../../../H-x86_64-pc-linux-gnu/nios2-elf/lib/mno-hw-mul/libc.a(lib_a-mallocr.o) (_sbrk_r)
/home/wilywyrm/altera/14.0/nios2eds/bin/gnu/H-x86_64-pc-linux-gnu/bin/../lib/gcc/nios2-elf/4.7.3/../../../../../H-x86_64-pc-linux-gnu/nios2-elf/lib/mno-hw-mul/libc.a(lib_a-sprintf.o)
                              obj/default/main.o (sprintf)
/home/wilywyrm/altera/14.0/nios2eds/bin/gnu/H-x86_64-pc-linux-gnu/bin/../lib/gcc/nios2-elf/4.7.3/../../../../../H-x86_64-pc-linux-gnu/nios2-elf/lib/mno-hw-mul/libc.a(lib_a-vfprintf.o)
                              /home/wilywyrm/altera/14.0/nios2eds/bin/gnu/H-x86_64-pc-linux-gnu/bin/../lib/gcc/nios2-elf/4.7.3/../../../../../H-x86_64-pc-linux-gnu/nios2-elf/lib/mno-hw-mul/libc.a(lib_a-sprintf.o) (___vfprintf_internal_r)
/home/wilywyrm/altera/14.0/nios2eds/bin/gnu/H-x86_64-pc-linux-gnu/bin/../lib/gcc/nios2-elf/4.7.3/../../../../../H-x86_64-pc-linux-gnu/nios2-elf/lib/mno-hw-mul/libc.a(lib_a-wsetup.o)
                              /home/wilywyrm/altera/14.0/nios2eds/bin/gnu/H-x86_64-pc-linux-gnu/bin/../lib/gcc/nios2-elf/4.7.3/../../../../../H-x86_64-pc-linux-gnu/nios2-elf/lib/mno-hw-mul/libc.a(lib_a-vfprintf.o) (__swsetup_r)
/home/wilywyrm/altera/14.0/nios2eds/bin/gnu/H-x86_64-pc-linux-gnu/bin/../lib/gcc/nios2-elf/4.7.3/../../../../../H-x86_64-pc-linux-gnu/nios2-elf/lib/mno-hw-mul/libc.a(lib_a-dtoa.o)
                              /home/wilywyrm/altera/14.0/nios2eds/bin/gnu/H-x86_64-pc-linux-gnu/bin/../lib/gcc/nios2-elf/4.7.3/../../../../../H-x86_64-pc-linux-gnu/nios2-elf/lib/mno-hw-mul/libc.a(lib_a-vfprintf.o) (_dtoa_r)
/home/wilywyrm/altera/14.0/nios2eds/bin/gnu/H-x86_64-pc-linux-gnu/bin/../lib/gcc/nios2-elf/4.7.3/../../../../../H-x86_64-pc-linux-gnu/nios2-elf/lib/mno-hw-mul/libc.a(lib_a-fflush.o)
                              /home/wilywyrm/altera/14.0/nios2eds/bin/gnu/H-x86_64-pc-linux-gnu/bin/../lib/gcc/nios2-elf/4.7.3/../../../../../H-x86_64-pc-linux-gnu/nios2-elf/lib/mno-hw-mul/libc.a(lib_a-vfprintf.o) (_fflush_r)
/home/wilywyrm/altera/14.0/nios2eds/bin/gnu/H-x86_64-pc-linux-gnu/bin/../lib/gcc/nios2-elf/4.7.3/../../../../../H-x86_64-pc-linux-gnu/nios2-elf/lib/mno-hw-mul/libc.a(lib_a-findfp.o)
                              /home/wilywyrm/altera/14.0/nios2eds/bin/gnu/H-x86_64-pc-linux-gnu/bin/../lib/gcc/nios2-elf/4.7.3/../../../../../H-x86_64-pc-linux-gnu/nios2-elf/lib/mno-hw-mul/libc.a(lib_a-vfprintf.o) (__sinit)
/home/wilywyrm/altera/14.0/nios2eds/bin/gnu/H-x86_64-pc-linux-gnu/bin/../lib/gcc/nios2-elf/4.7.3/../../../../../H-x86_64-pc-linux-gnu/nios2-elf/lib/mno-hw-mul/libc.a(lib_a-freer.o)
                              /home/wilywyrm/altera/14.0/nios2eds/bin/gnu/H-x86_64-pc-linux-gnu/bin/../lib/gcc/nios2-elf/4.7.3/../../../../../H-x86_64-pc-linux-gnu/nios2-elf/lib/mno-hw-mul/libc.a(lib_a-malloc.o) (_free_r)
/home/wilywyrm/altera/14.0/nios2eds/bin/gnu/H-x86_64-pc-linux-gnu/bin/../lib/gcc/nios2-elf/4.7.3/../../../../../H-x86_64-pc-linux-gnu/nios2-elf/lib/mno-hw-mul/libc.a(lib_a-fvwrite.o)
                              /home/wilywyrm/altera/14.0/nios2eds/bin/gnu/H-x86_64-pc-linux-gnu/bin/../lib/gcc/nios2-elf/4.7.3/../../../../../H-x86_64-pc-linux-gnu/nios2-elf/lib/mno-hw-mul/libc.a(lib_a-vfprintf.o) (__sfvwrite_r)
/home/wilywyrm/altera/14.0/nios2eds/bin/gnu/H-x86_64-pc-linux-gnu/bin/../lib/gcc/nios2-elf/4.7.3/../../../../../H-x86_64-pc-linux-gnu/nios2-elf/lib/mno-hw-mul/libc.a(lib_a-fwalk.o)
[...]
Memory Configuration

Name             Origin             Length             Attributes
reset            0x0000000008000000 0x0000000000000020
sdram_controller_0 0x0000000008000020 0x0000000007ffffe0
*default*        0x0000000000000000 0xffffffffffffffff

Linker script and memory map

LOAD ../vga_test6_bsp//obj/HAL/src/crt0.o
LOAD obj/default/display.o
LOAD obj/default/main.o
LOAD obj/default/rpg385.o
LOAD /home/wilywyrm/altera/14.0/nios2eds/bin/gnu/H-x86_64-pc-linux-gnu/bin/../lib/gcc/nios2-elf/4.7.3/../../../../../H-x86_64-pc-linux-gnu/nios2-elf/lib/mno-hw-mul/libstdc++.a
LOAD /home/wilywyrm/altera/14.0/nios2eds/bin/gnu/H-x86_64-pc-linux-gnu/bin/../lib/gcc/nios2-elf/4.7.3/../../../../../H-x86_64-pc-linux-gnu/nios2-elf/lib/mno-hw-mul/libm.a
LOAD /home/wilywyrm/altera/14.0/nios2eds/bin/gnu/H-x86_64-pc-linux-gnu/bin/../lib/gcc/nios2-elf/4.7.3/mno-hw-mul/libgcc.a
START GROUP
LOAD /home/wilywyrm/altera/14.0/nios2eds/bin/gnu/H-x86_64-pc-linux-gnu/bin/../lib/gcc/nios2-elf/4.7.3/../../../../../H-x86_64-pc-linux-gnu/nios2-elf/lib/mno-hw-mul/libc.a
LOAD /home/wilywyrm/altera/14.0/nios2eds/bin/gnu/H-x86_64-pc-linux-gnu/bin/../lib/gcc/nios2-elf/4.7.3/mno-hw-mul/libgcc.a
LOAD ../vga_test6_bsp//libhal_bsp.a
END GROUP
LOAD /home/wilywyrm/altera/14.0/nios2eds/bin/gnu/H-x86_64-pc-linux-gnu/bin/../lib/gcc/nios2-elf/4.7.3/mno-hw-mul/libgcc.a
                0x0000000008000000                __alt_mem_sdram_controller_0 = 0x8000000

.entry          0x0000000008000000       0x20
 *(.entry)
 .entry         0x0000000008000000       0x20 ../vga_test6_bsp//obj/HAL/src/crt0.o
                0x0000000008000000                __reset

.exceptions     0x0000000008000020        0x0
                0x0000000008000020                PROVIDE (__ram_exceptions_start, ABSOLUTE (.))
                0x0000000008000020                . = ALIGN (0x20)
 *(.irq)
 *(.exceptions.entry.label)
 *(.exceptions.entry.user)
 *(.exceptions.entry.ecc_fatal)
 *(.exceptions.entry)
 *(.exceptions.irqtest.user)
 *(.exceptions.irqtest)
 *(.exceptions.irqhandler.user)
 *(.exceptions.irqhandler)
 *(.exceptions.irqreturn.user)
 *(.exceptions.irqreturn)
 *(.exceptions.notirq.label)
 *(.exceptions.notirq.user)
 *(.exceptions.notirq)
 *(.exceptions.soft.user)
 *(.exceptions.soft)
 *(.exceptions.unknown.user)
 *(.exceptions.unknown)
 *(.exceptions.exit.label)
 *(.exceptions.exit.user)
 *(.exceptions.exit)
 *(.exceptions)
                0x0000000008000020                PROVIDE (__ram_exceptions_end, ABSOLUTE (.))
                0x0000000008000020                PROVIDE (__flash_exceptions_start, LOADADDR (.exceptions))

.text           0x0000000008000020     0xc878
                0x0000000008000020                PROVIDE (stext, ABSOLUTE (.))
 *(.interp)
 *(.hash)
 *(.dynsym)
 *(.dynstr)
 *(.gnu.version)
 *(.gnu.version_d)
 *(.gnu.version_r)
 *(.rel.init)
 *(.rela.init)
 *(.rel.text .rel.text.* .rel.gnu.linkonce.t.*)
 *(.rela.text .rela.text.* .rela.gnu.linkonce.t.*)
 *(.rel.fini)
 *(.rela.fini)
 *(.rel.rodata .rel.rodata.* .rel.gnu.linkonce.r.*)
 *(.rela.rodata .rela.rodata.* .rela.gnu.linkonce.r.*)
 *(.rel.data .rel.data.* .rel.gnu.linkonce.d.*)
 *(.rela.data .rela.data.* .rela.gnu.linkonce.d.*)
 *(.rel.tdata .rel.tdata.* .rel.gnu.linkonce.td.*)
 *(.rela.tdata .rela.tdata.* .rela.gnu.linkonce.td.*)
 *(.rel.tbss .rel.tbss.* .rel.gnu.linkonce.tb.*)
 *(.rela.tbss .rela.tbss.* .rela.gnu.linkonce.tb.*)
 *(.rel.ctors)
 *(.rela.ctors)
 *(.rel.dtors)
 *(.rela.dtors)
 *(.rel.got)
 *(.rela.got)
 *(.rel.sdata .rel.sdata.* .rel.gnu.linkonce.s.*)
 *(.rela.sdata .rela.sdata.* .rela.gnu.linkonce.s.*)
 *(.rel.sbss .rel.sbss.* .rel.gnu.linkonce.sb.*)
 *(.rela.sbss .rela.sbss.* .rela.gnu.linkonce.sb.*)
 *(.rel.sdata2 .rel.sdata2.* .rel.gnu.linkonce.s2.*)
 *(.rela.sdata2 .rela.sdata2.* .rela.gnu.linkonce.s2.*)
 *(.rel.sbss2 .rel.sbss2.* .rel.gnu.linkonce.sb2.*)
 *(.rela.sbss2 .rela.sbss2.* .rela.gnu.linkonce.sb2.*)
 *(.rel.bss .rel.bss.* .rel.gnu.linkonce.b.*)
 *(.rela.bss .rela.bss.* .rela.gnu.linkonce.b.*)
 *(.rel.plt)
 *(.rela.plt)
 *(.rel.dyn)
 *(.init)
 *(.plt)
 *(.text .stub .text.* .gnu.linkonce.t.*)
 .text          0x0000000008000020       0x3c ../vga_test6_bsp//obj/HAL/src/crt0.o
                0x0000000008000020                _start
 .text          0x000000000800005c        0x0 obj/default/display.o
 .text          0x000000000800005c     0x1b60 obj/default/main.o
                0x000000000800005c                main
                0x0000000008000c10                Event_new
                0x0000000008000db8                initEvents
                0x000000000800158c                printChoices
                0x00000000080016c8                blinkText
                0x00000000080016f0                waitPress
                0x0000000008001740                waitRelease
                0x0000000008001784                addToScreen
                0x0000000008001938                initFrame
                0x0000000008001968                flush
                0x0000000008001994                flushPixels
                0x00000000080019e8                flushChar
                0x0000000008001a8c                VGA_text
                0x0000000008001b14                VGA_box
 .text          0x0000000008001bbc        0x0 obj/default/rpg385.o
 .text          0x0000000008001bbc       0x28 /home/wilywyrm/altera/14.0/nios2eds/bin/gnu/H-x86_64-pc-linux-gnu/bin/../lib/gcc/nios2-elf/4.7.3/mno-hw-mul/libgcc.a(lib2-mul.o)
                0x0000000008001bbc                __mulsi3
 .text          0x0000000008001be4       0x28 /home/wilywyrm/altera/14.0/nios2eds/bin/gnu/H-x86_64-pc-linux-gnu/bin/../lib/gcc/nios2-elf/4.7.3/../../../../../H-x86_64-pc-linux-gnu/nios2-elf/lib/mno-hw-mul/libc.a(lib_a-malloc.o)
                0x0000000008001be4                malloc
                0x0000000008001bf8                free
 .text          0x0000000008001c0c      0x784 /home/wilywyrm/altera/14.0/nios2eds/bin/gnu/H-x86_64-pc-linux-gnu/bin/../lib/gcc/nios2-elf/4.7.3/../../../../../H-x86_64-pc-linux-gnu/nios2-elf/lib/mno-hw-mul/libc.a(lib_a-mallocr.o)
                0x0000000008001c0c                _malloc_r
 .text          0x0000000008002390      0x140 /home/wilywyrm/altera/14.0/nios2eds/bin/gnu/H-x86_64-pc-linux-gnu/bin/../lib/gcc/nios2-elf/4.7.3/../../../../../H-x86_64-pc-linux-gnu/nios2-elf/lib/mno-hw-mul/libc.a(lib_a-memcpy.o)
                0x0000000008002390                memcpy
 .text          0x00000000080024d0       0x64 /home/wilywyrm/altera/14.0/nios2eds/bin/gnu/H-x86_64-pc-linux-gnu/bin/../lib/gcc/nios2-elf/4.7.3/../../../../../H-x86_64-pc-linux-gnu/nios2-elf/lib/mno-hw-mul/libc.a(lib_a-sbrkr.o)
                0x00000000080024d0                _sbrk_r
 .text          0x0000000008002534       0xc4 /home/wilywyrm/altera/14.0/nios2eds/bin/gnu/H-x86_64-pc-linux-gnu/bin/../lib/gcc/nios2-elf/4.7.3/../../../../../H-x86_64-pc-linux-gnu/nios2-elf/lib/mno-hw-mul/libc.a(lib_a-sprintf.o)
                0x0000000008002534                _sprintf_r
                0x000000000800258c                sprintf
 .text          0x00000000080025f8     0x1ed4 /home/wilywyrm/altera/14.0/nios2eds/bin/gnu/H-x86_64-pc-linux-gnu/bin/../lib/gcc/nios2-elf/4.7.3/../../../../../H-x86_64-pc-linux-gnu/nios2-elf/lib/mno-hw-mul/libc.a(lib_a-vfprintf.o)
                0x000000000800262c                ___vfprintf_internal_r
                0x00000000080044a8                __vfprintf_internal
 .text          0x00000000080044cc      0x174 /home/wilywyrm/altera/14.0/nios2eds/bin/gnu/H-x86_64-pc-linux-gnu/bin/../lib/gcc/nios2-elf/4.7.3/../../../../../H-x86_64-pc-linux-gnu/nios2-elf/lib/mno-hw-mul/libc.a(lib_a-wsetup.o)
                0x00000000080044cc                __swsetup_r
 .text          0x0000000008004640     0x1858 /home/wilywyrm/altera/14.0/nios2eds/bin/gnu/H-x86_64-pc-linux-gnu/bin/../lib/gcc/nios2-elf/4.7.3/../../../../../H-x86_64-pc-linux-gnu/nios2-elf/lib/mno-hw-mul/libc.a(lib_a-dtoa.o)
                0x000000000800487c                _dtoa_r
 .text          0x0000000008005e98      0x218 /home/wilywyrm/altera/14.0/nios2eds/bin/gnu/H-x86_64-pc-linux-gnu/bin/../lib/gcc/nios2-elf/4.7.3/../../../../../H-x86_64-pc-linux-gnu/nios2-elf/lib/mno-hw-mul/libc.a(lib_a-fflush.o)
                0x0000000008005e98                _fflush_r
                0x0000000008006080                fflush
 .text          0x00000000080060b0      0x2ec /home/wilywyrm/altera/14.0/nios2eds/bin/gnu/H-x86_64-pc-linux-gnu/bin/../lib/gcc/nios2-elf/4.7.3/../../../../../H-x86_64-pc-linux-gnu/nios2-elf/lib/mno-hw-mul/libc.a(lib_a-findfp.o)
                0x00000000080060c0                _cleanup_r
                0x00000000080060cc                __sfmoreglue
                0x0000000008006144                _cleanup
                0x0000000008006154                __sinit
                0x0000000008006260                __sfp
                0x000000000800635c                __sfp_lock_acquire
                0x0000000008006360                __sfp_lock_release
                0x0000000008006364                __sinit_lock_acquire
                0x0000000008006368                __sinit_lock_release
                0x000000000800636c                __fp_lock_all
                0x0000000008006384                __fp_unlock_all
 .text          0x000000000800639c      0x40c /home/wilywyrm/altera/14.0/nios2eds/bin/gnu/H-x86_64-pc-linux-gnu/bin/../lib/gcc/nios2-elf/4.7.3/../../../../../H-x86_64-pc-linux-gnu/nios2-elf/lib/mno-hw-mul/libc.a(lib_a-freer.o)
                0x000000000800639c                _malloc_trim_r
                0x00000000080064d8                _free_r
 .text          0x00000000080067a8      0x4e4 /home/wilywyrm/altera/14.0/nios2eds/bin/gnu/H-x86_64-pc-linux-gnu/bin/../lib/gcc/nios2-elf/4.7.3/../../../../../H-x86_64-pc-linux-gnu/nios2-elf/lib/mno-hw-mul/libc.a(lib_a-fvwrite.o)
                0x00000000080067a8                __sfvwrite_r
 .text          0x0000000008006c8c      0x160 /home/wilywyrm/altera/14.0/nios2eds/bin/gnu/H-x86_64-pc-linux-gnu/bin/../lib/gcc/nios2-elf/4.7.3/../../../../../H-x86_64-pc-linux-gnu/nios2-elf/lib/mno-hw-mul/libc.a(lib_a-fwalk.o)
                0x0000000008006c8c                _fwalk
                0x0000000008006d34                _fwalk_reent
 .text          0x0000000008006dec        0x0 /home/wilywyrm/altera/14.0/nios2eds/bin/gnu/H-x86_64-pc-linux-gnu/bin/../lib/gcc/nios2-elf/4.7.3/../../../../../H-x86_64-pc-linux-gnu/nios2-elf/lib/mno-hw-mul/libc.a(lib_a-impure.o)
 .text          0x0000000008006dec        0x0 /home/wilywyrm/altera/14.0/nios2eds/bin/gnu/H-x86_64-pc-linux-gnu/bin/../lib/gcc/nios2-elf/4.7.3/../../../../../H-x86_64-pc-linux-gnu/nios2-elf/lib/mno-hw-mul/libc.a(lib_a-int_errno.o)
 .text          0x0000000008006dec       0xdc /home/wilywyrm/altera/14.0/nios2eds/bin/gnu/H-x86_64-pc-linux-gnu/bin/../lib/gcc/nios2-elf/4.7.3/../../../../../H-x86_64-pc-linux-gnu/nios2-elf/lib/mno-hw-mul/libc.a(lib_a-locale.o)
                0x0000000008006dec                _setlocale_r
                0x0000000008006e88                __locale_charset
                0x0000000008006e94                _localeconv_r
                0x0000000008006ea0                setlocale
                0x0000000008006ebc                localeconv
 .text          0x0000000008006ec8      0x1a8 /home/wilywyrm/altera/14.0/nios2eds/bin/gnu/H-x86_64-pc-linux-gnu/bin/../lib/gcc/nios2-elf/4.7.3/../../../../../H-x86_64-pc-linux-gnu/nios2-elf/lib/mno-hw-mul/libc.a(lib_a-makebuf.o)
                0x0000000008006ec8                __smakebuf_r
 .text          0x0000000008007070       0xf8 /home/wilywyrm/altera/14.0/nios2eds/bin/gnu/H-x86_64-pc-linux-gnu/bin/../lib/gcc/nios2-elf/4.7.3/../../../../../H-x86_64-pc-linux-gnu/nios2-elf/lib/mno-hw-mul/libc.a(lib_a-memchr.o)
                0x0000000008007070                memchr
 .text          0x0000000008007168      0x18c /home/wilywyrm/altera/14.0/nios2eds/bin/gnu/H-x86_64-pc-linux-gnu/bin/../lib/gcc/nios2-elf/4.7.3/../../../../../H-x86_64-pc-linux-gnu/nios2-elf/lib/mno-hw-mul/libc.a(lib_a-memmove.o)
                0x0000000008007168                memmove
 .text          0x00000000080072f4       0xdc /home/wilywyrm/altera/14.0/nios2eds/bin/gnu/H-x86_64-pc-linux-gnu/bin/../lib/gcc/nios2-elf/4.7.3/../../../../../H-x86_64-pc-linux-gnu/nios2-elf/lib/mno-hw-mul/libc.a(lib_a-memset.o)
                0x00000000080072f4                memset
 .text          0x00000000080073d0     0x1050 /home/wilywyrm/altera/14.0/nios2eds/bin/gnu/H-x86_64-pc-linux-gnu/bin/../lib/gcc/nios2-elf/4.7.3/../../../../../H-x86_64-pc-linux-gnu/nios2-elf/lib/mno-hw-mul/libc.a(lib_a-mprec.o)
                0x00000000080073d0                _Balloc
                0x0000000008007478                _Bfree
                0x00000000080074a0                __multadd
                0x00000000080075e4                __s2b
                0x00000000080076e8                __hi0bits
                0x0000000008007750                __lo0bits
                0x0000000008007800                __i2b
                0x000000000800783c                __multiply
                0x0000000008007a94                __pow5mult
                0x0000000008007bc0                __lshift
                0x0000000008007d1c                __mcmp
                0x0000000008007d74                __mdiff
                0x0000000008007f1c                __ulp
                0x0000000008007f7c                __b2d
                0x00000000080080c4                __d2b
                0x0000000008008208                __ratio
                0x00000000080082ac                _mprec_log10
                0x0000000008008320                __copybits
                0x000000000800839c                __any_on
 .text          0x0000000008008420      0x5fc /home/wilywyrm/altera/14.0/nios2eds/bin/gnu/H-x86_64-pc-linux-gnu/bin/../lib/gcc/nios2-elf/4.7.3/../../../../../H-x86_64-pc-linux-gnu/nios2-elf/lib/mno-hw-mul/libc.a(lib_a-reallocr.o)
                0x0000000008008420                _realloc_r
 .text          0x0000000008008a1c       0x38 /home/wilywyrm/altera/14.0/nios2eds/bin/gnu/H-x86_64-pc-linux-gnu/bin/../lib/gcc/nios2-elf/4.7.3/../../../../../H-x86_64-pc-linux-gnu/nios2-elf/lib/mno-hw-mul/libc.a(lib_a-s_isinfd.o)
                0x0000000008008a1c                __isinfd
 .text          0x0000000008008a54       0x2c /home/wilywyrm/altera/14.0/nios2eds/bin/gnu/H-x86_64-pc-linux-gnu/bin/../lib/gcc/nios2-elf/4.7.3/../../../../../H-x86_64-pc-linux-gnu/nios2-elf/lib/mno-hw-mul/libc.a(lib_a-s_isnand.o)
                0x0000000008008a54                __isnand
 .text          0x0000000008008a80      0x140 /home/wilywyrm/altera/14.0/nios2eds/bin/gnu/H-x86_64-pc-linux-gnu/bin/../lib/gcc/nios2-elf/4.7.3/../../../../../H-x86_64-pc-linux-gnu/nios2-elf/lib/mno-hw-mul/libc.a(lib_a-stdio.o)
                0x0000000008008a80                __sread
                0x0000000008008ad4                __swrite
                0x0000000008008b5c                __sseek
                0x0000000008008bb8                __sclose
 .text          0x0000000008008bc0       0xa4 /home/wilywyrm/altera/14.0/nios2eds/bin/gnu/H-x86_64-pc-linux-gnu/bin/../lib/gcc/nios2-elf/4.7.3/../../../../../H-x86_64-pc-linux-gnu/nios2-elf/lib/mno-hw-mul/libc.a(lib_a-strcmp.o)
                0x0000000008008bc0                strcmp
 .text          0x0000000008008c64       0x8c /home/wilywyrm/altera/14.0/nios2eds/bin/gnu/H-x86_64-pc-linux-gnu/bin/../lib/gcc/nios2-elf/4.7.3/../../../../../H-x86_64-pc-linux-gnu/nios2-elf/lib/mno-hw-mul/libc.a(lib_a-strlen.o)
                0x0000000008008c64                strlen
 .text          0x0000000008008cf0       0x6c /home/wilywyrm/altera/14.0/nios2eds/bin/gnu/H-x86_64-pc-linux-gnu/bin/../lib/gcc/nios2-elf/4.7.3/../../../../../H-x86_64-pc-linux-gnu/nios2-elf/lib/mno-hw-mul/libc.a(lib_a-writer.o)
                0x0000000008008cf0                _write_r
 .text          0x0000000008008d5c       0xcc /home/wilywyrm/altera/14.0/nios2eds/bin/gnu/H-x86_64-pc-linux-gnu/bin/../lib/gcc/nios2-elf/4.7.3/../../../../../H-x86_64-pc-linux-gnu/nios2-elf/lib/mno-hw-mul/libc.a(lib_a-callocr.o)
                0x0000000008008d5c                _calloc_r
 .text          0x0000000008008e28       0x64 /home/wilywyrm/altera/14.0/nios2eds/bin/gnu/H-x86_64-pc-linux-gnu/bin/../lib/gcc/nios2-elf/4.7.3/../../../../../H-x86_64-pc-linux-gnu/nios2-elf/lib/mno-hw-mul/libc.a(lib_a-closer.o)
                0x0000000008008e28                _close_r
 .text          0x0000000008008e8c      0x150 /home/wilywyrm/altera/14.0/nios2eds/bin/gnu/H-x86_64-pc-linux-gnu/bin/../lib/gcc/nios2-elf/4.7.3/../../../../../H-x86_64-pc-linux-gnu/nios2-elf/lib/mno-hw-mul/libc.a(lib_a-fclose.o)
                0x0000000008008e8c                _fclose_r
                0x0000000008008fc8                fclose
 .text          0x0000000008008fdc       0x68 /home/wilywyrm/altera/14.0/nios2eds/bin/gnu/H-x86_64-pc-linux-gnu/bin/../lib/gcc/nios2-elf/4.7.3/../../../../../H-x86_64-pc-linux-gnu/nios2-elf/lib/mno-hw-mul/libc.a(lib_a-fstatr.o)
                0x0000000008008fdc                _fstat_r
 .text          0x0000000008009044       0x64 /home/wilywyrm/altera/14.0/nios2eds/bin/gnu/H-x86_64-pc-linux-gnu/bin/../lib/gcc/nios2-elf/4.7.3/../../../../../H-x86_64-pc-linux-gnu/nios2-elf/lib/mno-hw-mul/libc.a(lib_a-isattyr.o)
                0x0000000008009044                _isatty_r
 .text          0x00000000080090a8       0x6c /home/wilywyrm/altera/14.0/nios2eds/bin/gnu/H-x86_64-pc-linux-gnu/bin/../lib/gcc/nios2-elf/4.7.3/../../../../../H-x86_64-pc-linux-gnu/nios2-elf/lib/mno-hw-mul/libc.a(lib_a-lseekr.o)
                0x00000000080090a8                _lseek_r
 .text          0x0000000008009114       0x6c /home/wilywyrm/altera/14.0/nios2eds/bin/gnu/H-x86_64-pc-linux-gnu/bin/../lib/gcc/nios2-elf/4.7.3/../../../../../H-x86_64-pc-linux-gnu/nios2-elf/lib/mno-hw-mul/libc.a(lib_a-readr.o)
                0x0000000008009114                _read_r
 .text          0x0000000008009180      0x650 /home/wilywyrm/altera/14.0/nios2eds/bin/gnu/H-x86_64-pc-linux-gnu/bin/../lib/gcc/nios2-elf/4.7.3/mno-hw-mul/libgcc.a(_udivdi3.o)
                0x0000000008009180                __udivdi3
 .text          0x00000000080097d0      0x628 /home/wilywyrm/altera/14.0/nios2eds/bin/gnu/H-x86_64-pc-linux-gnu/bin/../lib/gcc/nios2-elf/4.7.3/mno-hw-mul/libgcc.a(_umoddi3.o)
                0x00000000080097d0                __umoddi3
 .text          0x0000000008009df8      0x408 /home/wilywyrm/altera/14.0/nios2eds/bin/gnu/H-x86_64-pc-linux-gnu/bin/../lib/gcc/nios2-elf/4.7.3/mno-hw-mul/libgcc.a(_addsub_df.o)
                0x000000000800a14c                __adddf3
                0x000000000800a1a0                __subdf3
 .text          0x000000000800a200      0x2e4 /home/wilywyrm/altera/14.0/nios2eds/bin/gnu/H-x86_64-pc-linux-gnu/bin/../lib/gcc/nios2-elf/4.7.3/mno-hw-mul/libgcc.a(_mul_df.o)
                0x000000000800a200                __muldf3
 .text          0x000000000800a4e4      0x1b4 /home/wilywyrm/altera/14.0/nios2eds/bin/gnu/H-x86_64-pc-linux-gnu/bin/../lib/gcc/nios2-elf/4.7.3/mno-hw-mul/libgcc.a(_div_df.o)
                0x000000000800a4e4                __divdf3
 .text          0x000000000800a698       0x5c /home/wilywyrm/altera/14.0/nios2eds/bin/gnu/H-x86_64-pc-linux-gnu/bin/../lib/gcc/nios2-elf/4.7.3/mno-hw-mul/libgcc.a(_eq_df.o)
                0x000000000800a698                __eqdf2
 .text          0x000000000800a6f4       0x5c /home/wilywyrm/altera/14.0/nios2eds/bin/gnu/H-x86_64-pc-linux-gnu/bin/../lib/gcc/nios2-elf/4.7.3/mno-hw-mul/libgcc.a(_ne_df.o)
                0x000000000800a6f4                __nedf2
 .text          0x000000000800a750       0x64 /home/wilywyrm/altera/14.0/nios2eds/bin/gnu/H-x86_64-pc-linux-gnu/bin/../lib/gcc/nios2-elf/4.7.3/mno-hw-mul/libgcc.a(_gt_df.o)
                0x000000000800a750                __gtdf2
 .text          0x000000000800a7b4       0x64 /home/wilywyrm/altera/14.0/nios2eds/bin/gnu/H-x86_64-pc-linux-gnu/bin/../lib/gcc/nios2-elf/4.7.3/mno-hw-mul/libgcc.a(_ge_df.o)
                0x000000000800a7b4                __gedf2
 .text          0x000000000800a818       0x5c /home/wilywyrm/altera/14.0/nios2eds/bin/gnu/H-x86_64-pc-linux-gnu/bin/../lib/gcc/nios2-elf/4.7.3/mno-hw-mul/libgcc.a(_lt_df.o)
                0x000000000800a818                __ltdf2
 .text          0x000000000800a874       0xd4 /home/wilywyrm/altera/14.0/nios2eds/bin/gnu/H-x86_64-pc-linux-gnu/bin/../lib/gcc/nios2-elf/4.7.3/mno-hw-mul/libgcc.a(_si_to_df.o)
                0x000000000800a874                __floatsidf
 .text          0x000000000800a948       0xc4 /home/wilywyrm/altera/14.0/nios2eds/bin/gnu/H-x86_64-pc-linux-gnu/bin/../lib/gcc/nios2-elf/4.7.3/mno-hw-mul/libgcc.a(_df_to_si.o)
                0x000000000800a948                __fixdfsi
 .text          0x000000000800aa0c        0x0 /home/wilywyrm/altera/14.0/nios2eds/bin/gnu/H-x86_64-pc-linux-gnu/bin/../lib/gcc/nios2-elf/4.7.3/mno-hw-mul/libgcc.a(_thenan_df.o)
 .text          0x000000000800aa0c      0x11c /home/wilywyrm/altera/14.0/nios2eds/bin/gnu/H-x86_64-pc-linux-gnu/bin/../lib/gcc/nios2-elf/4.7.3/mno-hw-mul/libgcc.a(_usi_to_df.o)
                0x000000000800aa0c                __floatunsidf
 .text          0x000000000800ab28      0x130 /home/wilywyrm/altera/14.0/nios2eds/bin/gnu/H-x86_64-pc-linux-gnu/bin/../lib/gcc/nios2-elf/4.7.3/mno-hw-mul/libgcc.a(lib2-divmod.o)
                0x000000000800ab9c                __divsi3
                0x000000000800abec                __modsi3
                0x000000000800ac48                __udivsi3
                0x000000000800ac50                __umodsi3
 .text          0x000000000800ac58      0x110 /home/wilywyrm/altera/14.0/nios2eds/bin/gnu/H-x86_64-pc-linux-gnu/bin/../lib/gcc/nios2-elf/4.7.3/mno-hw-mul/libgcc.a(_muldi3.o)
                0x000000000800ac58                __muldi3
 .text          0x000000000800ad68        0x0 /home/wilywyrm/altera/14.0/nios2eds/bin/gnu/H-x86_64-pc-linux-gnu/bin/../lib/gcc/nios2-elf/4.7.3/mno-hw-mul/libgcc.a(_clz.o)
 .text          0x000000000800ad68       0xac /home/wilywyrm/altera/14.0/nios2eds/bin/gnu/H-x86_64-pc-linux-gnu/bin/../lib/gcc/nios2-elf/4.7.3/mno-hw-mul/libgcc.a(_clzsi2.o)
                0x000000000800ad68                __clzsi2
 .text          0x000000000800ae14      0x224 /home/wilywyrm/altera/14.0/nios2eds/bin/gnu/H-x86_64-pc-linux-gnu/bin/../lib/gcc/nios2-elf/4.7.3/mno-hw-mul/libgcc.a(_pack_df.o)
                0x000000000800ae14                __pack_d
 .text          0x000000000800b038      0x104 /home/wilywyrm/altera/14.0/nios2eds/bin/gnu/H-x86_64-pc-linux-gnu/bin/../lib/gcc/nios2-elf/4.7.3/mno-hw-mul/libgcc.a(_unpack_df.o)
                0x000000000800b038                __unpack_d
 .text          0x000000000800b13c       0xd0 /home/wilywyrm/altera/14.0/nios2eds/bin/gnu/H-x86_64-pc-linux-gnu/bin/../lib/gcc/nios2-elf/4.7.3/mno-hw-mul/libgcc.a(_fpcmp_parts_df.o)
                0x000000000800b13c                __fpcmp_parts_d
 .text          0x000000000800b20c       0x44 /home/wilywyrm/altera/14.0/nios2eds/bin/gnu/H-x86_64-pc-linux-gnu/bin/../lib/gcc/nios2-elf/4.7.3/mno-hw-mul/libgcc.a(_lshrdi3.o)
                0x000000000800b20c                __lshrdi3
 .text          0x000000000800b250       0x44 /home/wilywyrm/altera/14.0/nios2eds/bin/gnu/H-x86_64-pc-linux-gnu/bin/../lib/gcc/nios2-elf/4.7.3/mno-hw-mul/libgcc.a(_ashldi3.o)
                0x000000000800b250                __ashldi3
 .text          0x000000000800b294      0x11c ../vga_test6_bsp//libhal_bsp.a(alt_close.o)
                0x000000000800b2e4                close
 .text          0x000000000800b3b0       0x2c ../vga_test6_bsp//libhal_bsp.a(alt_dev.o)
 .text          0x000000000800b3dc        0x0 ../vga_test6_bsp//libhal_bsp.a(alt_errno.o)
 .text          0x000000000800b3dc      0x100 ../vga_test6_bsp//libhal_bsp.a(alt_fstat.o)
                0x000000000800b42c                fstat
 .text          0x000000000800b4dc       0xf4 ../vga_test6_bsp//libhal_bsp.a(alt_isatty.o)
                0x000000000800b52c                isatty
 .text          0x000000000800b5d0       0xec ../vga_test6_bsp//libhal_bsp.a(alt_load.o)
                0x000000000800b63c                alt_load
 .text          0x000000000800b6bc      0x124 ../vga_test6_bsp//libhal_bsp.a(alt_lseek.o)
                0x000000000800b70c                lseek
 .text          0x000000000800b7e0       0x5c ../vga_test6_bsp//libhal_bsp.a(alt_main.o)
                0x000000000800b7e0                alt_main
 .text          0x000000000800b83c       0x40 ../vga_test6_bsp//libhal_bsp.a(alt_malloc_lock.o)
                0x000000000800b83c                __malloc_lock
                0x000000000800b85c                __malloc_unlock
 .text          0x000000000800b87c      0x144 ../vga_test6_bsp//libhal_bsp.a(alt_read.o)
                0x000000000800b8cc                read
 .text          0x000000000800b9c0       0x80 ../vga_test6_bsp//libhal_bsp.a(alt_release_fd.o)
                0x000000000800b9c0                alt_release_fd
 .text          0x000000000800ba40       0xb0 ../vga_test6_bsp//libhal_bsp.a(alt_sbrk.o)
                0x000000000800ba40                sbrk
 .text          0x000000000800baf0      0x140 ../vga_test6_bsp//libhal_bsp.a(alt_write.o)
                0x000000000800bb40                write
 .text          0x000000000800bc30      0x324 ../vga_test6_bsp//libhal_bsp.a(alt_sys_init.o)
                0x000000000800bc68                alt_irq_init
                0x000000000800bc9c                alt_sys_init
 .text          0x000000000800bf54      0x2e0 ../vga_test6_bsp//libhal_bsp.a(altera_up_avalon_video_character_buffer_with_dma.o)
                0x000000000800bf54                alt_up_char_buffer_init
                0x000000000800bfdc                alt_up_char_buffer_open_dev
                0x000000000800c01c                alt_up_char_buffer_draw
                0x000000000800c0e4                alt_up_char_buffer_string
                0x000000000800c1dc                alt_up_char_buffer_clear
 .text          0x000000000800c234       0x1c ../vga_test6_bsp//libhal_bsp.a(alt_dcache_flush_all.o)
                0x000000000800c234                alt_dcache_flush_all
 .text          0x000000000800c250       0xf0 ../vga_test6_bsp//libhal_bsp.a(alt_dev_llist_insert.o)
                0x000000000800c2a0                alt_dev_llist_insert
 .text          0x000000000800c340       0x5c ../vga_test6_bsp//libhal_bsp.a(alt_do_ctors.o)
                0x000000000800c340                _do_ctors
 .text          0x000000000800c39c       0x5c ../vga_test6_bsp//libhal_bsp.a(alt_do_dtors.o)
                0x000000000800c39c                _do_dtors
 .text          0x000000000800c3f8       0x90 ../vga_test6_bsp//libhal_bsp.a(alt_find_dev.o)
                0x000000000800c3f8                alt_find_dev
 .text          0x000000000800c488       0x1c ../vga_test6_bsp//libhal_bsp.a(alt_icache_flush_all.o)
                0x000000000800c488                alt_icache_flush_all
 .text          0x000000000800c4a4       0x20 ../vga_test6_bsp//libhal_bsp.a(altera_nios2_qsys_irq.o)
                0x000000000800c4a4                altera_nios2_qsys_irq_init
 .text          0x000000000800c4c4       0x14 /home/wilywyrm/altera/14.0/nios2eds/bin/gnu/H-x86_64-pc-linux-gnu/bin/../lib/gcc/nios2-elf/4.7.3/../../../../../H-x86_64-pc-linux-gnu/nios2-elf/lib/mno-hw-mul/libc.a(lib_a-atexit.o)
                0x000000000800c4c4                atexit
 .text          0x000000000800c4d8       0x38 /home/wilywyrm/altera/14.0/nios2eds/bin/gnu/H-x86_64-pc-linux-gnu/bin/../lib/gcc/nios2-elf/4.7.3/../../../../../H-x86_64-pc-linux-gnu/nios2-elf/lib/mno-hw-mul/libc.a(lib_a-exit.o)
                0x000000000800c4d8                exit
 .text          0x000000000800c510       0x7c /home/wilywyrm/altera/14.0/nios2eds/bin/gnu/H-x86_64-pc-linux-gnu/bin/../lib/gcc/nios2-elf/4.7.3/../../../../../H-x86_64-pc-linux-gnu/nios2-elf/lib/mno-hw-mul/libc.a(lib_a-memcmp.o)
                0x000000000800c510                memcmp
 .text          0x000000000800c58c      0x130 /home/wilywyrm/altera/14.0/nios2eds/bin/gnu/H-x86_64-pc-linux-gnu/bin/../lib/gcc/nios2-elf/4.7.3/../../../../../H-x86_64-pc-linux-gnu/nios2-elf/lib/mno-hw-mul/libc.a(lib_a-__atexit.o)
                0x000000000800c58c                __register_exitproc
 .text          0x000000000800c6bc      0x1a0 /home/wilywyrm/altera/14.0/nios2eds/bin/gnu/H-x86_64-pc-linux-gnu/bin/../lib/gcc/nios2-elf/4.7.3/../../../../../H-x86_64-pc-linux-gnu/nios2-elf/lib/mno-hw-mul/libc.a(lib_a-__call_atexit.o)
                0x000000000800c6bc                __call_exitprocs
 .text          0x000000000800c85c       0x3c ../vga_test6_bsp//libhal_bsp.a(alt_exit.o)
                0x000000000800c85c                _exit
 *(.gnu.warning.*)
 *(.fini)
                0x000000000800c898                PROVIDE (__etext, ABSOLUTE (.))
                0x000000000800c898                PROVIDE (_etext, ABSOLUTE (.))
                0x000000000800c898                PROVIDE (etext, ABSOLUTE (.))
 *(.eh_frame_hdr)
                0x000000000800c898                . = ALIGN (0x4)
                0x000000000800c898                PROVIDE (__preinit_array_start, ABSOLUTE (.))
 *(.preinit_array)
                0x000000000800c898                PROVIDE (__preinit_array_end, ABSOLUTE (.))
                0x000000000800c898                PROVIDE (__init_array_start, ABSOLUTE (.))
 *(.init_array)
                0x000000000800c898                PROVIDE (__init_array_end, ABSOLUTE (.))
                0x000000000800c898                PROVIDE (__fini_array_start, ABSOLUTE (.))
 *(.fini_array)
                0x000000000800c898                PROVIDE (__fini_array_end, ABSOLUTE (.))
 *(.eh_frame)
 *(.gcc_except_table .gcc_except_table.*)
 *(.dynamic)
                0x000000000800c898                PROVIDE (__CTOR_LIST__, ABSOLUTE (.))
 *(.ctors)
 *(SORT(.ctors.*))
                0x000000000800c898                PROVIDE (__CTOR_END__, ABSOLUTE (.))
                0x000000000800c898                PROVIDE (__DTOR_LIST__, ABSOLUTE (.))
 *(.dtors)
 *(SORT(.dtors.*))
                0x000000000800c898                PROVIDE (__DTOR_END__, ABSOLUTE (.))
 *(.jcr)
                0x000000000800c898                . = ALIGN (0x4)

.rodata         0x000000000800c898     0x174c
                0x000000000800c898                PROVIDE (__ram_rodata_start, ABSOLUTE (.))
                0x000000000800c898                . = ALIGN (0x4)
 *(.rodata .rodata.* .gnu.linkonce.r.*)
 .rodata        0x000000000800c898     0x13e8 obj/default/main.o
 .rodata.str1.4
                0x000000000800dc80       0x42 /home/wilywyrm/altera/14.0/nios2eds/bin/gnu/H-x86_64-pc-linux-gnu/bin/../lib/gcc/nios2-elf/4.7.3/../../../../../H-x86_64-pc-linux-gnu/nios2-elf/lib/mno-hw-mul/libc.a(lib_a-vfprintf.o)
                                         0x44 (size before relaxing)
 .rodata        0x000000000800dcc2       0x20 /home/wilywyrm/altera/14.0/nios2eds/bin/gnu/H-x86_64-pc-linux-gnu/bin/../lib/gcc/nios2-elf/4.7.3/../../../../../H-x86_64-pc-linux-gnu/nios2-elf/lib/mno-hw-mul/libc.a(lib_a-vfprintf.o)
 *fill*         0x000000000800dce2        0x2 
 .rodata.str1.4
                0x000000000800dce4       0x10 /home/wilywyrm/altera/14.0/nios2eds/bin/gnu/H-x86_64-pc-linux-gnu/bin/../lib/gcc/nios2-elf/4.7.3/../../../../../H-x86_64-pc-linux-gnu/nios2-elf/lib/mno-hw-mul/libc.a(lib_a-dtoa.o)
                                         0x14 (size before relaxing)
 .rodata.str1.4
                0x000000000800dcf4        0x2 /home/wilywyrm/altera/14.0/nios2eds/bin/gnu/H-x86_64-pc-linux-gnu/bin/../lib/gcc/nios2-elf/4.7.3/../../../../../H-x86_64-pc-linux-gnu/nios2-elf/lib/mno-hw-mul/libc.a(lib_a-impure.o)
                                          0x4 (size before relaxing)
 *fill*         0x000000000800dcf6        0x2 
 .rodata.str1.4
                0x000000000800dcf8       0x10 /home/wilywyrm/altera/14.0/nios2eds/bin/gnu/H-x86_64-pc-linux-gnu/bin/../lib/gcc/nios2-elf/4.7.3/../../../../../H-x86_64-pc-linux-gnu/nios2-elf/lib/mno-hw-mul/libc.a(lib_a-locale.o)
                                         0x18 (size before relaxing)
 .rodata        0x000000000800dd08       0x30 /home/wilywyrm/altera/14.0/nios2eds/bin/gnu/H-x86_64-pc-linux-gnu/bin/../lib/gcc/nios2-elf/4.7.3/../../../../../H-x86_64-pc-linux-gnu/nios2-elf/lib/mno-hw-mul/libc.a(lib_a-locale.o)
 .rodata        0x000000000800dd38      0x124 /home/wilywyrm/altera/14.0/nios2eds/bin/gnu/H-x86_64-pc-linux-gnu/bin/../lib/gcc/nios2-elf/4.7.3/../../../../../H-x86_64-pc-linux-gnu/nios2-elf/lib/mno-hw-mul/libc.a(lib_a-mprec.o)
                0x000000000800dd38                __mprec_tinytens
                0x000000000800dd60                __mprec_bigtens
                0x000000000800dd88                __mprec_tens
 .rodata        0x000000000800de5c       0x14 /home/wilywyrm/altera/14.0/nios2eds/bin/gnu/H-x86_64-pc-linux-gnu/bin/../lib/gcc/nios2-elf/4.7.3/mno-hw-mul/libgcc.a(_thenan_df.o)
                0x000000000800de5c                __thenan_df
 .rodata        0x000000000800de70      0x100 /home/wilywyrm/altera/14.0/nios2eds/bin/gnu/H-x86_64-pc-linux-gnu/bin/../lib/gcc/nios2-elf/4.7.3/mno-hw-mul/libgcc.a(_clz.o)
                0x000000000800de70                __clz_tab
 .rodata        0x000000000800df70        0xc ../vga_test6_bsp//libhal_bsp.a(alt_dev.o)
 .rodata        0x000000000800df7c       0x4c ../vga_test6_bsp//libhal_bsp.a(alt_sys_init.o)
 .rodata        0x000000000800dfc8       0x1c ../vga_test6_bsp//libhal_bsp.a(altera_up_avalon_video_character_buffer_with_dma.o)
 *(.rodata1)
                0x000000000800dfe4                . = ALIGN (0x4)
                0x000000000800dfe4                PROVIDE (__ram_rodata_end, ABSOLUTE (.))
                0x000000000800c898                PROVIDE (__flash_rodata_start, LOADADDR (.rodata))

.rwdata         0x000000000800dfe4      0xbcc load address 0x000000000800ebb0
                0x000000000800dfe4                PROVIDE (__ram_rwdata_start, ABSOLUTE (.))
                0x000000000800dfe4                . = ALIGN (0x4)
 *(.got.plt)
 *(.got)
 *(.data1)
 *(.data .data.* .gnu.linkonce.d.*)
 .data          0x000000000800dfe4        0x0 ../vga_test6_bsp//obj/HAL/src/crt0.o
 .data          0x000000000800dfe4        0x0 obj/default/display.o
 .data          0x000000000800dfe4       0xe8 obj/default/main.o
                0x000000000800dfe4                eventTexts
                0x000000000800e00c                choiceTexts
                0x000000000800e070                choiceResponses
 .data          0x000000000800e0cc        0x0 obj/default/rpg385.o
 .data          0x000000000800e0cc        0x0 /home/wilywyrm/altera/14.0/nios2eds/bin/gnu/H-x86_64-pc-linux-gnu/bin/../lib/gcc/nios2-elf/4.7.3/mno-hw-mul/libgcc.a(lib2-mul.o)
 .data          0x000000000800e0cc        0x0 /home/wilywyrm/altera/14.0/nios2eds/bin/gnu/H-x86_64-pc-linux-gnu/bin/../lib/gcc/nios2-elf/4.7.3/../../../../../H-x86_64-pc-linux-gnu/nios2-elf/lib/mno-hw-mul/libc.a(lib_a-malloc.o)
 .data          0x000000000800e0cc      0x408 /home/wilywyrm/altera/14.0/nios2eds/bin/gnu/H-x86_64-pc-linux-gnu/bin/../lib/gcc/nios2-elf/4.7.3/../../../../../H-x86_64-pc-linux-gnu/nios2-elf/lib/mno-hw-mul/libc.a(lib_a-mallocr.o)
                0x000000000800e0cc                __malloc_av_
 .data          0x000000000800e4d4        0x0 /home/wilywyrm/altera/14.0/nios2eds/bin/gnu/H-x86_64-pc-linux-gnu/bin/../lib/gcc/nios2-elf/4.7.3/../../../../../H-x86_64-pc-linux-gnu/nios2-elf/lib/mno-hw-mul/libc.a(lib_a-memcpy.o)
 .data          0x000000000800e4d4        0x0 /home/wilywyrm/altera/14.0/nios2eds/bin/gnu/H-x86_64-pc-linux-gnu/bin/../lib/gcc/nios2-elf/4.7.3/../../../../../H-x86_64-pc-linux-gnu/nios2-elf/lib/mno-hw-mul/libc.a(lib_a-sbrkr.o)
 .data          0x000000000800e4d4        0x0 /home/wilywyrm/altera/14.0/nios2eds/bin/gnu/H-x86_64-pc-linux-gnu/bin/../lib/gcc/nios2-elf/4.7.3/../../../../../H-x86_64-pc-linux-gnu/nios2-elf/lib/mno-hw-mul/libc.a(lib_a-sprintf.o)
 .data          0x000000000800e4d4        0x0 /home/wilywyrm/altera/14.0/nios2eds/bin/gnu/H-x86_64-pc-linux-gnu/bin/../lib/gcc/nios2-elf/4.7.3/../../../../../H-x86_64-pc-linux-gnu/nios2-elf/lib/mno-hw-mul/libc.a(lib_a-vfprintf.o)
 .data          0x000000000800e4d4        0x0 /home/wilywyrm/altera/14.0/nios2eds/bin/gnu/H-x86_64-pc-linux-gnu/bin/../lib/gcc/nios2-elf/4.7.3/../../../../../H-x86_64-pc-linux-gnu/nios2-elf/lib/mno-hw-mul/libc.a(lib_a-wsetup.o)
 .data          0x000000000800e4d4        0x0 /home/wilywyrm/altera/14.0/nios2eds/bin/gnu/H-x86_64-pc-linux-gnu/bin/../lib/gcc/nios2-elf/4.7.3/../../../../../H-x86_64-pc-linux-gnu/nios2-elf/lib/mno-hw-mul/libc.a(lib_a-dtoa.o)
 .data          0x000000000800e4d4        0x0 /home/wilywyrm/altera/14.0/nios2eds/bin/gnu/H-x86_64-pc-linux-gnu/bin/../lib/gcc/nios2-elf/4.7.3/../../../../../H-x86_64-pc-linux-gnu/nios2-elf/lib/mno-hw-mul/libc.a(lib_a-fflush.o)
 .data          0x000000000800e4d4        0x0 /home/wilywyrm/altera/14.0/nios2eds/bin/gnu/H-x86_64-pc-linux-gnu/bin/../lib/gcc/nios2-elf/4.7.3/../../../../../H-x86_64-pc-linux-gnu/nios2-elf/lib/mno-hw-mul/libc.a(lib_a-findfp.o)
 .data          0x000000000800e4d4        0x0 /home/wilywyrm/altera/14.0/nios2eds/bin/gnu/H-x86_64-pc-linux-gnu/bin/../lib/gcc/nios2-elf/4.7.3/../../../../../H-x86_64-pc-linux-gnu/nios2-elf/lib/mno-hw-mul/libc.a(lib_a-freer.o)
 .data          0x000000000800e4d4        0x0 /home/wilywyrm/altera/14.0/nios2eds/bin/gnu/H-x86_64-pc-linux-gnu/bin/../lib/gcc/nios2-elf/4.7.3/../../../../../H-x86_64-pc-linux-gnu/nios2-elf/lib/mno-hw-mul/libc.a(lib_a-fvwrite.o)
 .data          0x000000000800e4d4        0x0 /home/wilywyrm/altera/14.0/nios2eds/bin/gnu/H-x86_64-pc-linux-gnu/bin/../lib/gcc/nios2-elf/4.7.3/../../../../../H-x86_64-pc-linux-gnu/nios2-elf/lib/mno-hw-mul/libc.a(lib_a-fwalk.o)
 .data          0x000000000800e4d4      0x400 /home/wilywyrm/altera/14.0/nios2eds/bin/gnu/H-x86_64-pc-linux-gnu/bin/../lib/gcc/nios2-elf/4.7.3/../../../../../H-x86_64-pc-linux-gnu/nios2-elf/lib/mno-hw-mul/libc.a(lib_a-impure.o)
 .data          0x000000000800e8d4        0x0 /home/wilywyrm/altera/14.0/nios2eds/bin/gnu/H-x86_64-pc-linux-gnu/bin/../lib/gcc/nios2-elf/4.7.3/../../../../../H-x86_64-pc-linux-gnu/nios2-elf/lib/mno-hw-mul/libc.a(lib_a-int_errno.o)
 .data          0x000000000800e8d4        0xc /home/wilywyrm/altera/14.0/nios2eds/bin/gnu/H-x86_64-pc-linux-gnu/bin/../lib/gcc/nios2-elf/4.7.3/../../../../../H-x86_64-pc-linux-gnu/nios2-elf/lib/mno-hw-mul/libc.a(lib_a-locale.o)
                0x000000000800e8d4                __lc_ctype
 .data          0x000000000800e8e0        0x0 /home/wilywyrm/altera/14.0/nios2eds/bin/gnu/H-x86_64-pc-linux-gnu/bin/../lib/gcc/nios2-elf/4.7.3/../../../../../H-x86_64-pc-linux-gnu/nios2-elf/lib/mno-hw-mul/libc.a(lib_a-makebuf.o)
 .data          0x000000000800e8e0        0x0 /home/wilywyrm/altera/14.0/nios2eds/bin/gnu/H-x86_64-pc-linux-gnu/bin/../lib/gcc/nios2-elf/4.7.3/../../../../../H-x86_64-pc-linux-gnu/nios2-elf/lib/mno-hw-mul/libc.a(lib_a-memchr.o)
 .data          0x000000000800e8e0        0x0 /home/wilywyrm/altera/14.0/nios2eds/bin/gnu/H-x86_64-pc-linux-gnu/bin/../lib/gcc/nios2-elf/4.7.3/../../../../../H-x86_64-pc-linux-gnu/nios2-elf/lib/mno-hw-mul/libc.a(lib_a-memmove.o)
 .data          0x000000000800e8e0        0x0 /home/wilywyrm/altera/14.0/nios2eds/bin/gnu/H-x86_64-pc-linux-gnu/bin/../lib/gcc/nios2-elf/4.7.3/../../../../../H-x86_64-pc-linux-gnu/nios2-elf/lib/mno-hw-mul/libc.a(lib_a-memset.o)
 .data          0x000000000800e8e0        0x0 /home/wilywyrm/altera/14.0/nios2eds/bin/gnu/H-x86_64-pc-linux-gnu/bin/../lib/gcc/nios2-elf/4.7.3/../../../../../H-x86_64-pc-linux-gnu/nios2-elf/lib/mno-hw-mul/libc.a(lib_a-mprec.o)
 .data          0x000000000800e8e0        0x0 /home/wilywyrm/altera/14.0/nios2eds/bin/gnu/H-x86_64-pc-linux-gnu/bin/../lib/gcc/nios2-elf/4.7.3/../../../../../H-x86_64-pc-linux-gnu/nios2-elf/lib/mno-hw-mul/libc.a(lib_a-reallocr.o)
 .data          0x000000000800e8e0        0x0 /home/wilywyrm/altera/14.0/nios2eds/bin/gnu/H-x86_64-pc-linux-gnu/bin/../lib/gcc/nios2-elf/4.7.3/../../../../../H-x86_64-pc-linux-gnu/nios2-elf/lib/mno-hw-mul/libc.a(lib_a-s_isinfd.o)
 .data          0x000000000800e8e0        0x0 /home/wilywyrm/altera/14.0/nios2eds/bin/gnu/H-x86_64-pc-linux-gnu/bin/../lib/gcc/nios2-elf/4.7.3/../../../../../H-x86_64-pc-linux-gnu/nios2-elf/lib/mno-hw-mul/libc.a(lib_a-s_isnand.o)
 .data          0x000000000800e8e0        0x0 /home/wilywyrm/altera/14.0/nios2eds/bin/gnu/H-x86_64-pc-linux-gnu/bin/../lib/gcc/nios2-elf/4.7.3/../../../../../H-x86_64-pc-linux-gnu/nios2-elf/lib/mno-hw-mul/libc.a(lib_a-stdio.o)
 .data          0x000000000800e8e0        0x0 /home/wilywyrm/altera/14.0/nios2eds/bin/gnu/H-x86_64-pc-linux-gnu/bin/../lib/gcc/nios2-elf/4.7.3/../../../../../H-x86_64-pc-linux-gnu/nios2-elf/lib/mno-hw-mul/libc.a(lib_a-strcmp.o)
 .data          0x000000000800e8e0        0x0 /home/wilywyrm/altera/14.0/nios2eds/bin/gnu/H-x86_64-pc-linux-gnu/bin/../lib/gcc/nios2-elf/4.7.3/../../../../../H-x86_64-pc-linux-gnu/nios2-elf/lib/mno-hw-mul/libc.a(lib_a-strlen.o)
 .data          0x000000000800e8e0        0x0 /home/wilywyrm/altera/14.0/nios2eds/bin/gnu/H-x86_64-pc-linux-gnu/bin/../lib/gcc/nios2-elf/4.7.3/../../../../../H-x86_64-pc-linux-gnu/nios2-elf/lib/mno-hw-mul/libc.a(lib_a-writer.o)
 .data          0x000000000800e8e0        0x0 /home/wilywyrm/altera/14.0/nios2eds/bin/gnu/H-x86_64-pc-linux-gnu/bin/../lib/gcc/nios2-elf/4.7.3/../../../../../H-x86_64-pc-linux-gnu/nios2-elf/lib/mno-hw-mul/libc.a(lib_a-callocr.o)
 .data          0x000000000800e8e0        0x0 /home/wilywyrm/altera/14.0/nios2eds/bin/gnu/H-x86_64-pc-linux-gnu/bin/../lib/gcc/nios2-elf/4.7.3/../../../../../H-x86_64-pc-linux-gnu/nios2-elf/lib/mno-hw-mul/libc.a(lib_a-closer.o)
 .data          0x000000000800e8e0        0x0 /home/wilywyrm/altera/14.0/nios2eds/bin/gnu/H-x86_64-pc-linux-gnu/bin/../lib/gcc/nios2-elf/4.7.3/../../../../../H-x86_64-pc-linux-gnu/nios2-elf/lib/mno-hw-mul/libc.a(lib_a-fclose.o)
 .data          0x000000000800e8e0        0x0 /home/wilywyrm/altera/14.0/nios2eds/bin/gnu/H-x86_64-pc-linux-gnu/bin/../lib/gcc/nios2-elf/4.7.3/../../../../../H-x86_64-pc-linux-gnu/nios2-elf/lib/mno-hw-mul/libc.a(lib_a-fstatr.o)
 .data          0x000000000800e8e0        0x0 /home/wilywyrm/altera/14.0/nios2eds/bin/gnu/H-x86_64-pc-linux-gnu/bin/../lib/gcc/nios2-elf/4.7.3/../../../../../H-x86_64-pc-linux-gnu/nios2-elf/lib/mno-hw-mul/libc.a(lib_a-isattyr.o)
 .data          0x000000000800e8e0        0x0 /home/wilywyrm/altera/14.0/nios2eds/bin/gnu/H-x86_64-pc-linux-gnu/bin/../lib/gcc/nios2-elf/4.7.3/../../../../../H-x86_64-pc-linux-gnu/nios2-elf/lib/mno-hw-mul/libc.a(lib_a-lseekr.o)
 .data          0x000000000800e8e0        0x0 /home/wilywyrm/altera/14.0/nios2eds/bin/gnu/H-x86_64-pc-linux-gnu/bin/../lib/gcc/nios2-elf/4.7.3/../../../../../H-x86_64-pc-linux-gnu/nios2-elf/lib/mno-hw-mul/libc.a(lib_a-readr.o)
 .data          0x000000000800e8e0        0x0 /home/wilywyrm/altera/14.0/nios2eds/bin/gnu/H-x86_64-pc-linux-gnu/bin/../lib/gcc/nios2-elf/4.7.3/mno-hw-mul/libgcc.a(_udivdi3.o)
 .data          0x000000000800e8e0        0x0 /home/wilywyrm/altera/14.0/nios2eds/bin/gnu/H-x86_64-pc-linux-gnu/bin/../lib/gcc/nios2-elf/4.7.3/mno-hw-mul/libgcc.a(_umoddi3.o)
 .data          0x000000000800e8e0        0x0 /home/wilywyrm/altera/14.0/nios2eds/bin/gnu/H-x86_64-pc-linux-gnu/bin/../lib/gcc/nios2-elf/4.7.3/mno-hw-mul/libgcc.a(_addsub_df.o)
 .data          0x000000000800e8e0        0x0 /home/wilywyrm/altera/14.0/nios2eds/bin/gnu/H-x86_64-pc-linux-gnu/bin/../lib/gcc/nios2-elf/4.7.3/mno-hw-mul/libgcc.a(_mul_df.o)
 .data          0x000000000800e8e0        0x0 /home/wilywyrm/altera/14.0/nios2eds/bin/gnu/H-x86_64-pc-linux-gnu/bin/../lib/gcc/nios2-elf/4.7.3/mno-hw-mul/libgcc.a(_div_df.o)
 .data          0x000000000800e8e0        0x0 /home/wilywyrm/altera/14.0/nios2eds/bin/gnu/H-x86_64-pc-linux-gnu/bin/../lib/gcc/nios2-elf/4.7.3/mno-hw-mul/libgcc.a(_eq_df.o)
 .data          0x000000000800e8e0        0x0 /home/wilywyrm/altera/14.0/nios2eds/bin/gnu/H-x86_64-pc-linux-gnu/bin/../lib/gcc/nios2-elf/4.7.3/mno-hw-mul/libgcc.a(_ne_df.o)
 .data          0x000000000800e8e0        0x0 /home/wilywyrm/altera/14.0/nios2eds/bin/gnu/H-x86_64-pc-linux-gnu/bin/../lib/gcc/nios2-elf/4.7.3/mno-hw-mul/libgcc.a(_gt_df.o)
 .data          0x000000000800e8e0        0x0 /home/wilywyrm/altera/14.0/nios2eds/bin/gnu/H-x86_64-pc-linux-gnu/bin/../lib/gcc/nios2-elf/4.7.3/mno-hw-mul/libgcc.a(_ge_df.o)
 .data          0x000000000800e8e0        0x0 /home/wilywyrm/altera/14.0/nios2eds/bin/gnu/H-x86_64-pc-linux-gnu/bin/../lib/gcc/nios2-elf/4.7.3/mno-hw-mul/libgcc.a(_lt_df.o)
 .data          0x000000000800e8e0        0x0 /home/wilywyrm/altera/14.0/nios2eds/bin/gnu/H-x86_64-pc-linux-gnu/bin/../lib/gcc/nios2-elf/4.7.3/mno-hw-mul/libgcc.a(_si_to_df.o)
 .data          0x000000000800e8e0        0x0 /home/wilywyrm/altera/14.0/nios2eds/bin/gnu/H-x86_64-pc-linux-gnu/bin/../lib/gcc/nios2-elf/4.7.3/mno-hw-mul/libgcc.a(_df_to_si.o)
 .data          0x000000000800e8e0        0x0 /home/wilywyrm/altera/14.0/nios2eds/bin/gnu/H-x86_64-pc-linux-gnu/bin/../lib/gcc/nios2-elf/4.7.3/mno-hw-mul/libgcc.a(_thenan_df.o)
 .data          0x000000000800e8e0        0x0 /home/wilywyrm/altera/14.0/nios2eds/bin/gnu/H-x86_64-pc-linux-gnu/bin/../lib/gcc/nios2-elf/4.7.3/mno-hw-mul/libgcc.a(_usi_to_df.o)
 .data          0x000000000800e8e0        0x0 /home/wilywyrm/altera/14.0/nios2eds/bin/gnu/H-x86_64-pc-linux-gnu/bin/../lib/gcc/nios2-elf/4.7.3/mno-hw-mul/libgcc.a(lib2-divmod.o)
 .data          0x000000000800e8e0        0x0 /home/wilywyrm/altera/14.0/nios2eds/bin/gnu/H-x86_64-pc-linux-gnu/bin/../lib/gcc/nios2-elf/4.7.3/mno-hw-mul/libgcc.a(_muldi3.o)
 .data          0x000000000800e8e0        0x0 /home/wilywyrm/altera/14.0/nios2eds/bin/gnu/H-x86_64-pc-linux-gnu/bin/../lib/gcc/nios2-elf/4.7.3/mno-hw-mul/libgcc.a(_clz.o)
 .data          0x000000000800e8e0        0x0 /home/wilywyrm/altera/14.0/nios2eds/bin/gnu/H-x86_64-pc-linux-gnu/bin/../lib/gcc/nios2-elf/4.7.3/mno-hw-mul/libgcc.a(_clzsi2.o)
 .data          0x000000000800e8e0        0x0 /home/wilywyrm/altera/14.0/nios2eds/bin/gnu/H-x86_64-pc-linux-gnu/bin/../lib/gcc/nios2-elf/4.7.3/mno-hw-mul/libgcc.a(_pack_df.o)
 .data          0x000000000800e8e0        0x0 /home/wilywyrm/altera/14.0/nios2eds/bin/gnu/H-x86_64-pc-linux-gnu/bin/../lib/gcc/nios2-elf/4.7.3/mno-hw-mul/libgcc.a(_unpack_df.o)
 .data          0x000000000800e8e0        0x0 /home/wilywyrm/altera/14.0/nios2eds/bin/gnu/H-x86_64-pc-linux-gnu/bin/../lib/gcc/nios2-elf/4.7.3/mno-hw-mul/libgcc.a(_fpcmp_parts_df.o)
 .data          0x000000000800e8e0        0x0 /home/wilywyrm/altera/14.0/nios2eds/bin/gnu/H-x86_64-pc-linux-gnu/bin/../lib/gcc/nios2-elf/4.7.3/mno-hw-mul/libgcc.a(_lshrdi3.o)
 .data          0x000000000800e8e0        0x0 /home/wilywyrm/altera/14.0/nios2eds/bin/gnu/H-x86_64-pc-linux-gnu/bin/../lib/gcc/nios2-elf/4.7.3/mno-hw-mul/libgcc.a(_ashldi3.o)
 .data          0x000000000800e8e0        0x0 ../vga_test6_bsp//libhal_bsp.a(alt_close.o)
 .data          0x000000000800e8e0      0x1a8 ../vga_test6_bsp//libhal_bsp.a(alt_dev.o)
                0x000000000800e8e0                alt_dev_null
                0x000000000800e908                alt_fd_list
 .data          0x000000000800ea88        0x0 ../vga_test6_bsp//libhal_bsp.a(alt_errno.o)
 .data          0x000000000800ea88        0x0 ../vga_test6_bsp//libhal_bsp.a(alt_fstat.o)
 .data          0x000000000800ea88        0x0 ../vga_test6_bsp//libhal_bsp.a(alt_isatty.o)
 .data          0x000000000800ea88        0x0 ../vga_test6_bsp//libhal_bsp.a(alt_load.o)
 .data          0x000000000800ea88        0x0 ../vga_test6_bsp//libhal_bsp.a(alt_lseek.o)
 .data          0x000000000800ea88        0x0 ../vga_test6_bsp//libhal_bsp.a(alt_main.o)
 .data          0x000000000800ea88        0x0 ../vga_test6_bsp//libhal_bsp.a(alt_malloc_lock.o)
 .data          0x000000000800ea88        0x0 ../vga_test6_bsp//libhal_bsp.a(alt_read.o)
 .data          0x000000000800ea88        0x0 ../vga_test6_bsp//libhal_bsp.a(alt_release_fd.o)
 .data          0x000000000800ea88        0x0 ../vga_test6_bsp//libhal_bsp.a(alt_sbrk.o)
 .data          0x000000000800ea88        0x0 ../vga_test6_bsp//libhal_bsp.a(alt_write.o)
 .data          0x000000000800ea88       0x9c ../vga_test6_bsp//libhal_bsp.a(alt_sys_init.o)
 .data          0x000000000800eb24        0x0 ../vga_test6_bsp//libhal_bsp.a(altera_up_avalon_video_character_buffer_with_dma.o)
 .data          0x000000000800eb24        0x0 ../vga_test6_bsp//libhal_bsp.a(alt_dcache_flush_all.o)
 .data          0x000000000800eb24        0x0 ../vga_test6_bsp//libhal_bsp.a(alt_dev_llist_insert.o)
 .data          0x000000000800eb24        0x0 ../vga_test6_bsp//libhal_bsp.a(alt_do_ctors.o)
 .data          0x000000000800eb24        0x0 ../vga_test6_bsp//libhal_bsp.a(alt_do_dtors.o)
 .data          0x000000000800eb24        0x0 ../vga_test6_bsp//libhal_bsp.a(alt_find_dev.o)
 .data          0x000000000800eb24        0x0 ../vga_test6_bsp//libhal_bsp.a(alt_icache_flush_all.o)
 .data          0x000000000800eb24        0x0 ../vga_test6_bsp//libhal_bsp.a(altera_nios2_qsys_irq.o)
 .data          0x000000000800eb24        0x0 /home/wilywyrm/altera/14.0/nios2eds/bin/gnu/H-x86_64-pc-linux-gnu/bin/../lib/gcc/nios2-elf/4.7.3/../../../../../H-x86_64-pc-linux-gnu/nios2-elf/lib/mno-hw-mul/libc.a(lib_a-atexit.o)
 .data          0x000000000800eb24        0x0 /home/wilywyrm/altera/14.0/nios2eds/bin/gnu/H-x86_64-pc-linux-gnu/bin/../lib/gcc/nios2-elf/4.7.3/../../../../../H-x86_64-pc-linux-gnu/nios2-elf/lib/mno-hw-mul/libc.a(lib_a-exit.o)
 .data          0x000000000800eb24        0x0 /home/wilywyrm/altera/14.0/nios2eds/bin/gnu/H-x86_64-pc-linux-gnu/bin/../lib/gcc/nios2-elf/4.7.3/../../../../../H-x86_64-pc-linux-gnu/nios2-elf/lib/mno-hw-mul/libc.a(lib_a-memcmp.o)
 .data          0x000000000800eb24        0x0 /home/wilywyrm/altera/14.0/nios2eds/bin/gnu/H-x86_64-pc-linux-gnu/bin/../lib/gcc/nios2-elf/4.7.3/../../../../../H-x86_64-pc-linux-gnu/nios2-elf/lib/mno-hw-mul/libc.a(lib_a-__atexit.o)
 .data          0x000000000800eb24        0x0 /home/wilywyrm/altera/14.0/nios2eds/bin/gnu/H-x86_64-pc-linux-gnu/bin/../lib/gcc/nios2-elf/4.7.3/../../../../../H-x86_64-pc-linux-gnu/nios2-elf/lib/mno-hw-mul/libc.a(lib_a-__call_atexit.o)
 .data          0x000000000800eb24        0x0 ../vga_test6_bsp//libhal_bsp.a(alt_exit.o)
                0x0000000008016b24                _gp = ABSOLUTE ((. + 0x8000))
                0x0000000008016b24                PROVIDE (gp, _gp)
 *(.rwdata .rwdata.*)
 *(.sdata .sdata.* .gnu.linkonce.s.*)
 .sdata         0x000000000800eb24       0x5c obj/default/main.o
                0x000000000800eb24                openingText
                0x000000000800eb28                Pixel_DMA_controller
                0x000000000800eb2c                character_buffer
                0x000000000800eb30                pixel_buffer
                0x000000000800eb34                keycode
                0x000000000800eb38                press
                0x000000000800eb3c                BGCOLOR
                0x000000000800eb3e                BOXCOLOR
                0x000000000800eb40                YPADDING
                0x000000000800eb44                XPADDING
                0x000000000800eb48                SCRWIDTH
                0x000000000800eb4c                SCRHIGHT
                0x000000000800eb50                SCRPIXW
                0x000000000800eb54                SCRPIXH
                0x000000000800eb58                UP
                0x000000000800eb59                DOWN
                0x000000000800eb5a                LEFT
                0x000000000800eb5b                RIGHT
                0x000000000800eb5c                ENT
                0x000000000800eb5d                ESC
                0x000000000800eb60                SELXOFFSET
                0x000000000800eb64                SELYOFFSET
                0x000000000800eb68                SELWIDTH
                0x000000000800eb6c                SELCHOICEHEIGHT
                0x000000000800eb70                hap
                0x000000000800eb74                hyg
                0x000000000800eb78                grd
                0x000000000800eb7c                diff
 .sdata         0x000000000800eb80        0x8 /home/wilywyrm/altera/14.0/nios2eds/bin/gnu/H-x86_64-pc-linux-gnu/bin/../lib/gcc/nios2-elf/4.7.3/../../../../../H-x86_64-pc-linux-gnu/nios2-elf/lib/mno-hw-mul/libc.a(lib_a-mallocr.o)
                0x000000000800eb80                __malloc_sbrk_base
                0x000000000800eb84                __malloc_trim_threshold
 .sdata         0x000000000800eb88        0x8 /home/wilywyrm/altera/14.0/nios2eds/bin/gnu/H-x86_64-pc-linux-gnu/bin/../lib/gcc/nios2-elf/4.7.3/../../../../../H-x86_64-pc-linux-gnu/nios2-elf/lib/mno-hw-mul/libc.a(lib_a-impure.o)
                0x000000000800eb88                _global_impure_ptr
                0x000000000800eb8c                _impure_ptr
 .sdata         0x000000000800eb90        0x4 /home/wilywyrm/altera/14.0/nios2eds/bin/gnu/H-x86_64-pc-linux-gnu/bin/../lib/gcc/nios2-elf/4.7.3/../../../../../H-x86_64-pc-linux-gnu/nios2-elf/lib/mno-hw-mul/libc.a(lib_a-locale.o)
                0x000000000800eb90                __mb_cur_max
 .sdata         0x000000000800eb94       0x14 ../vga_test6_bsp//libhal_bsp.a(alt_dev.o)
                0x000000000800eb94                alt_fs_list
                0x000000000800eb9c                alt_dev_list
                0x000000000800eba4                alt_max_fd
 .sdata         0x000000000800eba8        0x4 ../vga_test6_bsp//libhal_bsp.a(alt_errno.o)
                0x000000000800eba8                alt_errno
 .sdata         0x000000000800ebac        0x4 ../vga_test6_bsp//libhal_bsp.a(alt_sbrk.o)
 *(.sdata2 .sdata2.* .gnu.linkonce.s2.*)
                0x000000000800ebb0                . = ALIGN (0x4)
                0x000000000800ebb0                _edata = ABSOLUTE (.)
                0x000000000800ebb0                PROVIDE (edata, ABSOLUTE (.))
                0x000000000800ebb0                PROVIDE (__ram_rwdata_end, ABSOLUTE (.))
                0x000000000800ebb0                PROVIDE (__flash_rwdata_start, LOADADDR (.rwdata))

.bss            0x000000000800f77c      0x21c
                0x000000000800f77c                __bss_start = ABSOLUTE (.)
                0x000000000800f77c                PROVIDE (__sbss_start, ABSOLUTE (.))
                0x000000000800f77c                PROVIDE (___sbss_start, ABSOLUTE (.))
 *(.dynsbss)
 *(.sbss .sbss.* .gnu.linkonce.sb.*)
 .sbss          0x000000000800f77c        0x8 obj/default/main.o
                0x000000000800f77c                choice
                0x000000000800f780                week
 .sbss          0x000000000800f784        0xc obj/default/main.o
                0x000000000800f784                numChoices
                0x000000000800f788                curTextY
                0x000000000800f78c                curE
 .sbss          0x000000000800f790        0xc /home/wilywyrm/altera/14.0/nios2eds/bin/gnu/H-x86_64-pc-linux-gnu/bin/../lib/gcc/nios2-elf/4.7.3/../../../../../H-x86_64-pc-linux-gnu/nios2-elf/lib/mno-hw-mul/libc.a(lib_a-mallocr.o)
                0x000000000800f790                __malloc_max_total_mem
                0x000000000800f794                __malloc_max_sbrked_mem
                0x000000000800f798                __malloc_top_pad
 .sbss          0x000000000800f79c        0x4 /home/wilywyrm/altera/14.0/nios2eds/bin/gnu/H-x86_64-pc-linux-gnu/bin/../lib/gcc/nios2-elf/4.7.3/../../../../../H-x86_64-pc-linux-gnu/nios2-elf/lib/mno-hw-mul/libc.a(lib_a-int_errno.o)
                0x000000000800f79c                errno
 .sbss          0x000000000800f7a0        0xc /home/wilywyrm/altera/14.0/nios2eds/bin/gnu/H-x86_64-pc-linux-gnu/bin/../lib/gcc/nios2-elf/4.7.3/../../../../../H-x86_64-pc-linux-gnu/nios2-elf/lib/mno-hw-mul/libc.a(lib_a-locale.o)
                0x000000000800f7a0                _PathLocale
                0x000000000800f7a4                __mlocale_changed
                0x000000000800f7a8                __nlocale_changed
 .sbss          0x000000000800f7ac        0xc ../vga_test6_bsp//libhal_bsp.a(alt_main.o)
                0x000000000800f7ac                alt_argc
                0x000000000800f7b0                alt_argv
                0x000000000800f7b4                alt_envp
 *(.sbss2 .sbss2.* .gnu.linkonce.sb2.*)
 *(.scommon)
                0x000000000800f7b8                PROVIDE (__sbss_end, ABSOLUTE (.))
                0x000000000800f7b8                PROVIDE (___sbss_end, ABSOLUTE (.))
 *(.dynbss)
 *(.bss .bss.* .gnu.linkonce.b.*)
 .bss           0x000000000800f7b8        0x0 ../vga_test6_bsp//obj/HAL/src/crt0.o
 .bss           0x000000000800f7b8        0x0 obj/default/display.o
 .bss           0x000000000800f7b8        0x0 obj/default/main.o
 .bss           0x000000000800f7b8        0x0 obj/default/rpg385.o
 .bss           0x000000000800f7b8        0x0 /home/wilywyrm/altera/14.0/nios2eds/bin/gnu/H-x86_64-pc-linux-gnu/bin/../lib/gcc/nios2-elf/4.7.3/mno-hw-mul/libgcc.a(lib2-mul.o)
 .bss           0x000000000800f7b8        0x0 /home/wilywyrm/altera/14.0/nios2eds/bin/gnu/H-x86_64-pc-linux-gnu/bin/../lib/gcc/nios2-elf/4.7.3/../../../../../H-x86_64-pc-linux-gnu/nios2-elf/lib/mno-hw-mul/libc.a(lib_a-malloc.o)
 .bss           0x000000000800f7b8       0x28 /home/wilywyrm/altera/14.0/nios2eds/bin/gnu/H-x86_64-pc-linux-gnu/bin/../lib/gcc/nios2-elf/4.7.3/../../../../../H-x86_64-pc-linux-gnu/nios2-elf/lib/mno-hw-mul/libc.a(lib_a-mallocr.o)
                0x000000000800f7b8                __malloc_current_mallinfo
 .bss           0x000000000800f7e0        0x0 /home/wilywyrm/altera/14.0/nios2eds/bin/gnu/H-x86_64-pc-linux-gnu/bin/../lib/gcc/nios2-elf/4.7.3/../../../../../H-x86_64-pc-linux-gnu/nios2-elf/lib/mno-hw-mul/libc.a(lib_a-memcpy.o)
 .bss           0x000000000800f7e0        0x0 /home/wilywyrm/altera/14.0/nios2eds/bin/gnu/H-x86_64-pc-linux-gnu/bin/../lib/gcc/nios2-elf/4.7.3/../../../../../H-x86_64-pc-linux-gnu/nios2-elf/lib/mno-hw-mul/libc.a(lib_a-sbrkr.o)
 .bss           0x000000000800f7e0        0x0 /home/wilywyrm/altera/14.0/nios2eds/bin/gnu/H-x86_64-pc-linux-gnu/bin/../lib/gcc/nios2-elf/4.7.3/../../../../../H-x86_64-pc-linux-gnu/nios2-elf/lib/mno-hw-mul/libc.a(lib_a-sprintf.o)
 .bss           0x000000000800f7e0        0x0 /home/wilywyrm/altera/14.0/nios2eds/bin/gnu/H-x86_64-pc-linux-gnu/bin/../lib/gcc/nios2-elf/4.7.3/../../../../../H-x86_64-pc-linux-gnu/nios2-elf/lib/mno-hw-mul/libc.a(lib_a-vfprintf.o)
 .bss           0x000000000800f7e0        0x0 /home/wilywyrm/altera/14.0/nios2eds/bin/gnu/H-x86_64-pc-linux-gnu/bin/../lib/gcc/nios2-elf/4.7.3/../../../../../H-x86_64-pc-linux-gnu/nios2-elf/lib/mno-hw-mul/libc.a(lib_a-wsetup.o)
 .bss           0x000000000800f7e0        0x0 /home/wilywyrm/altera/14.0/nios2eds/bin/gnu/H-x86_64-pc-linux-gnu/bin/../lib/gcc/nios2-elf/4.7.3/../../../../../H-x86_64-pc-linux-gnu/nios2-elf/lib/mno-hw-mul/libc.a(lib_a-dtoa.o)
 .bss           0x000000000800f7e0        0x0 /home/wilywyrm/altera/14.0/nios2eds/bin/gnu/H-x86_64-pc-linux-gnu/bin/../lib/gcc/nios2-elf/4.7.3/../../../../../H-x86_64-pc-linux-gnu/nios2-elf/lib/mno-hw-mul/libc.a(lib_a-fflush.o)
 .bss           0x000000000800f7e0        0x0 /home/wilywyrm/altera/14.0/nios2eds/bin/gnu/H-x86_64-pc-linux-gnu/bin/../lib/gcc/nios2-elf/4.7.3/../../../../../H-x86_64-pc-linux-gnu/nios2-elf/lib/mno-hw-mul/libc.a(lib_a-findfp.o)
 .bss           0x000000000800f7e0        0x0 /home/wilywyrm/altera/14.0/nios2eds/bin/gnu/H-x86_64-pc-linux-gnu/bin/../lib/gcc/nios2-elf/4.7.3/../../../../../H-x86_64-pc-linux-gnu/nios2-elf/lib/mno-hw-mul/libc.a(lib_a-freer.o)
 .bss           0x000000000800f7e0        0x0 /home/wilywyrm/altera/14.0/nios2eds/bin/gnu/H-x86_64-pc-linux-gnu/bin/../lib/gcc/nios2-elf/4.7.3/../../../../../H-x86_64-pc-linux-gnu/nios2-elf/lib/mno-hw-mul/libc.a(lib_a-fvwrite.o)
 .bss           0x000000000800f7e0        0x0 /home/wilywyrm/altera/14.0/nios2eds/bin/gnu/H-x86_64-pc-linux-gnu/bin/../lib/gcc/nios2-elf/4.7.3/../../../../../H-x86_64-pc-linux-gnu/nios2-elf/lib/mno-hw-mul/libc.a(lib_a-fwalk.o)
 .bss           0x000000000800f7e0        0x0 /home/wilywyrm/altera/14.0/nios2eds/bin/gnu/H-x86_64-pc-linux-gnu/bin/../lib/gcc/nios2-elf/4.7.3/../../../../../H-x86_64-pc-linux-gnu/nios2-elf/lib/mno-hw-mul/libc.a(lib_a-impure.o)
 .bss           0x000000000800f7e0        0x0 /home/wilywyrm/altera/14.0/nios2eds/bin/gnu/H-x86_64-pc-linux-gnu/bin/../lib/gcc/nios2-elf/4.7.3/../../../../../H-x86_64-pc-linux-gnu/nios2-elf/lib/mno-hw-mul/libc.a(lib_a-int_errno.o)
 .bss           0x000000000800f7e0        0x0 /home/wilywyrm/altera/14.0/nios2eds/bin/gnu/H-x86_64-pc-linux-gnu/bin/../lib/gcc/nios2-elf/4.7.3/../../../../../H-x86_64-pc-linux-gnu/nios2-elf/lib/mno-hw-mul/libc.a(lib_a-locale.o)
 .bss           0x000000000800f7e0        0x0 /home/wilywyrm/altera/14.0/nios2eds/bin/gnu/H-x86_64-pc-linux-gnu/bin/../lib/gcc/nios2-elf/4.7.3/../../../../../H-x86_64-pc-linux-gnu/nios2-elf/lib/mno-hw-mul/libc.a(lib_a-makebuf.o)
 .bss           0x000000000800f7e0        0x0 /home/wilywyrm/altera/14.0/nios2eds/bin/gnu/H-x86_64-pc-linux-gnu/bin/../lib/gcc/nios2-elf/4.7.3/../../../../../H-x86_64-pc-linux-gnu/nios2-elf/lib/mno-hw-mul/libc.a(lib_a-memchr.o)
 .bss           0x000000000800f7e0        0x0 /home/wilywyrm/altera/14.0/nios2eds/bin/gnu/H-x86_64-pc-linux-gnu/bin/../lib/gcc/nios2-elf/4.7.3/../../../../../H-x86_64-pc-linux-gnu/nios2-elf/lib/mno-hw-mul/libc.a(lib_a-memmove.o)
 .bss           0x000000000800f7e0        0x0 /home/wilywyrm/altera/14.0/nios2eds/bin/gnu/H-x86_64-pc-linux-gnu/bin/../lib/gcc/nios2-elf/4.7.3/../../../../../H-x86_64-pc-linux-gnu/nios2-elf/lib/mno-hw-mul/libc.a(lib_a-memset.o)
 .bss           0x000000000800f7e0        0x0 /home/wilywyrm/altera/14.0/nios2eds/bin/gnu/H-x86_64-pc-linux-gnu/bin/../lib/gcc/nios2-elf/4.7.3/../../../../../H-x86_64-pc-linux-gnu/nios2-elf/lib/mno-hw-mul/libc.a(lib_a-mprec.o)
 .bss           0x000000000800f7e0        0x0 /home/wilywyrm/altera/14.0/nios2eds/bin/gnu/H-x86_64-pc-linux-gnu/bin/../lib/gcc/nios2-elf/4.7.3/../../../../../H-x86_64-pc-linux-gnu/nios2-elf/lib/mno-hw-mul/libc.a(lib_a-reallocr.o)
 .bss           0x000000000800f7e0        0x0 /home/wilywyrm/altera/14.0/nios2eds/bin/gnu/H-x86_64-pc-linux-gnu/bin/../lib/gcc/nios2-elf/4.7.3/../../../../../H-x86_64-pc-linux-gnu/nios2-elf/lib/mno-hw-mul/libc.a(lib_a-s_isinfd.o)
 .bss           0x000000000800f7e0        0x0 /home/wilywyrm/altera/14.0/nios2eds/bin/gnu/H-x86_64-pc-linux-gnu/bin/../lib/gcc/nios2-elf/4.7.3/../../../../../H-x86_64-pc-linux-gnu/nios2-elf/lib/mno-hw-mul/libc.a(lib_a-s_isnand.o)
 .bss           0x000000000800f7e0        0x0 /home/wilywyrm/altera/14.0/nios2eds/bin/gnu/H-x86_64-pc-linux-gnu/bin/../lib/gcc/nios2-elf/4.7.3/../../../../../H-x86_64-pc-linux-gnu/nios2-elf/lib/mno-hw-mul/libc.a(lib_a-stdio.o)
 .bss           0x000000000800f7e0        0x0 /home/wilywyrm/altera/14.0/nios2eds/bin/gnu/H-x86_64-pc-linux-gnu/bin/../lib/gcc/nios2-elf/4.7.3/../../../../../H-x86_64-pc-linux-gnu/nios2-elf/lib/mno-hw-mul/libc.a(lib_a-strcmp.o)
 .bss           0x000000000800f7e0        0x0 /home/wilywyrm/altera/14.0/nios2eds/bin/gnu/H-x86_64-pc-linux-gnu/bin/../lib/gcc/nios2-elf/4.7.3/../../../../../H-x86_64-pc-linux-gnu/nios2-elf/lib/mno-hw-mul/libc.a(lib_a-strlen.o)
 .bss           0x000000000800f7e0        0x0 /home/wilywyrm/altera/14.0/nios2eds/bin/gnu/H-x86_64-pc-linux-gnu/bin/../lib/gcc/nios2-elf/4.7.3/../../../../../H-x86_64-pc-linux-gnu/nios2-elf/lib/mno-hw-mul/libc.a(lib_a-writer.o)
 .bss           0x000000000800f7e0        0x0 /home/wilywyrm/altera/14.0/nios2eds/bin/gnu/H-x86_64-pc-linux-gnu/bin/../lib/gcc/nios2-elf/4.7.3/../../../../../H-x86_64-pc-linux-gnu/nios2-elf/lib/mno-hw-mul/libc.a(lib_a-callocr.o)
 .bss           0x000000000800f7e0        0x0 /home/wilywyrm/altera/14.0/nios2eds/bin/gnu/H-x86_64-pc-linux-gnu/bin/../lib/gcc/nios2-elf/4.7.3/../../../../../H-x86_64-pc-linux-gnu/nios2-elf/lib/mno-hw-mul/libc.a(lib_a-closer.o)
 .bss           0x000000000800f7e0        0x0 /home/wilywyrm/altera/14.0/nios2eds/bin/gnu/H-x86_64-pc-linux-gnu/bin/../lib/gcc/nios2-elf/4.7.3/../../../../../H-x86_64-pc-linux-gnu/nios2-elf/lib/mno-hw-mul/libc.a(lib_a-fclose.o)
 .bss           0x000000000800f7e0        0x0 /home/wilywyrm/altera/14.0/nios2eds/bin/gnu/H-x86_64-pc-linux-gnu/bin/../lib/gcc/nios2-elf/4.7.3/../../../../../H-x86_64-pc-linux-gnu/nios2-elf/lib/mno-hw-mul/libc.a(lib_a-fstatr.o)
 .bss           0x000000000800f7e0        0x0 /home/wilywyrm/altera/14.0/nios2eds/bin/gnu/H-x86_64-pc-linux-gnu/bin/../lib/gcc/nios2-elf/4.7.3/../../../../../H-x86_64-pc-linux-gnu/nios2-elf/lib/mno-hw-mul/libc.a(lib_a-isattyr.o)
 .bss           0x000000000800f7e0        0x0 /home/wilywyrm/altera/14.0/nios2eds/bin/gnu/H-x86_64-pc-linux-gnu/bin/../lib/gcc/nios2-elf/4.7.3/../../../../../H-x86_64-pc-linux-gnu/nios2-elf/lib/mno-hw-mul/libc.a(lib_a-lseekr.o)
 .bss           0x000000000800f7e0        0x0 /home/wilywyrm/altera/14.0/nios2eds/bin/gnu/H-x86_64-pc-linux-gnu/bin/../lib/gcc/nios2-elf/4.7.3/../../../../../H-x86_64-pc-linux-gnu/nios2-elf/lib/mno-hw-mul/libc.a(lib_a-readr.o)
 .bss           0x000000000800f7e0        0x0 /home/wilywyrm/altera/14.0/nios2eds/bin/gnu/H-x86_64-pc-linux-gnu/bin/../lib/gcc/nios2-elf/4.7.3/mno-hw-mul/libgcc.a(_udivdi3.o)
 .bss           0x000000000800f7e0        0x0 /home/wilywyrm/altera/14.0/nios2eds/bin/gnu/H-x86_64-pc-linux-gnu/bin/../lib/gcc/nios2-elf/4.7.3/mno-hw-mul/libgcc.a(_umoddi3.o)
 .bss           0x000000000800f7e0        0x0 /home/wilywyrm/altera/14.0/nios2eds/bin/gnu/H-x86_64-pc-linux-gnu/bin/../lib/gcc/nios2-elf/4.7.3/mno-hw-mul/libgcc.a(_addsub_df.o)
 .bss           0x000000000800f7e0        0x0 /home/wilywyrm/altera/14.0/nios2eds/bin/gnu/H-x86_64-pc-linux-gnu/bin/../lib/gcc/nios2-elf/4.7.3/mno-hw-mul/libgcc.a(_mul_df.o)
 .bss           0x000000000800f7e0        0x0 /home/wilywyrm/altera/14.0/nios2eds/bin/gnu/H-x86_64-pc-linux-gnu/bin/../lib/gcc/nios2-elf/4.7.3/mno-hw-mul/libgcc.a(_div_df.o)
 .bss           0x000000000800f7e0        0x0 /home/wilywyrm/altera/14.0/nios2eds/bin/gnu/H-x86_64-pc-linux-gnu/bin/../lib/gcc/nios2-elf/4.7.3/mno-hw-mul/libgcc.a(_eq_df.o)
 .bss           0x000000000800f7e0        0x0 /home/wilywyrm/altera/14.0/nios2eds/bin/gnu/H-x86_64-pc-linux-gnu/bin/../lib/gcc/nios2-elf/4.7.3/mno-hw-mul/libgcc.a(_ne_df.o)
 .bss           0x000000000800f7e0        0x0 /home/wilywyrm/altera/14.0/nios2eds/bin/gnu/H-x86_64-pc-linux-gnu/bin/../lib/gcc/nios2-elf/4.7.3/mno-hw-mul/libgcc.a(_gt_df.o)
 .bss           0x000000000800f7e0        0x0 /home/wilywyrm/altera/14.0/nios2eds/bin/gnu/H-x86_64-pc-linux-gnu/bin/../lib/gcc/nios2-elf/4.7.3/mno-hw-mul/libgcc.a(_ge_df.o)
 .bss           0x000000000800f7e0        0x0 /home/wilywyrm/altera/14.0/nios2eds/bin/gnu/H-x86_64-pc-linux-gnu/bin/../lib/gcc/nios2-elf/4.7.3/mno-hw-mul/libgcc.a(_lt_df.o)
 .bss           0x000000000800f7e0        0x0 /home/wilywyrm/altera/14.0/nios2eds/bin/gnu/H-x86_64-pc-linux-gnu/bin/../lib/gcc/nios2-elf/4.7.3/mno-hw-mul/libgcc.a(_si_to_df.o)
 .bss           0x000000000800f7e0        0x0 /home/wilywyrm/altera/14.0/nios2eds/bin/gnu/H-x86_64-pc-linux-gnu/bin/../lib/gcc/nios2-elf/4.7.3/mno-hw-mul/libgcc.a(_df_to_si.o)
 .bss           0x000000000800f7e0        0x0 /home/wilywyrm/altera/14.0/nios2eds/bin/gnu/H-x86_64-pc-linux-gnu/bin/../lib/gcc/nios2-elf/4.7.3/mno-hw-mul/libgcc.a(_thenan_df.o)
 .bss           0x000000000800f7e0        0x0 /home/wilywyrm/altera/14.0/nios2eds/bin/gnu/H-x86_64-pc-linux-gnu/bin/../lib/gcc/nios2-elf/4.7.3/mno-hw-mul/libgcc.a(_usi_to_df.o)
 .bss           0x000000000800f7e0        0x0 /home/wilywyrm/altera/14.0/nios2eds/bin/gnu/H-x86_64-pc-linux-gnu/bin/../lib/gcc/nios2-elf/4.7.3/mno-hw-mul/libgcc.a(lib2-divmod.o)
 .bss           0x000000000800f7e0        0x0 /home/wilywyrm/altera/14.0/nios2eds/bin/gnu/H-x86_64-pc-linux-gnu/bin/../lib/gcc/nios2-elf/4.7.3/mno-hw-mul/libgcc.a(_muldi3.o)
 .bss           0x000000000800f7e0        0x0 /home/wilywyrm/altera/14.0/nios2eds/bin/gnu/H-x86_64-pc-linux-gnu/bin/../lib/gcc/nios2-elf/4.7.3/mno-hw-mul/libgcc.a(_clz.o)
 .bss           0x000000000800f7e0        0x0 /home/wilywyrm/altera/14.0/nios2eds/bin/gnu/H-x86_64-pc-linux-gnu/bin/../lib/gcc/nios2-elf/4.7.3/mno-hw-mul/libgcc.a(_clzsi2.o)
 .bss           0x000000000800f7e0        0x0 /home/wilywyrm/altera/14.0/nios2eds/bin/gnu/H-x86_64-pc-linux-gnu/bin/../lib/gcc/nios2-elf/4.7.3/mno-hw-mul/libgcc.a(_pack_df.o)
 .bss           0x000000000800f7e0        0x0 /home/wilywyrm/altera/14.0/nios2eds/bin/gnu/H-x86_64-pc-linux-gnu/bin/../lib/gcc/nios2-elf/4.7.3/mno-hw-mul/libgcc.a(_unpack_df.o)
 .bss           0x000000000800f7e0        0x0 /home/wilywyrm/altera/14.0/nios2eds/bin/gnu/H-x86_64-pc-linux-gnu/bin/../lib/gcc/nios2-elf/4.7.3/mno-hw-mul/libgcc.a(_fpcmp_parts_df.o)
 .bss           0x000000000800f7e0        0x0 /home/wilywyrm/altera/14.0/nios2eds/bin/gnu/H-x86_64-pc-linux-gnu/bin/../lib/gcc/nios2-elf/4.7.3/mno-hw-mul/libgcc.a(_lshrdi3.o)
 .bss           0x000000000800f7e0        0x0 /home/wilywyrm/altera/14.0/nios2eds/bin/gnu/H-x86_64-pc-linux-gnu/bin/../lib/gcc/nios2-elf/4.7.3/mno-hw-mul/libgcc.a(_ashldi3.o)
 .bss           0x000000000800f7e0        0x0 ../vga_test6_bsp//libhal_bsp.a(alt_close.o)
 .bss           0x000000000800f7e0        0x0 ../vga_test6_bsp//libhal_bsp.a(alt_dev.o)
 .bss           0x000000000800f7e0        0x0 ../vga_test6_bsp//libhal_bsp.a(alt_errno.o)
 .bss           0x000000000800f7e0        0x0 ../vga_test6_bsp//libhal_bsp.a(alt_fstat.o)
 .bss           0x000000000800f7e0        0x0 ../vga_test6_bsp//libhal_bsp.a(alt_isatty.o)
 .bss           0x000000000800f7e0        0x0 ../vga_test6_bsp//libhal_bsp.a(alt_load.o)
 .bss           0x000000000800f7e0        0x0 ../vga_test6_bsp//libhal_bsp.a(alt_lseek.o)
 .bss           0x000000000800f7e0        0x0 ../vga_test6_bsp//libhal_bsp.a(alt_main.o)
 .bss           0x000000000800f7e0        0x0 ../vga_test6_bsp//libhal_bsp.a(alt_malloc_lock.o)
 .bss           0x000000000800f7e0        0x0 ../vga_test6_bsp//libhal_bsp.a(alt_read.o)
 .bss           0x000000000800f7e0        0x0 ../vga_test6_bsp//libhal_bsp.a(alt_release_fd.o)
 .bss           0x000000000800f7e0        0x0 ../vga_test6_bsp//libhal_bsp.a(alt_sbrk.o)
 .bss           0x000000000800f7e0        0x0 ../vga_test6_bsp//libhal_bsp.a(alt_write.o)
 .bss           0x000000000800f7e0        0x0 ../vga_test6_bsp//libhal_bsp.a(alt_sys_init.o)
 .bss           0x000000000800f7e0        0x0 ../vga_test6_bsp//libhal_bsp.a(altera_up_avalon_video_character_buffer_with_dma.o)
 .bss           0x000000000800f7e0        0x0 ../vga_test6_bsp//libhal_bsp.a(alt_dcache_flush_all.o)
 .bss           0x000000000800f7e0        0x0 ../vga_test6_bsp//libhal_bsp.a(alt_dev_llist_insert.o)
 .bss           0x000000000800f7e0        0x0 ../vga_test6_bsp//libhal_bsp.a(alt_do_ctors.o)
 .bss           0x000000000800f7e0        0x0 ../vga_test6_bsp//libhal_bsp.a(alt_do_dtors.o)
 .bss           0x000000000800f7e0        0x0 ../vga_test6_bsp//libhal_bsp.a(alt_find_dev.o)
 .bss           0x000000000800f7e0        0x0 ../vga_test6_bsp//libhal_bsp.a(alt_icache_flush_all.o)
 .bss           0x000000000800f7e0        0x0 ../vga_test6_bsp//libhal_bsp.a(altera_nios2_qsys_irq.o)
 .bss           0x000000000800f7e0        0x0 /home/wilywyrm/altera/14.0/nios2eds/bin/gnu/H-x86_64-pc-linux-gnu/bin/../lib/gcc/nios2-elf/4.7.3/../../../../../H-x86_64-pc-linux-gnu/nios2-elf/lib/mno-hw-mul/libc.a(lib_a-atexit.o)
 .bss           0x000000000800f7e0        0x0 /home/wilywyrm/altera/14.0/nios2eds/bin/gnu/H-x86_64-pc-linux-gnu/bin/../lib/gcc/nios2-elf/4.7.3/../../../../../H-x86_64-pc-linux-gnu/nios2-elf/lib/mno-hw-mul/libc.a(lib_a-exit.o)
 .bss           0x000000000800f7e0        0x0 /home/wilywyrm/altera/14.0/nios2eds/bin/gnu/H-x86_64-pc-linux-gnu/bin/../lib/gcc/nios2-elf/4.7.3/../../../../../H-x86_64-pc-linux-gnu/nios2-elf/lib/mno-hw-mul/libc.a(lib_a-memcmp.o)
 .bss           0x000000000800f7e0        0x0 /home/wilywyrm/altera/14.0/nios2eds/bin/gnu/H-x86_64-pc-linux-gnu/bin/../lib/gcc/nios2-elf/4.7.3/../../../../../H-x86_64-pc-linux-gnu/nios2-elf/lib/mno-hw-mul/libc.a(lib_a-__atexit.o)
 .bss           0x000000000800f7e0        0x0 /home/wilywyrm/altera/14.0/nios2eds/bin/gnu/H-x86_64-pc-linux-gnu/bin/../lib/gcc/nios2-elf/4.7.3/../../../../../H-x86_64-pc-linux-gnu/nios2-elf/lib/mno-hw-mul/libc.a(lib_a-__call_atexit.o)
 .bss           0x000000000800f7e0        0x0 ../vga_test6_bsp//libhal_bsp.a(alt_exit.o)
 *(COMMON)
 COMMON         0x000000000800f7e0       0x28 obj/default/main.o
                0x000000000800f7e0                ev
 COMMON         0x000000000800f808      0x190 /home/wilywyrm/altera/14.0/nios2eds/bin/gnu/H-x86_64-pc-linux-gnu/bin/../lib/gcc/nios2-elf/4.7.3/../../../../../H-x86_64-pc-linux-gnu/nios2-elf/lib/mno-hw-mul/libc.a(lib_a-atexit.o)
                0x000000000800f808                _atexit0
                0x000000000800f998                . = ALIGN (0x4)
                0x000000000800f998                __bss_end = ABSOLUTE (.)

.sdram_controller_0
                0x000000000800f998        0x0
                0x000000000800f998                PROVIDE (_alt_partition_sdram_controller_0_start, ABSOLUTE (.))
 *(.sdram_controller_0 .sdram_controller_0. sdram_controller_0.*)
                0x000000000800f998                . = ALIGN (0x4)
                0x000000000800f998                PROVIDE (_alt_partition_sdram_controller_0_end, ABSOLUTE (.))
                0x000000000800f998                _end = ABSOLUTE (.)
                0x000000000800f998                end = ABSOLUTE (.)
                0x000000000800f998                __alt_stack_base = ABSOLUTE (.)
                0x000000000800f998                PROVIDE (_alt_partition_sdram_controller_0_load_addr, LOADADDR (.sdram_controller_0))

.stab
 *(.stab)

.stabstr
 *(.stabstr)

.stab.excl
 *(.stab.excl)

.stab.exclstr
 *(.stab.exclstr)

.stab.index
 *(.stab.index)

.stab.indexstr
 *(.stab.indexstr)

.comment        0x0000000000000000       0x23
 *(.comment)
 .comment       0x0000000000000000       0x23 obj/default/display.o
                                         0x24 (size before relaxing)
 .comment       0x0000000000000000       0x24 obj/default/main.o
 .comment       0x0000000000000000       0x24 obj/default/rpg385.o
 .comment       0x0000000000000000       0x24 /home/wilywyrm/altera/14.0/nios2eds/bin/gnu/H-x86_64-pc-linux-gnu/bin/../lib/gcc/nios2-elf/4.7.3/mno-hw-mul/libgcc.a(lib2-mul.o)
 .comment       0x0000000000000000       0x24 /home/wilywyrm/altera/14.0/nios2eds/bin/gnu/H-x86_64-pc-linux-gnu/bin/../lib/gcc/nios2-elf/4.7.3/../../../../../H-x86_64-pc-linux-gnu/nios2-elf/lib/mno-hw-mul/libc.a(lib_a-malloc.o)
 .comment       0x0000000000000000       0x24 /home/wilywyrm/altera/14.0/nios2eds/bin/gnu/H-x86_64-pc-linux-gnu/bin/../lib/gcc/nios2-elf/4.7.3/../../../../../H-x86_64-pc-linux-gnu/nios2-elf/lib/mno-hw-mul/libc.a(lib_a-mallocr.o)
 .comment       0x0000000000000000       0x24 /home/wilywyrm/altera/14.0/nios2eds/bin/gnu/H-x86_64-pc-linux-gnu/bin/../lib/gcc/nios2-elf/4.7.3/../../../../../H-x86_64-pc-linux-gnu/nios2-elf/lib/mno-hw-mul/libc.a(lib_a-memcpy.o)
 .comment       0x0000000000000000       0x24 /home/wilywyrm/altera/14.0/nios2eds/bin/gnu/H-x86_64-pc-linux-gnu/bin/../lib/gcc/nios2-elf/4.7.3/../../../../../H-x86_64-pc-linux-gnu/nios2-elf/lib/mno-hw-mul/libc.a(lib_a-sbrkr.o)
 .comment       0x0000000000000000       0x24 /home/wilywyrm/altera/14.0/nios2eds/bin/gnu/H-x86_64-pc-linux-gnu/bin/../lib/gcc/nios2-elf/4.7.3/../../../../../H-x86_64-pc-linux-gnu/nios2-elf/lib/mno-hw-mul/libc.a(lib_a-sprintf.o)
 .comment       0x0000000000000000       0x24 /home/wilywyrm/altera/14.0/nios2eds/bin/gnu/H-x86_64-pc-linux-gnu/bin/../lib/gcc/nios2-elf/4.7.3/../../../../../H-x86_64-pc-linux-gnu/nios2-elf/lib/mno-hw-mul/libc.a(lib_a-vfprintf.o)
 .comment       0x0000000000000000       0x24 /home/wilywyrm/altera/14.0/nios2eds/bin/gnu/H-x86_64-pc-linux-gnu/bin/../lib/gcc/nios2-elf/4.7.3/../../../../../H-x86_64-pc-linux-gnu/nios2-elf/lib/mno-hw-mul/libc.a(lib_a-wsetup.o)
 .comment       0x0000000000000000       0x24 /home/wilywyrm/altera/14.0/nios2eds/bin/gnu/H-x86_64-pc-linux-gnu/bin/../lib/gcc/nios2-elf/4.7.3/../../../../../H-x86_64-pc-linux-gnu/nios2-elf/lib/mno-hw-mul/libc.a(lib_a-dtoa.o)
 .comment       0x0000000000000000       0x24 /home/wilywyrm/altera/14.0/nios2eds/bin/gnu/H-x86_64-pc-linux-gnu/bin/../lib/gcc/nios2-elf/4.7.3/../../../../../H-x86_64-pc-linux-gnu/nios2-elf/lib/mno-hw-mul/libc.a(lib_a-fflush.o)
 .comment       0x0000000000000000       0x24 /home/wilywyrm/altera/14.0/nios2eds/bin/gnu/H-x86_64-pc-linux-gnu/bin/../lib/gcc/nios2-elf/4.7.3/../../../../../H-x86_64-pc-linux-gnu/nios2-elf/lib/mno-hw-mul/libc.a(lib_a-findfp.o)
 .comment       0x0000000000000000       0x24 /home/wilywyrm/altera/14.0/nios2eds/bin/gnu/H-x86_64-pc-linux-gnu/bin/../lib/gcc/nios2-elf/4.7.3/../../../../../H-x86_64-pc-linux-gnu/nios2-elf/lib/mno-hw-mul/libc.a(lib_a-freer.o)
 .comment       0x0000000000000000       0x24 /home/wilywyrm/altera/14.0/nios2eds/bin/gnu/H-x86_64-pc-linux-gnu/bin/../lib/gcc/nios2-elf/4.7.3/../../../../../H-x86_64-pc-linux-gnu/nios2-elf/lib/mno-hw-mul/libc.a(lib_a-fvwrite.o)
 .comment       0x0000000000000000       0x24 /home/wilywyrm/altera/14.0/nios2eds/bin/gnu/H-x86_64-pc-linux-gnu/bin/../lib/gcc/nios2-elf/4.7.3/../../../../../H-x86_64-pc-linux-gnu/nios2-elf/lib/mno-hw-mul/libc.a(lib_a-fwalk.o)
 .comment       0x0000000000000000       0x24 /home/wilywyrm/altera/14.0/nios2eds/bin/gnu/H-x86_64-pc-linux-gnu/bin/../lib/gcc/nios2-elf/4.7.3/../../../../../H-x86_64-pc-linux-gnu/nios2-elf/lib/mno-hw-mul/libc.a(lib_a-impure.o)
 .comment       0x0000000000000000       0x24 /home/wilywyrm/altera/14.0/nios2eds/bin/gnu/H-x86_64-pc-linux-gnu/bin/../lib/gcc/nios2-elf/4.7.3/../../../../../H-x86_64-pc-linux-gnu/nios2-elf/lib/mno-hw-mul/libc.a(lib_a-int_errno.o)
 .comment       0x0000000000000000       0x24 /home/wilywyrm/altera/14.0/nios2eds/bin/gnu/H-x86_64-pc-linux-gnu/bin/../lib/gcc/nios2-elf/4.7.3/../../../../../H-x86_64-pc-linux-gnu/nios2-elf/lib/mno-hw-mul/libc.a(lib_a-locale.o)
 .comment       0x0000000000000000       0x24 /home/wilywyrm/altera/14.0/nios2eds/bin/gnu/H-x86_64-pc-linux-gnu/bin/../lib/gcc/nios2-elf/4.7.3/../../../../../H-x86_64-pc-linux-gnu/nios2-elf/lib/mno-hw-mul/libc.a(lib_a-makebuf.o)
 .comment       0x0000000000000000       0x24 /home/wilywyrm/altera/14.0/nios2eds/bin/gnu/H-x86_64-pc-linux-gnu/bin/../lib/gcc/nios2-elf/4.7.3/../../../../../H-x86_64-pc-linux-gnu/nios2-elf/lib/mno-hw-mul/libc.a(lib_a-memchr.o)
 .comment       0x0000000000000000       0x24 /home/wilywyrm/altera/14.0/nios2eds/bin/gnu/H-x86_64-pc-linux-gnu/bin/../lib/gcc/nios2-elf/4.7.3/../../../../../H-x86_64-pc-linux-gnu/nios2-elf/lib/mno-hw-mul/libc.a(lib_a-memmove.o)
 .comment       0x0000000000000000       0x24 /home/wilywyrm/altera/14.0/nios2eds/bin/gnu/H-x86_64-pc-linux-gnu/bin/../lib/gcc/nios2-elf/4.7.3/../../../../../H-x86_64-pc-linux-gnu/nios2-elf/lib/mno-hw-mul/libc.a(lib_a-memset.o)
 .comment       0x0000000000000000       0x24 /home/wilywyrm/altera/14.0/nios2eds/bin/gnu/H-x86_64-pc-linux-gnu/bin/../lib/gcc/nios2-elf/4.7.3/../../../../../H-x86_64-pc-linux-gnu/nios2-elf/lib/mno-hw-mul/libc.a(lib_a-mprec.o)
 .comment       0x0000000000000000       0x24 /home/wilywyrm/altera/14.0/nios2eds/bin/gnu/H-x86_64-pc-linux-gnu/bin/../lib/gcc/nios2-elf/4.7.3/../../../../../H-x86_64-pc-linux-gnu/nios2-elf/lib/mno-hw-mul/libc.a(lib_a-reallocr.o)
 .comment       0x0000000000000000       0x24 /home/wilywyrm/altera/14.0/nios2eds/bin/gnu/H-x86_64-pc-linux-gnu/bin/../lib/gcc/nios2-elf/4.7.3/../../../../../H-x86_64-pc-linux-gnu/nios2-elf/lib/mno-hw-mul/libc.a(lib_a-s_isinfd.o)
 .comment       0x0000000000000000       0x24 /home/wilywyrm/altera/14.0/nios2eds/bin/gnu/H-x86_64-pc-linux-gnu/bin/../lib/gcc/nios2-elf/4.7.3/../../../../../H-x86_64-pc-linux-gnu/nios2-elf/lib/mno-hw-mul/libc.a(lib_a-s_isnand.o)
 .comment       0x0000000000000000       0x24 /home/wilywyrm/altera/14.0/nios2eds/bin/gnu/H-x86_64-pc-linux-gnu/bin/../lib/gcc/nios2-elf/4.7.3/../../../../../H-x86_64-pc-linux-gnu/nios2-elf/lib/mno-hw-mul/libc.a(lib_a-stdio.o)
 .comment       0x0000000000000000       0x24 /home/wilywyrm/altera/14.0/nios2eds/bin/gnu/H-x86_64-pc-linux-gnu/bin/../lib/gcc/nios2-elf/4.7.3/../../../../../H-x86_64-pc-linux-gnu/nios2-elf/lib/mno-hw-mul/libc.a(lib_a-strcmp.o)
 .comment       0x0000000000000000       0x24 /home/wilywyrm/altera/14.0/nios2eds/bin/gnu/H-x86_64-pc-linux-gnu/bin/../lib/gcc/nios2-elf/4.7.3/../../../../../H-x86_64-pc-linux-gnu/nios2-elf/lib/mno-hw-mul/libc.a(lib_a-strlen.o)
 .comment       0x0000000000000000       0x24 /home/wilywyrm/altera/14.0/nios2eds/bin/gnu/H-x86_64-pc-linux-gnu/bin/../lib/gcc/nios2-elf/4.7.3/../../../../../H-x86_64-pc-linux-gnu/nios2-elf/lib/mno-hw-mul/libc.a(lib_a-writer.o)
 .comment       0x0000000000000000       0x24 /home/wilywyrm/altera/14.0/nios2eds/bin/gnu/H-x86_64-pc-linux-gnu/bin/../lib/gcc/nios2-elf/4.7.3/../../../../../H-x86_64-pc-linux-gnu/nios2-elf/lib/mno-hw-mul/libc.a(lib_a-callocr.o)
 .comment       0x0000000000000000       0x24 /home/wilywyrm/altera/14.0/nios2eds/bin/gnu/H-x86_64-pc-linux-gnu/bin/../lib/gcc/nios2-elf/4.7.3/../../../../../H-x86_64-pc-linux-gnu/nios2-elf/lib/mno-hw-mul/libc.a(lib_a-closer.o)
 .comment       0x0000000000000000       0x24 /home/wilywyrm/altera/14.0/nios2eds/bin/gnu/H-x86_64-pc-linux-gnu/bin/../lib/gcc/nios2-elf/4.7.3/../../../../../H-x86_64-pc-linux-gnu/nios2-elf/lib/mno-hw-mul/libc.a(lib_a-fclose.o)
 .comment       0x0000000000000000       0x24 /home/wilywyrm/altera/14.0/nios2eds/bin/gnu/H-x86_64-pc-linux-gnu/bin/../lib/gcc/nios2-elf/4.7.3/../../../../../H-x86_64-pc-linux-gnu/nios2-elf/lib/mno-hw-mul/libc.a(lib_a-fstatr.o)
 .comment       0x0000000000000000       0x24 /home/wilywyrm/altera/14.0/nios2eds/bin/gnu/H-x86_64-pc-linux-gnu/bin/../lib/gcc/nios2-elf/4.7.3/../../../../../H-x86_64-pc-linux-gnu/nios2-elf/lib/mno-hw-mul/libc.a(lib_a-isattyr.o)
 .comment       0x0000000000000000       0x24 /home/wilywyrm/altera/14.0/nios2eds/bin/gnu/H-x86_64-pc-linux-gnu/bin/../lib/gcc/nios2-elf/4.7.3/../../../../../H-x86_64-pc-linux-gnu/nios2-elf/lib/mno-hw-mul/libc.a(lib_a-lseekr.o)
 .comment       0x0000000000000000       0x24 /home/wilywyrm/altera/14.0/nios2eds/bin/gnu/H-x86_64-pc-linux-gnu/bin/../lib/gcc/nios2-elf/4.7.3/../../../../../H-x86_64-pc-linux-gnu/nios2-elf/lib/mno-hw-mul/libc.a(lib_a-readr.o)
 .comment       0x0000000000000000       0x24 /home/wilywyrm/altera/14.0/nios2eds/bin/gnu/H-x86_64-pc-linux-gnu/bin/../lib/gcc/nios2-elf/4.7.3/mno-hw-mul/libgcc.a(_udivdi3.o)
 .comment       0x0000000000000000       0x24 /home/wilywyrm/altera/14.0/nios2eds/bin/gnu/H-x86_64-pc-linux-gnu/bin/../lib/gcc/nios2-elf/4.7.3/mno-hw-mul/libgcc.a(_umoddi3.o)
 .comment       0x0000000000000000       0x24 /home/wilywyrm/altera/14.0/nios2eds/bin/gnu/H-x86_64-pc-linux-gnu/bin/../lib/gcc/nios2-elf/4.7.3/mno-hw-mul/libgcc.a(_addsub_df.o)
 .comment       0x0000000000000000       0x24 /home/wilywyrm/altera/14.0/nios2eds/bin/gnu/H-x86_64-pc-linux-gnu/bin/../lib/gcc/nios2-elf/4.7.3/mno-hw-mul/libgcc.a(_mul_df.o)
 .comment       0x0000000000000000       0x24 /home/wilywyrm/altera/14.0/nios2eds/bin/gnu/H-x86_64-pc-linux-gnu/bin/../lib/gcc/nios2-elf/4.7.3/mno-hw-mul/libgcc.a(_div_df.o)
 .comment       0x0000000000000000       0x24 /home/wilywyrm/altera/14.0/nios2eds/bin/gnu/H-x86_64-pc-linux-gnu/bin/../lib/gcc/nios2-elf/4.7.3/mno-hw-mul/libgcc.a(_eq_df.o)
 .comment       0x0000000000000000       0x24 /home/wilywyrm/altera/14.0/nios2eds/bin/gnu/H-x86_64-pc-linux-gnu/bin/../lib/gcc/nios2-elf/4.7.3/mno-hw-mul/libgcc.a(_ne_df.o)
 .comment       0x0000000000000000       0x24 /home/wilywyrm/altera/14.0/nios2eds/bin/gnu/H-x86_64-pc-linux-gnu/bin/../lib/gcc/nios2-elf/4.7.3/mno-hw-mul/libgcc.a(_gt_df.o)
 .comment       0x0000000000000000       0x24 /home/wilywyrm/altera/14.0/nios2eds/bin/gnu/H-x86_64-pc-linux-gnu/bin/../lib/gcc/nios2-elf/4.7.3/mno-hw-mul/libgcc.a(_ge_df.o)
 .comment       0x0000000000000000       0x24 /home/wilywyrm/altera/14.0/nios2eds/bin/gnu/H-x86_64-pc-linux-gnu/bin/../lib/gcc/nios2-elf/4.7.3/mno-hw-mul/libgcc.a(_lt_df.o)
 .comment       0x0000000000000000       0x24 /home/wilywyrm/altera/14.0/nios2eds/bin/gnu/H-x86_64-pc-linux-gnu/bin/../lib/gcc/nios2-elf/4.7.3/mno-hw-mul/libgcc.a(_si_to_df.o)
 .comment       0x0000000000000000       0x24 /home/wilywyrm/altera/14.0/nios2eds/bin/gnu/H-x86_64-pc-linux-gnu/bin/../lib/gcc/nios2-elf/4.7.3/mno-hw-mul/libgcc.a(_df_to_si.o)
 .comment       0x0000000000000000       0x24 /home/wilywyrm/altera/14.0/nios2eds/bin/gnu/H-x86_64-pc-linux-gnu/bin/../lib/gcc/nios2-elf/4.7.3/mno-hw-mul/libgcc.a(_thenan_df.o)
 .comment       0x0000000000000000       0x24 /home/wilywyrm/altera/14.0/nios2eds/bin/gnu/H-x86_64-pc-linux-gnu/bin/../lib/gcc/nios2-elf/4.7.3/mno-hw-mul/libgcc.a(_usi_to_df.o)
 .comment       0x0000000000000000       0x24 /home/wilywyrm/altera/14.0/nios2eds/bin/gnu/H-x86_64-pc-linux-gnu/bin/../lib/gcc/nios2-elf/4.7.3/mno-hw-mul/libgcc.a(lib2-divmod.o)
 .comment       0x0000000000000000       0x24 /home/wilywyrm/altera/14.0/nios2eds/bin/gnu/H-x86_64-pc-linux-gnu/bin/../lib/gcc/nios2-elf/4.7.3/mno-hw-mul/libgcc.a(_muldi3.o)
 .comment       0x0000000000000000       0x24 /home/wilywyrm/altera/14.0/nios2eds/bin/gnu/H-x86_64-pc-linux-gnu/bin/../lib/gcc/nios2-elf/4.7.3/mno-hw-mul/libgcc.a(_clz.o)
 .comment       0x0000000000000000       0x24 /home/wilywyrm/altera/14.0/nios2eds/bin/gnu/H-x86_64-pc-linux-gnu/bin/../lib/gcc/nios2-elf/4.7.3/mno-hw-mul/libgcc.a(_clzsi2.o)
 .comment       0x0000000000000000       0x24 /home/wilywyrm/altera/14.0/nios2eds/bin/gnu/H-x86_64-pc-linux-gnu/bin/../lib/gcc/nios2-elf/4.7.3/mno-hw-mul/libgcc.a(_pack_df.o)
 .comment       0x0000000000000000       0x24 /home/wilywyrm/altera/14.0/nios2eds/bin/gnu/H-x86_64-pc-linux-gnu/bin/../lib/gcc/nios2-elf/4.7.3/mno-hw-mul/libgcc.a(_unpack_df.o)
 .comment       0x0000000000000000       0x24 /home/wilywyrm/altera/14.0/nios2eds/bin/gnu/H-x86_64-pc-linux-gnu/bin/../lib/gcc/nios2-elf/4.7.3/mno-hw-mul/libgcc.a(_fpcmp_parts_df.o)
 .comment       0x0000000000000000       0x24 /home/wilywyrm/altera/14.0/nios2eds/bin/gnu/H-x86_64-pc-linux-gnu/bin/../lib/gcc/nios2-elf/4.7.3/mno-hw-mul/libgcc.a(_lshrdi3.o)
 .comment       0x0000000000000000       0x24 /home/wilywyrm/altera/14.0/nios2eds/bin/gnu/H-x86_64-pc-linux-gnu/bin/../lib/gcc/nios2-elf/4.7.3/mno-hw-mul/libgcc.a(_ashldi3.o)
 .comment       0x0000000000000000       0x24 ../vga_test6_bsp//libhal_bsp.a(alt_close.o)
 .comment       0x0000000000000000       0x24 ../vga_test6_bsp//libhal_bsp.a(alt_dev.o)
 .comment       0x0000000000000000       0x24 ../vga_test6_bsp//libhal_bsp.a(alt_errno.o)
 .comment       0x0000000000000000       0x24 ../vga_test6_bsp//libhal_bsp.a(alt_fstat.o)
 .comment       0x0000000000000000       0x24 ../vga_test6_bsp//libhal_bsp.a(alt_isatty.o)
 .comment       0x0000000000000000       0x24 ../vga_test6_bsp//libhal_bsp.a(alt_load.o)
 .comment       0x0000000000000000       0x24 ../vga_test6_bsp//libhal_bsp.a(alt_lseek.o)
 .comment       0x0000000000000000       0x24 ../vga_test6_bsp//libhal_bsp.a(alt_main.o)
 .comment       0x0000000000000000       0x24 ../vga_test6_bsp//libhal_bsp.a(alt_malloc_lock.o)
 .comment       0x0000000000000000       0x24 ../vga_test6_bsp//libhal_bsp.a(alt_read.o)
 .comment       0x0000000000000000       0x24 ../vga_test6_bsp//libhal_bsp.a(alt_release_fd.o)
 .comment       0x0000000000000000       0x24 ../vga_test6_bsp//libhal_bsp.a(alt_sbrk.o)
 .comment       0x0000000000000000       0x24 ../vga_test6_bsp//libhal_bsp.a(alt_write.o)
 .comment       0x0000000000000000       0x24 ../vga_test6_bsp//libhal_bsp.a(alt_sys_init.o)
 .comment       0x0000000000000000       0x24 ../vga_test6_bsp//libhal_bsp.a(altera_up_avalon_video_character_buffer_with_dma.o)
 .comment       0x0000000000000000       0x24 ../vga_test6_bsp//libhal_bsp.a(alt_dcache_flush_all.o)
 .comment       0x0000000000000000       0x24 ../vga_test6_bsp//libhal_bsp.a(alt_dev_llist_insert.o)
 .comment       0x0000000000000000       0x24 ../vga_test6_bsp//libhal_bsp.a(alt_do_ctors.o)
 .comment       0x0000000000000000       0x24 ../vga_test6_bsp//libhal_bsp.a(alt_do_dtors.o)
 .comment       0x0000000000000000       0x24 ../vga_test6_bsp//libhal_bsp.a(alt_find_dev.o)
 .comment       0x0000000000000000       0x24 ../vga_test6_bsp//libhal_bsp.a(alt_icache_flush_all.o)
 .comment       0x0000000000000000       0x24 ../vga_test6_bsp//libhal_bsp.a(altera_nios2_qsys_irq.o)
 .comment       0x0000000000000000       0x24 /home/wilywyrm/altera/14.0/nios2eds/bin/gnu/H-x86_64-pc-linux-gnu/bin/../lib/gcc/nios2-elf/4.7.3/../../../../../H-x86_64-pc-linux-gnu/nios2-elf/lib/mno-hw-mul/libc.a(lib_a-atexit.o)
 .comment       0x0000000000000000       0x24 /home/wilywyrm/altera/14.0/nios2eds/bin/gnu/H-x86_64-pc-linux-gnu/bin/../lib/gcc/nios2-elf/4.7.3/../../../../../H-x86_64-pc-linux-gnu/nios2-elf/lib/mno-hw-mul/libc.a(lib_a-exit.o)
 .comment       0x0000000000000000       0x24 /home/wilywyrm/altera/14.0/nios2eds/bin/gnu/H-x86_64-pc-linux-gnu/bin/../lib/gcc/nios2-elf/4.7.3/../../../../../H-x86_64-pc-linux-gnu/nios2-elf/lib/mno-hw-mul/libc.a(lib_a-memcmp.o)
 .comment       0x0000000000000000       0x24 /home/wilywyrm/altera/14.0/nios2eds/bin/gnu/H-x86_64-pc-linux-gnu/bin/../lib/gcc/nios2-elf/4.7.3/../../../../../H-x86_64-pc-linux-gnu/nios2-elf/lib/mno-hw-mul/libc.a(lib_a-__atexit.o)
 .comment       0x0000000000000000       0x24 /home/wilywyrm/altera/14.0/nios2eds/bin/gnu/H-x86_64-pc-linux-gnu/bin/../lib/gcc/nios2-elf/4.7.3/../../../../../H-x86_64-pc-linux-gnu/nios2-elf/lib/mno-hw-mul/libc.a(lib_a-__call_atexit.o)
 .comment       0x0000000000000000       0x24 ../vga_test6_bsp//libhal_bsp.a(alt_exit.o)

.debug
 *(.debug)

.line
 *(.line)

.debug_srcinfo
 *(.debug_srcinfo)

.debug_sfnames
 *(.debug_sfnames)

.debug_aranges  0x0000000000000000      0xb00
 *(.debug_aranges)
 .debug_aranges
                0x0000000000000000       0x28 ../vga_test6_bsp//obj/HAL/src/crt0.o
 .debug_aranges
                0x0000000000000028       0x20 obj/default/main.o
 .debug_aranges
                0x0000000000000048       0x20 /home/wilywyrm/altera/14.0/nios2eds/bin/gnu/H-x86_64-pc-linux-gnu/bin/../lib/gcc/nios2-elf/4.7.3/mno-hw-mul/libgcc.a(lib2-mul.o)
 .debug_aranges
                0x0000000000000068       0x20 /home/wilywyrm/altera/14.0/nios2eds/bin/gnu/H-x86_64-pc-linux-gnu/bin/../lib/gcc/nios2-elf/4.7.3/../../../../../H-x86_64-pc-linux-gnu/nios2-elf/lib/mno-hw-mul/libc.a(lib_a-malloc.o)
 .debug_aranges
                0x0000000000000088       0x20 /home/wilywyrm/altera/14.0/nios2eds/bin/gnu/H-x86_64-pc-linux-gnu/bin/../lib/gcc/nios2-elf/4.7.3/../../../../../H-x86_64-pc-linux-gnu/nios2-elf/lib/mno-hw-mul/libc.a(lib_a-mallocr.o)
 .debug_aranges
                0x00000000000000a8       0x20 /home/wilywyrm/altera/14.0/nios2eds/bin/gnu/H-x86_64-pc-linux-gnu/bin/../lib/gcc/nios2-elf/4.7.3/../../../../../H-x86_64-pc-linux-gnu/nios2-elf/lib/mno-hw-mul/libc.a(lib_a-memcpy.o)
 .debug_aranges
                0x00000000000000c8       0x20 /home/wilywyrm/altera/14.0/nios2eds/bin/gnu/H-x86_64-pc-linux-gnu/bin/../lib/gcc/nios2-elf/4.7.3/../../../../../H-x86_64-pc-linux-gnu/nios2-elf/lib/mno-hw-mul/libc.a(lib_a-sbrkr.o)
 .debug_aranges
                0x00000000000000e8       0x20 /home/wilywyrm/altera/14.0/nios2eds/bin/gnu/H-x86_64-pc-linux-gnu/bin/../lib/gcc/nios2-elf/4.7.3/../../../../../H-x86_64-pc-linux-gnu/nios2-elf/lib/mno-hw-mul/libc.a(lib_a-sprintf.o)
 .debug_aranges
                0x0000000000000108       0x20 /home/wilywyrm/altera/14.0/nios2eds/bin/gnu/H-x86_64-pc-linux-gnu/bin/../lib/gcc/nios2-elf/4.7.3/../../../../../H-x86_64-pc-linux-gnu/nios2-elf/lib/mno-hw-mul/libc.a(lib_a-vfprintf.o)
 .debug_aranges
                0x0000000000000128       0x20 /home/wilywyrm/altera/14.0/nios2eds/bin/gnu/H-x86_64-pc-linux-gnu/bin/../lib/gcc/nios2-elf/4.7.3/../../../../../H-x86_64-pc-linux-gnu/nios2-elf/lib/mno-hw-mul/libc.a(lib_a-wsetup.o)
 .debug_aranges
                0x0000000000000148       0x20 /home/wilywyrm/altera/14.0/nios2eds/bin/gnu/H-x86_64-pc-linux-gnu/bin/../lib/gcc/nios2-elf/4.7.3/../../../../../H-x86_64-pc-linux-gnu/nios2-elf/lib/mno-hw-mul/libc.a(lib_a-dtoa.o)
 .debug_aranges
                0x0000000000000168       0x20 /home/wilywyrm/altera/14.0/nios2eds/bin/gnu/H-x86_64-pc-linux-gnu/bin/../lib/gcc/nios2-elf/4.7.3/../../../../../H-x86_64-pc-linux-gnu/nios2-elf/lib/mno-hw-mul/libc.a(lib_a-fflush.o)
 .debug_aranges
                0x0000000000000188       0x20 /home/wilywyrm/altera/14.0/nios2eds/bin/gnu/H-x86_64-pc-linux-gnu/bin/../lib/gcc/nios2-elf/4.7.3/../../../../../H-x86_64-pc-linux-gnu/nios2-elf/lib/mno-hw-mul/libc.a(lib_a-findfp.o)
 .debug_aranges
                0x00000000000001a8       0x20 /home/wilywyrm/altera/14.0/nios2eds/bin/gnu/H-x86_64-pc-linux-gnu/bin/../lib/gcc/nios2-elf/4.7.3/../../../../../H-x86_64-pc-linux-gnu/nios2-elf/lib/mno-hw-mul/libc.a(lib_a-freer.o)
 .debug_aranges
                0x00000000000001c8       0x20 /home/wilywyrm/altera/14.0/nios2eds/bin/gnu/H-x86_64-pc-linux-gnu/bin/../lib/gcc/nios2-elf/4.7.3/../../../../../H-x86_64-pc-linux-gnu/nios2-elf/lib/mno-hw-mul/libc.a(lib_a-fvwrite.o)
 .debug_aranges
                0x00000000000001e8       0x20 /home/wilywyrm/altera/14.0/nios2eds/bin/gnu/H-x86_64-pc-linux-gnu/bin/../lib/gcc/nios2-elf/4.7.3/../../../../../H-x86_64-pc-linux-gnu/nios2-elf/lib/mno-hw-mul/libc.a(lib_a-fwalk.o)
 .debug_aranges
                0x0000000000000208       0x18 /home/wilywyrm/altera/14.0/nios2eds/bin/gnu/H-x86_64-pc-linux-gnu/bin/../lib/gcc/nios2-elf/4.7.3/../../../../../H-x86_64-pc-linux-gnu/nios2-elf/lib/mno-hw-mul/libc.a(lib_a-impure.o)
 .debug_aranges
                0x0000000000000220       0x18 /home/wilywyrm/altera/14.0/nios2eds/bin/gnu/H-x86_64-pc-linux-gnu/bin/../lib/gcc/nios2-elf/4.7.3/../../../../../H-x86_64-pc-linux-gnu/nios2-elf/lib/mno-hw-mul/libc.a(lib_a-int_errno.o)
 .debug_aranges
                0x0000000000000238       0x20 /home/wilywyrm/altera/14.0/nios2eds/bin/gnu/H-x86_64-pc-linux-gnu/bin/../lib/gcc/nios2-elf/4.7.3/../../../../../H-x86_64-pc-linux-gnu/nios2-elf/lib/mno-hw-mul/libc.a(lib_a-locale.o)
 .debug_aranges
                0x0000000000000258       0x20 /home/wilywyrm/altera/14.0/nios2eds/bin/gnu/H-x86_64-pc-linux-gnu/bin/../lib/gcc/nios2-elf/4.7.3/../../../../../H-x86_64-pc-linux-gnu/nios2-elf/lib/mno-hw-mul/libc.a(lib_a-makebuf.o)
 .debug_aranges